Archive member included because of file (symbol)

c:/altera/12.0/nios2eds/bin/gnu/h-i686-mingw32/bin/../lib/gcc/nios2-elf/4.1.2\libgcc.a(lib2-divmod.o)
                              obj/default/hello_world.o (__divsi3)
../testVGA_bsp/\libhal_bsp.a(alt_main.o)
                              ../testVGA_bsp//obj/HAL/src/crt0.o (alt_main)
../testVGA_bsp/\libhal_bsp.a(alt_sys_init.o)
                              ../testVGA_bsp/\libhal_bsp.a(alt_main.o) (alt_irq_init)
../testVGA_bsp/\libhal_bsp.a(altera_avalon_cfi_flash.o)
                              ../testVGA_bsp/\libhal_bsp.a(alt_sys_init.o) (alt_flash_cfi_init)
../testVGA_bsp/\libhal_bsp.a(altera_avalon_cfi_flash_table.o)
                              ../testVGA_bsp/\libhal_bsp.a(altera_avalon_cfi_flash.o) (alt_set_flash_width_func)
../testVGA_bsp/\libhal_bsp.a(altera_avalon_epcs_flash_controller.o)
                              ../testVGA_bsp/\libhal_bsp.a(alt_sys_init.o) (alt_epcs_flash_init)
../testVGA_bsp/\libhal_bsp.a(altera_avalon_jtag_uart_fd.o)
                              ../testVGA_bsp/\libhal_bsp.a(alt_sys_init.o) (altera_avalon_jtag_uart_read_fd)
../testVGA_bsp/\libhal_bsp.a(altera_avalon_jtag_uart_init.o)
                              ../testVGA_bsp/\libhal_bsp.a(alt_sys_init.o) (altera_avalon_jtag_uart_init)
../testVGA_bsp/\libhal_bsp.a(altera_avalon_jtag_uart_ioctl.o)
                              ../testVGA_bsp/\libhal_bsp.a(altera_avalon_jtag_uart_fd.o) (altera_avalon_jtag_uart_ioctl)
../testVGA_bsp/\libhal_bsp.a(altera_avalon_jtag_uart_read.o)
                              ../testVGA_bsp/\libhal_bsp.a(altera_avalon_jtag_uart_fd.o) (altera_avalon_jtag_uart_read)
../testVGA_bsp/\libhal_bsp.a(altera_avalon_jtag_uart_write.o)
                              ../testVGA_bsp/\libhal_bsp.a(altera_avalon_jtag_uart_fd.o) (altera_avalon_jtag_uart_write)
../testVGA_bsp/\libhal_bsp.a(altera_avalon_lcd_16207.o)
                              ../testVGA_bsp/\libhal_bsp.a(alt_sys_init.o) (altera_avalon_lcd_16207_init)
../testVGA_bsp/\libhal_bsp.a(altera_avalon_lcd_16207_fd.o)
                              ../testVGA_bsp/\libhal_bsp.a(alt_sys_init.o) (altera_avalon_lcd_16207_write_fd)
../testVGA_bsp/\libhal_bsp.a(altera_avalon_timer_sc.o)
                              ../testVGA_bsp/\libhal_bsp.a(alt_sys_init.o) (alt_avalon_timer_sc_init)
../testVGA_bsp/\libhal_bsp.a(altera_avalon_uart_fd.o)
                              ../testVGA_bsp/\libhal_bsp.a(alt_sys_init.o) (altera_avalon_uart_read_fd)
../testVGA_bsp/\libhal_bsp.a(altera_avalon_uart_init.o)
                              ../testVGA_bsp/\libhal_bsp.a(alt_sys_init.o) (altera_avalon_uart_init)
../testVGA_bsp/\libhal_bsp.a(altera_avalon_uart_read.o)
                              ../testVGA_bsp/\libhal_bsp.a(altera_avalon_uart_fd.o) (altera_avalon_uart_read)
../testVGA_bsp/\libhal_bsp.a(altera_avalon_uart_write.o)
                              ../testVGA_bsp/\libhal_bsp.a(altera_avalon_uart_fd.o) (altera_avalon_uart_write)
../testVGA_bsp/\libhal_bsp.a(epcs_commands.o)
                              ../testVGA_bsp/\libhal_bsp.a(altera_avalon_epcs_flash_controller.o) (epcs_sector_erase)
../testVGA_bsp/\libhal_bsp.a(alt_alarm_start.o)
                              ../testVGA_bsp/\libhal_bsp.a(altera_avalon_jtag_uart_init.o) (alt_alarm_start)
../testVGA_bsp/\libhal_bsp.a(alt_close.o)
                              ../testVGA_bsp/\libhal_bsp.a(alt_main.o) (close)
../testVGA_bsp/\libhal_bsp.a(alt_dcache_flush.o)
                              ../testVGA_bsp/\libhal_bsp.a(altera_avalon_cfi_flash.o) (alt_dcache_flush)
../testVGA_bsp/\libhal_bsp.a(alt_dev.o)
                              ../testVGA_bsp/\libhal_bsp.a(alt_sys_init.o) (alt_dev_list)
../testVGA_bsp/\libhal_bsp.a(alt_dev_llist_insert.o)
                              ../testVGA_bsp/\libhal_bsp.a(alt_sys_init.o) (alt_dev_llist_insert)
../testVGA_bsp/\libhal_bsp.a(alt_do_ctors.o)
                              ../testVGA_bsp/\libhal_bsp.a(alt_main.o) (_do_ctors)
../testVGA_bsp/\libhal_bsp.a(alt_do_dtors.o)
                              ../testVGA_bsp/\libhal_bsp.a(alt_main.o) (_do_dtors)
../testVGA_bsp/\libhal_bsp.a(alt_errno.o)
                              ../testVGA_bsp/\libhal_bsp.a(altera_avalon_uart_read.o) (alt_errno)
../testVGA_bsp/\libhal_bsp.a(alt_flash_dev.o)
                              ../testVGA_bsp/\libhal_bsp.a(altera_avalon_cfi_flash.o) (alt_flash_dev_list)
../testVGA_bsp/\libhal_bsp.a(alt_iic.o)
                              ../testVGA_bsp/\libhal_bsp.a(altera_avalon_jtag_uart_init.o) (alt_ic_isr_register)
../testVGA_bsp/\libhal_bsp.a(alt_iic_isr_register.o)
                              ../testVGA_bsp/\libhal_bsp.a(alt_iic.o) (alt_iic_isr_register)
../testVGA_bsp/\libhal_bsp.a(alt_io_redirect.o)
                              ../testVGA_bsp/\libhal_bsp.a(alt_main.o) (alt_io_redirect)
../testVGA_bsp/\libhal_bsp.a(alt_irq_entry.o)
                              ../testVGA_bsp/\libhal_bsp.a(alt_iic_isr_register.o) (alt_irq_entry)
[...]
Memory Configuration

Name             Origin             Length             Attributes
reset            0x00400000         0x00000020
cfi_flash_0      0x00400020         0x003fffe0
sram             0x00a80000         0x0007f800
interrupt_stack  0x00aff800         0x00000400
exception_stack  0x00affc00         0x00000400
onchip_memory2_BEFORE_EXCEPTION 0x00b01000         0x00000020
onchip_memory2   0x00b01020         0x00000fe0
epcs             0x00b03800         0x00000800
*default*        0x00000000         0xffffffff

Linker script and memory map

LOAD ../testVGA_bsp//obj/HAL/src/crt0.o
LOAD obj/default/VGA.o
LOAD obj/default/hello_world.o
LOAD c:/altera/12.0/nios2eds/bin/gnu/h-i686-mingw32/bin/../lib/gcc/nios2-elf/4.1.2/../../../../nios2-elf/lib\libstdc++.a
LOAD c:/altera/12.0/nios2eds/bin/gnu/h-i686-mingw32/bin/../lib/gcc/nios2-elf/4.1.2/../../../../nios2-elf/lib\libm.a
LOAD c:/altera/12.0/nios2eds/bin/gnu/h-i686-mingw32/bin/../lib/gcc/nios2-elf/4.1.2\libgcc.a
START GROUP
LOAD c:/altera/12.0/nios2eds/bin/gnu/h-i686-mingw32/bin/../lib/gcc/nios2-elf/4.1.2/../../../../nios2-elf/lib\libc.a
LOAD c:/altera/12.0/nios2eds/bin/gnu/h-i686-mingw32/bin/../lib/gcc/nios2-elf/4.1.2\libgcc.a
LOAD ../testVGA_bsp/\libhal_bsp.a
END GROUP
LOAD c:/altera/12.0/nios2eds/bin/gnu/h-i686-mingw32/bin/../lib/gcc/nios2-elf/4.1.2\libgcc.a
                0x00400000                __alt_mem_cfi_flash_0 = 0x400000
                0x00a80000                __alt_mem_sram = 0xa80000
                0x00b01000                __alt_mem_onchip_memory2 = 0xb01000
                0x00b03800                __alt_mem_epcs = 0xb03800

.entry          0x00400000        0x0
 *(.entry)
 .entry         0x00400000        0x0 ../testVGA_bsp//obj/HAL/src/crt0.o
                0x00400000                __reset

.exceptions     0x00b01020      0x1a0
                0x00b01020                PROVIDE (__ram_exceptions_start, ABSOLUTE (.))
                0x00b01020                . = ALIGN (0x20)
 *(.irq)
 *(.exceptions.entry.label)
 .exceptions.entry.label
                0x00b01020        0x0 ../testVGA_bsp/\libhal_bsp.a(alt_irq_entry.o)
                0x00b01020                alt_irq_entry
 .exceptions.entry.label
                0x00b01020        0x0 ../testVGA_bsp/\libhal_bsp.a(alt_exception_entry.o)
                0x00b01020                alt_exception
 *(.exceptions.entry.user)
 *(.exceptions.entry)
 .exceptions.entry
                0x00b01020       0x60 ../testVGA_bsp/\libhal_bsp.a(alt_exception_entry.o)
 *(.exceptions.irqtest.user)
 *(.exceptions.irqtest)
 .exceptions.irqtest
                0x00b01080       0x10 ../testVGA_bsp/\libhal_bsp.a(alt_irq_entry.o)
 *(.exceptions.irqhandler.user)
 *(.exceptions.irqhandler)
 .exceptions.irqhandler
                0x00b01090        0x4 ../testVGA_bsp/\libhal_bsp.a(alt_irq_entry.o)
 *(.exceptions.irqreturn.user)
 *(.exceptions.irqreturn)
 .exceptions.irqreturn
                0x00b01094        0x4 ../testVGA_bsp/\libhal_bsp.a(alt_irq_entry.o)
 *(.exceptions.notirq.label)
 .exceptions.notirq.label
                0x00b01098        0x0 ../testVGA_bsp/\libhal_bsp.a(alt_irq_entry.o)
 *(.exceptions.notirq.user)
 *(.exceptions.notirq)
 .exceptions.notirq
                0x00b01098        0x8 ../testVGA_bsp/\libhal_bsp.a(alt_exception_entry.o)
 *(.exceptions.soft.user)
 *(.exceptions.soft)
 *(.exceptions.unknown.user)
 *(.exceptions.unknown)
 .exceptions.unknown
                0x00b010a0        0x4 ../testVGA_bsp/\libhal_bsp.a(alt_exception_entry.o)
 *(.exceptions.exit.label)
 .exceptions.exit.label
                0x00b010a4        0x0 ../testVGA_bsp/\libhal_bsp.a(alt_irq_entry.o)
 .exceptions.exit.label
                0x00b010a4        0x0 ../testVGA_bsp/\libhal_bsp.a(alt_exception_entry.o)
 *(.exceptions.exit.user)
 *(.exceptions.exit)
 .exceptions.exit
                0x00b010a4       0x54 ../testVGA_bsp/\libhal_bsp.a(alt_exception_entry.o)
 *(.exceptions)
 .exceptions    0x00b010f8       0xc8 ../testVGA_bsp/\libhal_bsp.a(alt_irq_handler.o)
                0x00b010f8                alt_irq_handler
                0x00b011c0                PROVIDE (__ram_exceptions_end, ABSOLUTE (.))
                0x00b01020                PROVIDE (__flash_exceptions_start, LOADADDR (.exceptions))

.text           0x00a80000     0x77f8
                0x00a80000                PROVIDE (stext, ABSOLUTE (.))
 *(.interp)
 *(.hash)
 *(.dynsym)
 *(.dynstr)
 *(.gnu.version)
 *(.gnu.version_d)
 *(.gnu.version_r)
 *(.rel.init)
 *(.rela.init)
 *(.rel.text .rel.text.* .rel.gnu.linkonce.t.*)
 *(.rela.text .rela.text.* .rela.gnu.linkonce.t.*)
 *(.rel.fini)
 *(.rela.fini)
 *(.rel.rodata .rel.rodata.* .rel.gnu.linkonce.r.*)
 *(.rela.rodata .rela.rodata.* .rela.gnu.linkonce.r.*)
 *(.rel.data .rel.data.* .rel.gnu.linkonce.d.*)
 *(.rela.data .rela.data.* .rela.gnu.linkonce.d.*)
 *(.rel.tdata .rel.tdata.* .rel.gnu.linkonce.td.*)
 *(.rela.tdata .rela.tdata.* .rela.gnu.linkonce.td.*)
 *(.rel.tbss .rel.tbss.* .rel.gnu.linkonce.tb.*)
 *(.rela.tbss .rela.tbss.* .rela.gnu.linkonce.tb.*)
 *(.rel.ctors)
 *(.rela.ctors)
 *(.rel.dtors)
 *(.rela.dtors)
 *(.rel.got)
 *(.rela.got)
 *(.rel.sdata .rel.sdata.* .rel.gnu.linkonce.s.*)
 *(.rela.sdata .rela.sdata.* .rela.gnu.linkonce.s.*)
 *(.rel.sbss .rel.sbss.* .rel.gnu.linkonce.sb.*)
 *(.rela.sbss .rela.sbss.* .rela.gnu.linkonce.sb.*)
 *(.rel.sdata2 .rel.sdata2.* .rel.gnu.linkonce.s2.*)
 *(.rela.sdata2 .rela.sdata2.* .rela.gnu.linkonce.s2.*)
 *(.rel.sbss2 .rel.sbss2.* .rel.gnu.linkonce.sb2.*)
 *(.rela.sbss2 .rela.sbss2.* .rela.gnu.linkonce.sb2.*)
 *(.rel.bss .rel.bss.* .rel.gnu.linkonce.b.*)
 *(.rela.bss .rela.bss.* .rela.gnu.linkonce.b.*)
 *(.rel.plt)
 *(.rela.plt)
 *(.rel.dyn)
 *(.init)
 *(.plt)
 *(.text .stub .text.* .gnu.linkonce.t.*)
 .text          0x00a80000       0x38 ../testVGA_bsp//obj/HAL/src/crt0.o
                0x00a80000                _start
 .text          0x00a80038      0x14c obj/default/VGA.o
                0x00a80038                Set_Cursor_XY
                0x00a8007c                Set_Cursor_Color
                0x00a800d4                Set_Pixel_On_Color
                0x00a8012c                Set_Pixel_Off_Color
 .text          0x00a80184      0x130 obj/default/hello_world.o
                0x00a80184                main
 .text          0x00a802b4      0x14c c:/altera/12.0/nios2eds/bin/gnu/h-i686-mingw32/bin/../lib/gcc/nios2-elf/4.1.2\libgcc.a(lib2-divmod.o)
                0x00a80330                __divsi3
                0x00a80390                __modsi3
                0x00a803f0                __udivsi3
                0x00a803f8                __umodsi3
 .text          0x00a80400       0x6c ../testVGA_bsp/\libhal_bsp.a(alt_main.o)
                0x00a80400                alt_main
 .text          0x00a8046c      0x118 ../testVGA_bsp/\libhal_bsp.a(alt_sys_init.o)
                0x00a8046c                alt_irq_init
                0x00a804a0                alt_sys_init
 .text          0x00a80584      0x8c8 ../testVGA_bsp/\libhal_bsp.a(altera_avalon_cfi_flash.o)
                0x00a80584                alt_flash_cfi_init
                0x00a80658                alt_flash_cfi_write
                0x00a80918                alt_flash_cfi_get_info
                0x00a809a8                alt_flash_cfi_read
                0x00a80a10                alt_write_value_to_flash
                0x00a80b74                alt_flash_program_block
 .text          0x00a80e4c     0x1448 ../testVGA_bsp/\libhal_bsp.a(altera_avalon_cfi_flash_table.o)
                0x00a80e4c                alt_read_query_entry_8bit
                0x00a80e8c                alt_read_query_entry_16bit
                0x00a80ed0                alt_read_query_entry_32bit
                0x00a80f18                alt_write_flash_command_8bit_device_8bit_mode
                0x00a80f54                alt_write_flash_command_16bit_device_8bit_mode
                0x00a80fd0                alt_write_flash_command_32bit_device_8bit_mode
                0x00a81018                alt_write_flash_command_16bit_device_16bit_mode
                0x00a8105c                alt_write_flash_command_32bit_device_16bit_mode
                0x00a810a4                alt_write_flash_command_32bit_device_32bit_mode
                0x00a810ec                alt_write_native_8bit
                0x00a81120                alt_write_native_16bit
                0x00a81154                alt_write_native_32bit
                0x00a81184                alt_set_flash_width_func
                0x00a81364                alt_set_flash_algorithm_func
                0x00a8148c                alt_read_cfi_table
                0x00a81a0c                alt_read_cfi_width
                0x00a821b8                alt_check_primary_table
 .text          0x00a82294      0x934 ../testVGA_bsp/\libhal_bsp.a(altera_avalon_epcs_flash_controller.o)
                0x00a82294                alt_epcs_flash_init
                0x00a82614                alt_epcs_flash_write
                0x00a82894                alt_epcs_flash_get_info
                0x00a82924                alt_epcs_flash_erase_block
                0x00a82a2c                alt_epcs_flash_write_block
                0x00a82b3c                alt_epcs_flash_read
 .text          0x00a82bc8      0x148 ../testVGA_bsp/\libhal_bsp.a(altera_avalon_jtag_uart_fd.o)
                0x00a82bc8                altera_avalon_jtag_uart_read_fd
                0x00a82c20                altera_avalon_jtag_uart_write_fd
                0x00a82c78                altera_avalon_jtag_uart_close_fd
                0x00a82cc0                altera_avalon_jtag_uart_ioctl_fd
 .text          0x00a82d10      0x40c ../testVGA_bsp/\libhal_bsp.a(altera_avalon_jtag_uart_init.o)
                0x00a82d10                altera_avalon_jtag_uart_init
                0x00a830a8                altera_avalon_jtag_uart_close
 .text          0x00a8311c       0xf4 ../testVGA_bsp/\libhal_bsp.a(altera_avalon_jtag_uart_ioctl.o)
                0x00a8311c                altera_avalon_jtag_uart_ioctl
 .text          0x00a83210      0x224 ../testVGA_bsp/\libhal_bsp.a(altera_avalon_jtag_uart_read.o)
                0x00a83210                altera_avalon_jtag_uart_read
 .text          0x00a83434      0x240 ../testVGA_bsp/\libhal_bsp.a(altera_avalon_jtag_uart_write.o)
                0x00a83434                altera_avalon_jtag_uart_write
 .text          0x00a83674      0xee8 ../testVGA_bsp/\libhal_bsp.a(altera_avalon_lcd_16207.o)
                0x00a83e48                altera_avalon_lcd_16207_write
                0x00a84420                altera_avalon_lcd_16207_init
 .text          0x00a8455c       0x58 ../testVGA_bsp/\libhal_bsp.a(altera_avalon_lcd_16207_fd.o)
                0x00a8455c                altera_avalon_lcd_16207_write_fd
 .text          0x00a845b4      0x100 ../testVGA_bsp/\libhal_bsp.a(altera_avalon_timer_sc.o)
                0x00a84624                alt_avalon_timer_sc_init
 .text          0x00a846b4       0xf8 ../testVGA_bsp/\libhal_bsp.a(altera_avalon_uart_fd.o)
                0x00a846b4                altera_avalon_uart_read_fd
                0x00a8470c                altera_avalon_uart_write_fd
                0x00a84764                altera_avalon_uart_close_fd
 .text          0x00a847ac      0x400 ../testVGA_bsp/\libhal_bsp.a(altera_avalon_uart_init.o)
                0x00a847ac                altera_avalon_uart_init
                0x00a84b4c                altera_avalon_uart_close
 .text          0x00a84bac      0x290 ../testVGA_bsp/\libhal_bsp.a(altera_avalon_uart_read.o)
                0x00a84bac                altera_avalon_uart_read
 .text          0x00a84e3c      0x228 ../testVGA_bsp/\libhal_bsp.a(altera_avalon_uart_write.o)
                0x00a84e3c                altera_avalon_uart_write
 .text          0x00a85064      0x460 ../testVGA_bsp/\libhal_bsp.a(epcs_commands.o)
                0x00a85064                epcs_read_status_register
                0x00a850c4                epcs_sector_erase
                0x00a851b0                epcs_read_buffer
                0x00a85264                epcs_write_enable
                0x00a852b4                epcs_write_status_register
                0x00a85318                epcs_write_buffer
                0x00a853f0                epcs_read_electronic_signature
                0x00a8545c                epcs_read_device_id
 .text          0x00a854c4      0x154 ../testVGA_bsp/\libhal_bsp.a(alt_alarm_start.o)
                0x00a854c4                alt_alarm_start
 .text          0x00a85618      0x15c ../testVGA_bsp/\libhal_bsp.a(alt_close.o)
                0x00a85618                close
 .text          0x00a85774       0x24 ../testVGA_bsp/\libhal_bsp.a(alt_dcache_flush.o)
                0x00a85774                alt_dcache_flush
 .text          0x00a85798       0x2c ../testVGA_bsp/\libhal_bsp.a(alt_dev.o)
 .text          0x00a857c4      0x114 ../testVGA_bsp/\libhal_bsp.a(alt_dev_llist_insert.o)
                0x00a857c4                alt_dev_llist_insert
 .text          0x00a858d8       0x64 ../testVGA_bsp/\libhal_bsp.a(alt_do_ctors.o)
                0x00a858d8                _do_ctors
 .text          0x00a8593c       0x64 ../testVGA_bsp/\libhal_bsp.a(alt_do_dtors.o)
                0x00a8593c                _do_dtors
 .text          0x00a859a0        0x0 ../testVGA_bsp/\libhal_bsp.a(alt_errno.o)
 .text          0x00a859a0       0xd0 ../testVGA_bsp/\libhal_bsp.a(alt_flash_dev.o)
                0x00a859a0                alt_flash_open_dev
                0x00a85a1c                alt_flash_close_dev
 .text          0x00a85a70      0x1d4 ../testVGA_bsp/\libhal_bsp.a(alt_iic.o)
                0x00a85a70                alt_ic_isr_register
                0x00a85ac0                alt_ic_irq_enable
                0x00a85b5c                alt_ic_irq_disable
                0x00a85bfc                alt_ic_irq_enabled
 .text          0x00a85c44       0xf8 ../testVGA_bsp/\libhal_bsp.a(alt_iic_isr_register.o)
                0x00a85c44                alt_iic_isr_register
 .text          0x00a85d3c      0x13c ../testVGA_bsp/\libhal_bsp.a(alt_io_redirect.o)
                0x00a85e00                alt_io_redirect
 .text          0x00a85e78        0x0 ../testVGA_bsp/\libhal_bsp.a(alt_irq_entry.o)
 .text          0x00a85e78        0x0 ../testVGA_bsp/\libhal_bsp.a(alt_irq_handler.o)
 .text          0x00a85e78        0x0 ../testVGA_bsp/\libhal_bsp.a(alt_irq_vars.o)
 .text          0x00a85e78      0x2c4 ../testVGA_bsp/\libhal_bsp.a(alt_open.o)
                0x00a85f54                open
 .text          0x00a8613c       0x60 ../testVGA_bsp/\libhal_bsp.a(alt_release_fd.o)
                0x00a8613c                alt_release_fd
 .text          0x00a8619c      0x1a4 ../testVGA_bsp/\libhal_bsp.a(alt_tick.o)
                0x00a8619c                alt_alarm_stop
                0x00a86234                alt_tick
 .text          0x00a86340       0x30 ../testVGA_bsp/\libhal_bsp.a(alt_usleep.o)
                0x00a86340                usleep
 .text          0x00a86370       0x20 ../testVGA_bsp/\libhal_bsp.a(altera_nios2_irq.o)
                0x00a86370                altera_nios2_irq_init
 .text          0x00a86390      0x460 ../testVGA_bsp/\libhal_bsp.a(altera_avalon_cfi_flash_amd.o)
                0x00a86390                alt_program_amd
                0x00a863f8                alt_erase_block_amd
 .text          0x00a867f0      0x460 ../testVGA_bsp/\libhal_bsp.a(altera_avalon_cfi_flash_intel.o)
                0x00a867f0                alt_program_intel
                0x00a86874                alt_erase_block_intel
 .text          0x00a86c50      0x238 ../testVGA_bsp/\libhal_bsp.a(altera_avalon_spi.o)
                0x00a86c50                alt_avalon_spi_command
 .text          0x00a86e88      0x14c ../testVGA_bsp/\libhal_bsp.a(alt_busy_sleep.o)
                0x00a86e88                alt_busy_sleep
 .text          0x00a86fd4        0x0 ../testVGA_bsp/\libhal_bsp.a(alt_exception_entry.o)
 .text          0x00a86fd4       0x94 ../testVGA_bsp/\libhal_bsp.a(alt_find_dev.o)
                0x00a86fd4                alt_find_dev
 .text          0x00a87068      0x120 ../testVGA_bsp/\libhal_bsp.a(alt_find_file.o)
                0x00a87068                alt_find_file
 .text          0x00a87188       0xb8 ../testVGA_bsp/\libhal_bsp.a(alt_get_fd.o)
                0x00a87188                alt_get_fd
 .text          0x00a87240       0x14 c:/altera/12.0/nios2eds/bin/gnu/h-i686-mingw32/bin/../lib/gcc/nios2-elf/4.1.2/../../../../nios2-elf/lib\libc.a(lib_a-atexit.o)
                0x00a87240                atexit
 .text          0x00a87254        0x0 c:/altera/12.0/nios2eds/bin/gnu/h-i686-mingw32/bin/../lib/gcc/nios2-elf/4.1.2/../../../../nios2-elf/lib\libc.a(lib_a-ctype_.o)
 .text          0x00a87254       0x38 c:/altera/12.0/nios2eds/bin/gnu/h-i686-mingw32/bin/../lib/gcc/nios2-elf/4.1.2/../../../../nios2-elf/lib\libc.a(lib_a-exit.o)
                0x00a87254                exit
 .text          0x00a8728c        0x0 c:/altera/12.0/nios2eds/bin/gnu/h-i686-mingw32/bin/../lib/gcc/nios2-elf/4.1.2/../../../../nios2-elf/lib\libc.a(lib_a-impure.o)
 .text          0x00a8728c        0x0 c:/altera/12.0/nios2eds/bin/gnu/h-i686-mingw32/bin/../lib/gcc/nios2-elf/4.1.2/../../../../nios2-elf/lib\libc.a(lib_a-int_errno.o)
 .text          0x00a8728c       0x74 c:/altera/12.0/nios2eds/bin/gnu/h-i686-mingw32/bin/../lib/gcc/nios2-elf/4.1.2/../../../../nios2-elf/lib\libc.a(lib_a-memcmp.o)
                0x00a8728c                memcmp
 .text          0x00a87300       0xa0 c:/altera/12.0/nios2eds/bin/gnu/h-i686-mingw32/bin/../lib/gcc/nios2-elf/4.1.2/../../../../nios2-elf/lib\libc.a(lib_a-memcpy.o)
                0x00a87300                memcpy
 .text          0x00a873a0       0x98 c:/altera/12.0/nios2eds/bin/gnu/h-i686-mingw32/bin/../lib/gcc/nios2-elf/4.1.2/../../../../nios2-elf/lib\libc.a(lib_a-memset.o)
                0x00a873a0                memset
 .text          0x00a87438       0x74 c:/altera/12.0/nios2eds/bin/gnu/h-i686-mingw32/bin/../lib/gcc/nios2-elf/4.1.2/../../../../nios2-elf/lib\libc.a(lib_a-strlen.o)
                0x00a87438                strlen
 .text          0x00a874ac      0x134 c:/altera/12.0/nios2eds/bin/gnu/h-i686-mingw32/bin/../lib/gcc/nios2-elf/4.1.2/../../../../nios2-elf/lib\libc.a(lib_a-__atexit.o)
                0x00a874ac                __register_exitproc
 .text          0x00a875e0      0x1b4 c:/altera/12.0/nios2eds/bin/gnu/h-i686-mingw32/bin/../lib/gcc/nios2-elf/4.1.2/../../../../nios2-elf/lib\libc.a(lib_a-__call_atexit.o)
                0x00a875e4                __call_exitprocs
 .text          0x00a87794       0x60 ../testVGA_bsp/\libhal_bsp.a(alt_exit.o)
                0x00a877d4                _exit
 *(.gnu.warning.*)
 *(.fini)
                0x00a877f4                PROVIDE (__etext, ABSOLUTE (.))
                0x00a877f4                PROVIDE (_etext, ABSOLUTE (.))
                0x00a877f4                PROVIDE (etext, ABSOLUTE (.))
 *(.eh_frame_hdr)
                0x00a877f4                . = ALIGN (0x4)
                0x00a877f4                PROVIDE (__preinit_array_start, ABSOLUTE (.))
 *(.preinit_array)
                0x00a877f4                PROVIDE (__preinit_array_end, ABSOLUTE (.))
                0x00a877f4                PROVIDE (__init_array_start, ABSOLUTE (.))
 *(.init_array)
                0x00a877f4                PROVIDE (__init_array_end, ABSOLUTE (.))
                0x00a877f4                PROVIDE (__fini_array_start, ABSOLUTE (.))
 *(.fini_array)
                0x00a877f4                PROVIDE (__fini_array_end, ABSOLUTE (.))
 *(.eh_frame)
 *(.gcc_except_table)
 *(.dynamic)
                0x00a877f4                PROVIDE (__CTOR_LIST__, ABSOLUTE (.))
 *(.ctors)
 *(SORT(.ctors.*))
 .ctors.65535   0x00a877f4        0x4 c:/altera/12.0/nios2eds/bin/gnu/h-i686-mingw32/bin/../lib/gcc/nios2-elf/4.1.2/../../../../nios2-elf/lib\libc.a(lib_a-__call_atexit.o)
                0x00a877f8                PROVIDE (__CTOR_END__, ABSOLUTE (.))
                0x00a877f8                PROVIDE (__DTOR_LIST__, ABSOLUTE (.))
 *(.dtors)
 *(SORT(.dtors.*))
                0x00a877f8                PROVIDE (__DTOR_END__, ABSOLUTE (.))
 *(.jcr)
                0x00a877f8                . = ALIGN (0x4)

.rodata         0x00a877f8      0x2f8
                0x00a877f8                PROVIDE (__ram_rodata_start, ABSOLUTE (.))
                0x00a877f8                . = ALIGN (0x4)
 *(.rodata .rodata.* .gnu.linkonce.r.*)
 .rodata        0x00a877f8       0x1c ../testVGA_bsp/\libhal_bsp.a(alt_main.o)
 .rodata        0x00a87814       0x48 ../testVGA_bsp/\libhal_bsp.a(alt_sys_init.o)
 .rodata        0x00a8785c        0xc ../testVGA_bsp/\libhal_bsp.a(alt_dev.o)
 .rodata        0x00a87868      0x281 c:/altera/12.0/nios2eds/bin/gnu/h-i686-mingw32/bin/../lib/gcc/nios2-elf/4.1.2/../../../../nios2-elf/lib\libc.a(lib_a-ctype_.o)
                0x00a87868                _ctype_
 *fill*         0x00a87ae9        0x3 00
 .rodata.str1.4
                0x00a87aec        0x4 c:/altera/12.0/nios2eds/bin/gnu/h-i686-mingw32/bin/../lib/gcc/nios2-elf/4.1.2/../../../../nios2-elf/lib\libc.a(lib_a-impure.o)
 *(.rodata1)
                0x00a87af0                . = ALIGN (0x4)
                0x00a87af0                PROVIDE (__ram_rodata_end, ABSOLUTE (.))
                0x00a877f8                PROVIDE (__flash_rodata_start, LOADADDR (.rodata))

.rwdata         0x00a87af0     0x19c0
                0x00a87af0                PROVIDE (__ram_rwdata_start, ABSOLUTE (.))
                0x00a87af0                . = ALIGN (0x4)
 *(.got.plt)
 *(.got)
 *(.data1)
 *(.data .data.* .gnu.linkonce.d.*)
 .data          0x00a87af0        0x0 ../testVGA_bsp//obj/HAL/src/crt0.o
 .data          0x00a87af0        0x0 obj/default/VGA.o
 .data          0x00a87af0        0x0 obj/default/hello_world.o
 .data          0x00a87af0        0x0 c:/altera/12.0/nios2eds/bin/gnu/h-i686-mingw32/bin/../lib/gcc/nios2-elf/4.1.2\libgcc.a(lib2-divmod.o)
 .data          0x00a87af0        0x0 ../testVGA_bsp/\libhal_bsp.a(alt_main.o)
 .data          0x00a87af0     0x13e0 ../testVGA_bsp/\libhal_bsp.a(alt_sys_init.o)
 .data          0x00a88ed0        0x0 ../testVGA_bsp/\libhal_bsp.a(altera_avalon_cfi_flash.o)
 .data          0x00a88ed0        0x0 ../testVGA_bsp/\libhal_bsp.a(altera_avalon_cfi_flash_table.o)
 .data          0x00a88ed0        0x0 ../testVGA_bsp/\libhal_bsp.a(altera_avalon_epcs_flash_controller.o)
 .data          0x00a88ed0        0x0 ../testVGA_bsp/\libhal_bsp.a(altera_avalon_jtag_uart_fd.o)
 .data          0x00a88ed0        0x0 ../testVGA_bsp/\libhal_bsp.a(altera_avalon_jtag_uart_init.o)
 .data          0x00a88ed0        0x0 ../testVGA_bsp/\libhal_bsp.a(altera_avalon_jtag_uart_ioctl.o)
 .data          0x00a88ed0        0x0 ../testVGA_bsp/\libhal_bsp.a(altera_avalon_jtag_uart_read.o)
 .data          0x00a88ed0        0x0 ../testVGA_bsp/\libhal_bsp.a(altera_avalon_jtag_uart_write.o)
 .data          0x00a88ed0        0x0 ../testVGA_bsp/\libhal_bsp.a(altera_avalon_lcd_16207.o)
 .data          0x00a88ed0        0x0 ../testVGA_bsp/\libhal_bsp.a(altera_avalon_lcd_16207_fd.o)
 .data          0x00a88ed0        0x0 ../testVGA_bsp/\libhal_bsp.a(altera_avalon_timer_sc.o)
 .data          0x00a88ed0        0x0 ../testVGA_bsp/\libhal_bsp.a(altera_avalon_uart_fd.o)
 .data          0x00a88ed0        0x0 ../testVGA_bsp/\libhal_bsp.a(altera_avalon_uart_init.o)
 .data          0x00a88ed0        0x0 ../testVGA_bsp/\libhal_bsp.a(altera_avalon_uart_read.o)
 .data          0x00a88ed0        0x0 ../testVGA_bsp/\libhal_bsp.a(altera_avalon_uart_write.o)
 .data          0x00a88ed0        0x0 ../testVGA_bsp/\libhal_bsp.a(epcs_commands.o)
 .data          0x00a88ed0        0x0 ../testVGA_bsp/\libhal_bsp.a(alt_alarm_start.o)
 .data          0x00a88ed0        0x0 ../testVGA_bsp/\libhal_bsp.a(alt_close.o)
 .data          0x00a88ed0        0x0 ../testVGA_bsp/\libhal_bsp.a(alt_dcache_flush.o)
 .data          0x00a88ed0      0x1a8 ../testVGA_bsp/\libhal_bsp.a(alt_dev.o)
                0x00a88ed0                alt_dev_null
                0x00a88ef8                alt_fd_list
 .data          0x00a89078        0x0 ../testVGA_bsp/\libhal_bsp.a(alt_dev_llist_insert.o)
 .data          0x00a89078        0x0 ../testVGA_bsp/\libhal_bsp.a(alt_do_ctors.o)
 .data          0x00a89078        0x0 ../testVGA_bsp/\libhal_bsp.a(alt_do_dtors.o)
 .data          0x00a89078        0x0 ../testVGA_bsp/\libhal_bsp.a(alt_errno.o)
 .data          0x00a89078        0x0 ../testVGA_bsp/\libhal_bsp.a(alt_flash_dev.o)
 .data          0x00a89078        0x0 ../testVGA_bsp/\libhal_bsp.a(alt_iic.o)
 .data          0x00a89078        0x0 ../testVGA_bsp/\libhal_bsp.a(alt_iic_isr_register.o)
 .data          0x00a89078        0x0 ../testVGA_bsp/\libhal_bsp.a(alt_io_redirect.o)
 .data          0x00a89078        0x0 ../testVGA_bsp/\libhal_bsp.a(alt_irq_entry.o)
 .data          0x00a89078        0x0 ../testVGA_bsp/\libhal_bsp.a(alt_irq_handler.o)
 .data          0x00a89078        0x0 ../testVGA_bsp/\libhal_bsp.a(alt_irq_vars.o)
 .data          0x00a89078        0x0 ../testVGA_bsp/\libhal_bsp.a(alt_open.o)
 .data          0x00a89078        0x0 ../testVGA_bsp/\libhal_bsp.a(alt_release_fd.o)
 .data          0x00a89078        0x0 ../testVGA_bsp/\libhal_bsp.a(alt_tick.o)
 .data          0x00a89078        0x0 ../testVGA_bsp/\libhal_bsp.a(alt_usleep.o)
 .data          0x00a89078        0x0 ../testVGA_bsp/\libhal_bsp.a(altera_nios2_irq.o)
 .data          0x00a89078        0x0 ../testVGA_bsp/\libhal_bsp.a(altera_avalon_cfi_flash_amd.o)
 .data          0x00a89078        0x0 ../testVGA_bsp/\libhal_bsp.a(altera_avalon_cfi_flash_intel.o)
 .data          0x00a89078        0x0 ../testVGA_bsp/\libhal_bsp.a(altera_avalon_spi.o)
 .data          0x00a89078        0x0 ../testVGA_bsp/\libhal_bsp.a(alt_busy_sleep.o)
 .data          0x00a89078        0x0 ../testVGA_bsp/\libhal_bsp.a(alt_exception_entry.o)
 .data          0x00a89078        0x0 ../testVGA_bsp/\libhal_bsp.a(alt_find_dev.o)
 .data          0x00a89078        0x0 ../testVGA_bsp/\libhal_bsp.a(alt_find_file.o)
 .data          0x00a89078        0x0 ../testVGA_bsp/\libhal_bsp.a(alt_get_fd.o)
 .data          0x00a89078        0x0 c:/altera/12.0/nios2eds/bin/gnu/h-i686-mingw32/bin/../lib/gcc/nios2-elf/4.1.2/../../../../nios2-elf/lib\libc.a(lib_a-atexit.o)
 .data          0x00a89078        0x0 c:/altera/12.0/nios2eds/bin/gnu/h-i686-mingw32/bin/../lib/gcc/nios2-elf/4.1.2/../../../../nios2-elf/lib\libc.a(lib_a-ctype_.o)
 .data          0x00a89078        0x0 c:/altera/12.0/nios2eds/bin/gnu/h-i686-mingw32/bin/../lib/gcc/nios2-elf/4.1.2/../../../../nios2-elf/lib\libc.a(lib_a-exit.o)
 .data          0x00a89078      0x400 c:/altera/12.0/nios2eds/bin/gnu/h-i686-mingw32/bin/../lib/gcc/nios2-elf/4.1.2/../../../../nios2-elf/lib\libc.a(lib_a-impure.o)
 .data          0x00a89478        0x0 c:/altera/12.0/nios2eds/bin/gnu/h-i686-mingw32/bin/../lib/gcc/nios2-elf/4.1.2/../../../../nios2-elf/lib\libc.a(lib_a-int_errno.o)
 .data          0x00a89478        0x0 c:/altera/12.0/nios2eds/bin/gnu/h-i686-mingw32/bin/../lib/gcc/nios2-elf/4.1.2/../../../../nios2-elf/lib\libc.a(lib_a-memcmp.o)
 .data          0x00a89478        0x0 c:/altera/12.0/nios2eds/bin/gnu/h-i686-mingw32/bin/../lib/gcc/nios2-elf/4.1.2/../../../../nios2-elf/lib\libc.a(lib_a-memcpy.o)
 .data          0x00a89478        0x0 c:/altera/12.0/nios2eds/bin/gnu/h-i686-mingw32/bin/../lib/gcc/nios2-elf/4.1.2/../../../../nios2-elf/lib\libc.a(lib_a-memset.o)
 .data          0x00a89478        0x0 c:/altera/12.0/nios2eds/bin/gnu/h-i686-mingw32/bin/../lib/gcc/nios2-elf/4.1.2/../../../../nios2-elf/lib\libc.a(lib_a-strlen.o)
 .data          0x00a89478        0x0 c:/altera/12.0/nios2eds/bin/gnu/h-i686-mingw32/bin/../lib/gcc/nios2-elf/4.1.2/../../../../nios2-elf/lib\libc.a(lib_a-__atexit.o)
 .data          0x00a89478        0x0 c:/altera/12.0/nios2eds/bin/gnu/h-i686-mingw32/bin/../lib/gcc/nios2-elf/4.1.2/../../../../nios2-elf/lib\libc.a(lib_a-__call_atexit.o)
 .data          0x00a89478        0x0 ../testVGA_bsp/\libhal_bsp.a(alt_exit.o)
                0x00a91478                _gp = ABSOLUTE ((. + 0x8000))
                0x00a91478                PROVIDE (gp, _gp)
 *(.rwdata .rwdata.*)
 *(.sdata .sdata.* .gnu.linkonce.s.*)
 .sdata         0x00a89478        0x4 ../testVGA_bsp/\libhal_bsp.a(altera_avalon_lcd_16207.o)
 .sdata         0x00a8947c       0x14 ../testVGA_bsp/\libhal_bsp.a(alt_dev.o)
                0x00a8947c                alt_fs_list
                0x00a89484                alt_dev_list
                0x00a8948c                alt_max_fd
 .sdata         0x00a89490        0x4 ../testVGA_bsp/\libhal_bsp.a(alt_errno.o)
                0x00a89490                alt_errno
 .sdata         0x00a89494        0x8 ../testVGA_bsp/\libhal_bsp.a(alt_flash_dev.o)
                0x00a89494                alt_flash_dev_list
 .sdata         0x00a8949c        0x8 ../testVGA_bsp/\libhal_bsp.a(alt_tick.o)
                0x00a8949c                alt_alarm_list
 .sdata         0x00a894a4        0x4 c:/altera/12.0/nios2eds/bin/gnu/h-i686-mingw32/bin/../lib/gcc/nios2-elf/4.1.2/../../../../nios2-elf/lib\libc.a(lib_a-ctype_.o)
                0x00a894a4                __ctype_ptr
 .sdata         0x00a894a8        0x8 c:/altera/12.0/nios2eds/bin/gnu/h-i686-mingw32/bin/../lib/gcc/nios2-elf/4.1.2/../../../../nios2-elf/lib\libc.a(lib_a-impure.o)
                0x00a894a8                _impure_ptr
                0x00a894ac                _global_impure_ptr
 *(.sdata2 .sdata2.* .gnu.linkonce.s2.*)
                0x00a894b0                . = ALIGN (0x4)
                0x00a894b0                _edata = ABSOLUTE (.)
                0x00a894b0                PROVIDE (edata, ABSOLUTE (.))
                0x00a894b0                PROVIDE (__ram_rwdata_end, ABSOLUTE (.))
                0x00a87af0                PROVIDE (__flash_rwdata_start, LOADADDR (.rwdata))

.bss            0x00a894b0      0x2ac
                0x00a894b0                __bss_start = ABSOLUTE (.)
                0x00a894b0                PROVIDE (__sbss_start, ABSOLUTE (.))
                0x00a894b0                PROVIDE (___sbss_start, ABSOLUTE (.))
 *(.dynsbss)
 *(.sbss .sbss.* .gnu.linkonce.sb.*)
 .sbss          0x00a894b0        0xc ../testVGA_bsp/\libhal_bsp.a(alt_main.o)
                0x00a894b0                alt_argc
                0x00a894b4                alt_argv
                0x00a894b8                alt_envp
 .sbss          0x00a894bc        0x4 ../testVGA_bsp/\libhal_bsp.a(alt_irq_vars.o)
                0x00a894bc                alt_irq_active
 .sbss          0x00a894c0        0x8 ../testVGA_bsp/\libhal_bsp.a(alt_tick.o)
                0x00a894c0                _alt_tick_rate
                0x00a894c4                _alt_nticks
 .sbss          0x00a894c8        0x4 c:/altera/12.0/nios2eds/bin/gnu/h-i686-mingw32/bin/../lib/gcc/nios2-elf/4.1.2/../../../../nios2-elf/lib\libc.a(lib_a-int_errno.o)
                0x00a894c8                errno
 *(.sbss2 .sbss2.* .gnu.linkonce.sb2.*)
 *(.scommon)
                0x00a894cc                PROVIDE (__sbss_end, ABSOLUTE (.))
                0x00a894cc                PROVIDE (___sbss_end, ABSOLUTE (.))
 *(.dynbss)
 *(.bss .bss.* .gnu.linkonce.b.*)
 .bss           0x00a894cc        0x0 ../testVGA_bsp//obj/HAL/src/crt0.o
 .bss           0x00a894cc        0x0 obj/default/VGA.o
 .bss           0x00a894cc        0x0 obj/default/hello_world.o
 .bss           0x00a894cc        0x0 c:/altera/12.0/nios2eds/bin/gnu/h-i686-mingw32/bin/../lib/gcc/nios2-elf/4.1.2\libgcc.a(lib2-divmod.o)
 .bss           0x00a894cc        0x0 ../testVGA_bsp/\libhal_bsp.a(alt_main.o)
 .bss           0x00a894cc        0x0 ../testVGA_bsp/\libhal_bsp.a(alt_sys_init.o)
 .bss           0x00a894cc        0x0 ../testVGA_bsp/\libhal_bsp.a(altera_avalon_cfi_flash.o)
 .bss           0x00a894cc        0x0 ../testVGA_bsp/\libhal_bsp.a(altera_avalon_cfi_flash_table.o)
 .bss           0x00a894cc        0x0 ../testVGA_bsp/\libhal_bsp.a(altera_avalon_epcs_flash_controller.o)
 .bss           0x00a894cc        0x0 ../testVGA_bsp/\libhal_bsp.a(altera_avalon_jtag_uart_fd.o)
 .bss           0x00a894cc        0x0 ../testVGA_bsp/\libhal_bsp.a(altera_avalon_jtag_uart_init.o)
 .bss           0x00a894cc        0x0 ../testVGA_bsp/\libhal_bsp.a(altera_avalon_jtag_uart_ioctl.o)
 .bss           0x00a894cc        0x0 ../testVGA_bsp/\libhal_bsp.a(altera_avalon_jtag_uart_read.o)
 .bss           0x00a894cc        0x0 ../testVGA_bsp/\libhal_bsp.a(altera_avalon_jtag_uart_write.o)
 .bss           0x00a894cc        0x0 ../testVGA_bsp/\libhal_bsp.a(altera_avalon_lcd_16207.o)
 .bss           0x00a894cc        0x0 ../testVGA_bsp/\libhal_bsp.a(altera_avalon_lcd_16207_fd.o)
 .bss           0x00a894cc        0x0 ../testVGA_bsp/\libhal_bsp.a(altera_avalon_timer_sc.o)
 .bss           0x00a894cc        0x0 ../testVGA_bsp/\libhal_bsp.a(altera_avalon_uart_fd.o)
 .bss           0x00a894cc        0x0 ../testVGA_bsp/\libhal_bsp.a(altera_avalon_uart_init.o)
 .bss           0x00a894cc        0x0 ../testVGA_bsp/\libhal_bsp.a(altera_avalon_uart_read.o)
 .bss           0x00a894cc        0x0 ../testVGA_bsp/\libhal_bsp.a(altera_avalon_uart_write.o)
 .bss           0x00a894cc        0x0 ../testVGA_bsp/\libhal_bsp.a(epcs_commands.o)
 .bss           0x00a894cc        0x0 ../testVGA_bsp/\libhal_bsp.a(alt_alarm_start.o)
 .bss           0x00a894cc        0x0 ../testVGA_bsp/\libhal_bsp.a(alt_close.o)
 .bss           0x00a894cc        0x0 ../testVGA_bsp/\libhal_bsp.a(alt_dcache_flush.o)
 .bss           0x00a894cc        0x0 ../testVGA_bsp/\libhal_bsp.a(alt_dev.o)
 .bss           0x00a894cc        0x0 ../testVGA_bsp/\libhal_bsp.a(alt_dev_llist_insert.o)
 .bss           0x00a894cc        0x0 ../testVGA_bsp/\libhal_bsp.a(alt_do_ctors.o)
 .bss           0x00a894cc        0x0 ../testVGA_bsp/\libhal_bsp.a(alt_do_dtors.o)
 .bss           0x00a894cc        0x0 ../testVGA_bsp/\libhal_bsp.a(alt_errno.o)
 .bss           0x00a894cc        0x0 ../testVGA_bsp/\libhal_bsp.a(alt_flash_dev.o)
 .bss           0x00a894cc        0x0 ../testVGA_bsp/\libhal_bsp.a(alt_iic.o)
 .bss           0x00a894cc        0x0 ../testVGA_bsp/\libhal_bsp.a(alt_iic_isr_register.o)
 .bss           0x00a894cc        0x0 ../testVGA_bsp/\libhal_bsp.a(alt_io_redirect.o)
 .bss           0x00a894cc        0x0 ../testVGA_bsp/\libhal_bsp.a(alt_irq_entry.o)
 .bss           0x00a894cc        0x0 ../testVGA_bsp/\libhal_bsp.a(alt_irq_handler.o)
 .bss           0x00a894cc        0x0 ../testVGA_bsp/\libhal_bsp.a(alt_irq_vars.o)
 .bss           0x00a894cc        0x0 ../testVGA_bsp/\libhal_bsp.a(alt_open.o)
 .bss           0x00a894cc        0x0 ../testVGA_bsp/\libhal_bsp.a(alt_release_fd.o)
 .bss           0x00a894cc        0x0 ../testVGA_bsp/\libhal_bsp.a(alt_tick.o)
 .bss           0x00a894cc        0x0 ../testVGA_bsp/\libhal_bsp.a(alt_usleep.o)
 .bss           0x00a894cc        0x0 ../testVGA_bsp/\libhal_bsp.a(altera_nios2_irq.o)
 .bss           0x00a894cc        0x0 ../testVGA_bsp/\libhal_bsp.a(altera_avalon_cfi_flash_amd.o)
 .bss           0x00a894cc        0x0 ../testVGA_bsp/\libhal_bsp.a(altera_avalon_cfi_flash_intel.o)
 .bss           0x00a894cc        0x0 ../testVGA_bsp/\libhal_bsp.a(altera_avalon_spi.o)
 .bss           0x00a894cc        0x0 ../testVGA_bsp/\libhal_bsp.a(alt_busy_sleep.o)
 .bss           0x00a894cc        0x0 ../testVGA_bsp/\libhal_bsp.a(alt_exception_entry.o)
 .bss           0x00a894cc        0x0 ../testVGA_bsp/\libhal_bsp.a(alt_find_dev.o)
 .bss           0x00a894cc        0x0 ../testVGA_bsp/\libhal_bsp.a(alt_find_file.o)
 .bss           0x00a894cc        0x0 ../testVGA_bsp/\libhal_bsp.a(alt_get_fd.o)
 .bss           0x00a894cc        0x0 c:/altera/12.0/nios2eds/bin/gnu/h-i686-mingw32/bin/../lib/gcc/nios2-elf/4.1.2/../../../../nios2-elf/lib\libc.a(lib_a-atexit.o)
 .bss           0x00a894cc        0x0 c:/altera/12.0/nios2eds/bin/gnu/h-i686-mingw32/bin/../lib/gcc/nios2-elf/4.1.2/../../../../nios2-elf/lib\libc.a(lib_a-ctype_.o)
 .bss           0x00a894cc        0x0 c:/altera/12.0/nios2eds/bin/gnu/h-i686-mingw32/bin/../lib/gcc/nios2-elf/4.1.2/../../../../nios2-elf/lib\libc.a(lib_a-exit.o)
 .bss           0x00a894cc        0x0 c:/altera/12.0/nios2eds/bin/gnu/h-i686-mingw32/bin/../lib/gcc/nios2-elf/4.1.2/../../../../nios2-elf/lib\libc.a(lib_a-impure.o)
 .bss           0x00a894cc        0x0 c:/altera/12.0/nios2eds/bin/gnu/h-i686-mingw32/bin/../lib/gcc/nios2-elf/4.1.2/../../../../nios2-elf/lib\libc.a(lib_a-int_errno.o)
 .bss           0x00a894cc        0x0 c:/altera/12.0/nios2eds/bin/gnu/h-i686-mingw32/bin/../lib/gcc/nios2-elf/4.1.2/../../../../nios2-elf/lib\libc.a(lib_a-memcmp.o)
 .bss           0x00a894cc        0x0 c:/altera/12.0/nios2eds/bin/gnu/h-i686-mingw32/bin/../lib/gcc/nios2-elf/4.1.2/../../../../nios2-elf/lib\libc.a(lib_a-memcpy.o)
 .bss           0x00a894cc        0x0 c:/altera/12.0/nios2eds/bin/gnu/h-i686-mingw32/bin/../lib/gcc/nios2-elf/4.1.2/../../../../nios2-elf/lib\libc.a(lib_a-memset.o)
 .bss           0x00a894cc        0x0 c:/altera/12.0/nios2eds/bin/gnu/h-i686-mingw32/bin/../lib/gcc/nios2-elf/4.1.2/../../../../nios2-elf/lib\libc.a(lib_a-strlen.o)
 .bss           0x00a894cc        0x0 c:/altera/12.0/nios2eds/bin/gnu/h-i686-mingw32/bin/../lib/gcc/nios2-elf/4.1.2/../../../../nios2-elf/lib\libc.a(lib_a-__atexit.o)
 .bss           0x00a894cc        0x0 c:/altera/12.0/nios2eds/bin/gnu/h-i686-mingw32/bin/../lib/gcc/nios2-elf/4.1.2/../../../../nios2-elf/lib\libc.a(lib_a-__call_atexit.o)
 .bss           0x00a894cc        0x0 ../testVGA_bsp/\libhal_bsp.a(alt_exit.o)
 *(COMMON)
 COMMON         0x00a894cc      0x100 ../testVGA_bsp/\libhal_bsp.a(alt_irq_handler.o)
                0x00a894cc                alt_irq
 COMMON         0x00a895cc      0x190 c:/altera/12.0/nios2eds/bin/gnu/h-i686-mingw32/bin/../lib/gcc/nios2-elf/4.1.2/../../../../nios2-elf/lib\libc.a(lib_a-atexit.o)
                0x00a895cc                _atexit0
                0x00a8975c                . = ALIGN (0x4)
                0x00a8975c                __bss_end = ABSOLUTE (.)

.cfi_flash_0    0x00400020        0x0
                0x00400020                PROVIDE (_alt_partition_cfi_flash_0_start, ABSOLUTE (.))
 *(.cfi_flash_0. cfi_flash_0.*)
                0x00400020                . = ALIGN (0x4)
                0x00400020                PROVIDE (_alt_partition_cfi_flash_0_end, ABSOLUTE (.))
                0x00400020                PROVIDE (_alt_partition_cfi_flash_0_load_addr, LOADADDR (.cfi_flash_0))

.sram           0x00a8975c        0x0
                0x00a8975c                PROVIDE (_alt_partition_sram_start, ABSOLUTE (.))
 *(.sram. sram.*)
                0x00a8975c                . = ALIGN (0x4)
                0x00a8975c                PROVIDE (_alt_partition_sram_end, ABSOLUTE (.))
                0x00a8975c                _end = ABSOLUTE (.)
                0x00a8975c                end = ABSOLUTE (.)
                0x00a8975c                __alt_stack_base = ABSOLUTE (.)
                0x00a8975c                PROVIDE (_alt_partition_sram_load_addr, LOADADDR (.sram))

.onchip_memory2
                0x00b011c0        0x0
                0x00b011c0                PROVIDE (_alt_partition_onchip_memory2_start, ABSOLUTE (.))
 *(.onchip_memory2. onchip_memory2.*)
                0x00b011c0                . = ALIGN (0x4)
                0x00b011c0                PROVIDE (_alt_partition_onchip_memory2_end, ABSOLUTE (.))
                0x00b011c0                PROVIDE (_alt_partition_onchip_memory2_load_addr, LOADADDR (.onchip_memory2))

.epcs           0x00b03800        0x0
                0x00b03800                PROVIDE (_alt_partition_epcs_start, ABSOLUTE (.))
 *(.epcs. epcs.*)
                0x00b03800                . = ALIGN (0x4)
                0x00b03800                PROVIDE (_alt_partition_epcs_end, ABSOLUTE (.))
                0x00b03800                PROVIDE (_alt_partition_epcs_load_addr, LOADADDR (.epcs))

.stab
 *(.stab)

.stabstr
 *(.stabstr)

.stab.excl
 *(.stab.excl)

.stab.exclstr
 *(.stab.exclstr)

.stab.index
 *(.stab.index)

.stab.indexstr
 *(.stab.indexstr)

.comment        0x00000000       0x23
 *(.comment)
 .comment       0x00000000       0x23 obj/default/VGA.o
                                 0x24 (size before relaxing)
 .comment       0x00000000       0x24 obj/default/hello_world.o
 .comment       0x00000000       0x24 c:/altera/12.0/nios2eds/bin/gnu/h-i686-mingw32/bin/../lib/gcc/nios2-elf/4.1.2\libgcc.a(lib2-divmod.o)
 .comment       0x00000000       0x24 ../testVGA_bsp/\libhal_bsp.a(alt_main.o)
 .comment       0x00000000       0x24 ../testVGA_bsp/\libhal_bsp.a(alt_sys_init.o)
 .comment       0x00000000       0x24 ../testVGA_bsp/\libhal_bsp.a(altera_avalon_cfi_flash.o)
 .comment       0x00000000       0x24 ../testVGA_bsp/\libhal_bsp.a(altera_avalon_cfi_flash_table.o)
 .comment       0x00000000       0x24 ../testVGA_bsp/\libhal_bsp.a(altera_avalon_epcs_flash_controller.o)
 .comment       0x00000000       0x24 ../testVGA_bsp/\libhal_bsp.a(altera_avalon_jtag_uart_fd.o)
 .comment       0x00000000       0x24 ../testVGA_bsp/\libhal_bsp.a(altera_avalon_jtag_uart_init.o)
 .comment       0x00000000       0x24 ../testVGA_bsp/\libhal_bsp.a(altera_avalon_jtag_uart_ioctl.o)
 .comment       0x00000000       0x24 ../testVGA_bsp/\libhal_bsp.a(altera_avalon_jtag_uart_read.o)
 .comment       0x00000000       0x24 ../testVGA_bsp/\libhal_bsp.a(altera_avalon_jtag_uart_write.o)
 .comment       0x00000000       0x24 ../testVGA_bsp/\libhal_bsp.a(altera_avalon_lcd_16207.o)
 .comment       0x00000000       0x24 ../testVGA_bsp/\libhal_bsp.a(altera_avalon_lcd_16207_fd.o)
 .comment       0x00000000       0x24 ../testVGA_bsp/\libhal_bsp.a(altera_avalon_timer_sc.o)
 .comment       0x00000000       0x24 ../testVGA_bsp/\libhal_bsp.a(altera_avalon_uart_fd.o)
 .comment       0x00000000       0x24 ../testVGA_bsp/\libhal_bsp.a(altera_avalon_uart_init.o)
 .comment       0x00000000       0x24 ../testVGA_bsp/\libhal_bsp.a(altera_avalon_uart_read.o)
 .comment       0x00000000       0x24 ../testVGA_bsp/\libhal_bsp.a(altera_avalon_uart_write.o)
 .comment       0x00000000       0x24 ../testVGA_bsp/\libhal_bsp.a(epcs_commands.o)
 .comment       0x00000000       0x24 ../testVGA_bsp/\libhal_bsp.a(alt_alarm_start.o)
 .comment       0x00000000       0x24 ../testVGA_bsp/\libhal_bsp.a(alt_close.o)
 .comment       0x00000000       0x24 ../testVGA_bsp/\libhal_bsp.a(alt_dcache_flush.o)
 .comment       0x00000000       0x24 ../testVGA_bsp/\libhal_bsp.a(alt_dev.o)
 .comment       0x00000000       0x24 ../testVGA_bsp/\libhal_bsp.a(alt_dev_llist_insert.o)
 .comment       0x00000000       0x24 ../testVGA_bsp/\libhal_bsp.a(alt_do_ctors.o)
 .comment       0x00000000       0x24 ../testVGA_bsp/\libhal_bsp.a(alt_do_dtors.o)
 .comment       0x00000000       0x24 ../testVGA_bsp/\libhal_bsp.a(alt_errno.o)
 .comment       0x00000000       0x24 ../testVGA_bsp/\libhal_bsp.a(alt_flash_dev.o)
 .comment       0x00000000       0x24 ../testVGA_bsp/\libhal_bsp.a(alt_iic.o)
 .comment       0x00000000       0x24 ../testVGA_bsp/\libhal_bsp.a(alt_iic_isr_register.o)
 .comment       0x00000000       0x24 ../testVGA_bsp/\libhal_bsp.a(alt_io_redirect.o)
 .comment       0x00000000       0x24 ../testVGA_bsp/\libhal_bsp.a(alt_irq_handler.o)
 .comment       0x00000000       0x24 ../testVGA_bsp/\libhal_bsp.a(alt_irq_vars.o)
 .comment       0x00000000       0x24 ../testVGA_bsp/\libhal_bsp.a(alt_open.o)
 .comment       0x00000000       0x24 ../testVGA_bsp/\libhal_bsp.a(alt_release_fd.o)
 .comment       0x00000000       0x24 ../testVGA_bsp/\libhal_bsp.a(alt_tick.o)
 .comment       0x00000000       0x24 ../testVGA_bsp/\libhal_bsp.a(alt_usleep.o)
 .comment       0x00000000       0x24 ../testVGA_bsp/\libhal_bsp.a(altera_nios2_irq.o)
 .comment       0x00000000       0x24 ../testVGA_bsp/\libhal_bsp.a(altera_avalon_cfi_flash_amd.o)
 .comment       0x00000000       0x24 ../testVGA_bsp/\libhal_bsp.a(altera_avalon_cfi_flash_intel.o)
 .comment       0x00000000       0x24 ../testVGA_bsp/\libhal_bsp.a(altera_avalon_spi.o)
 .comment       0x00000000       0x24 ../testVGA_bsp/\libhal_bsp.a(alt_busy_sleep.o)
 .comment       0x00000000       0x24 ../testVGA_bsp/\libhal_bsp.a(alt_find_dev.o)
 .comment       0x00000000       0x24 ../testVGA_bsp/\libhal_bsp.a(alt_find_file.o)
 .comment       0x00000000       0x24 ../testVGA_bsp/\libhal_bsp.a(alt_get_fd.o)
 .comment       0x00000000       0x24 c:/altera/12.0/nios2eds/bin/gnu/h-i686-mingw32/bin/../lib/gcc/nios2-elf/4.1.2/../../../../nios2-elf/lib\libc.a(lib_a-atexit.o)
 .comment       0x00000000       0x24 c:/altera/12.0/nios2eds/bin/gnu/h-i686-mingw32/bin/../lib/gcc/nios2-elf/4.1.2/../../../../nios2-elf/lib\libc.a(lib_a-ctype_.o)
 .comment       0x00000000       0x24 c:/altera/12.0/nios2eds/bin/gnu/h-i686-mingw32/bin/../lib/gcc/nios2-elf/4.1.2/../../../../nios2-elf/lib\libc.a(lib_a-exit.o)
 .comment       0x00000000       0x24 c:/altera/12.0/nios2eds/bin/gnu/h-i686-mingw32/bin/../lib/gcc/nios2-elf/4.1.2/../../../../nios2-elf/lib\libc.a(lib_a-impure.o)
 .comment       0x00000000       0x24 c:/altera/12.0/nios2eds/bin/gnu/h-i686-mingw32/bin/../lib/gcc/nios2-elf/4.1.2/../../../../nios2-elf/lib\libc.a(lib_a-int_errno.o)
 .comment       0x00000000       0x24 c:/altera/12.0/nios2eds/bin/gnu/h-i686-mingw32/bin/../lib/gcc/nios2-elf/4.1.2/../../../../nios2-elf/lib\libc.a(lib_a-memcmp.o)
 .comment       0x00000000       0x24 c:/altera/12.0/nios2eds/bin/gnu/h-i686-mingw32/bin/../lib/gcc/nios2-elf/4.1.2/../../../../nios2-elf/lib\libc.a(lib_a-memcpy.o)
 .comment       0x00000000       0x24 c:/altera/12.0/nios2eds/bin/gnu/h-i686-mingw32/bin/../lib/gcc/nios2-elf/4.1.2/../../../../nios2-elf/lib\libc.a(lib_a-memset.o)
 .comment       0x00000000       0x24 c:/altera/12.0/nios2eds/bin/gnu/h-i686-mingw32/bin/../lib/gcc/nios2-elf/4.1.2/../../../../nios2-elf/lib\libc.a(lib_a-strlen.o)
 .comment       0x00000000       0x24 c:/altera/12.0/nios2eds/bin/gnu/h-i686-mingw32/bin/../lib/gcc/nios2-elf/4.1.2/../../../../nios2-elf/lib\libc.a(lib_a-__atexit.o)
 .comment       0x00000000       0x24 c:/altera/12.0/nios2eds/bin/gnu/h-i686-mingw32/bin/../lib/gcc/nios2-elf/4.1.2/../../../../nios2-elf/lib\libc.a(lib_a-__call_atexit.o)
 .comment       0x00000000       0x24 ../testVGA_bsp/\libhal_bsp.a(alt_exit.o)

.debug
 *(.debug)

.line
 *(.line)

.debug_srcinfo
 *(.debug_srcinfo)

.debug_sfnames
 *(.debug_sfnames)

.debug_aranges  0x00000000      0x750
 *(.debug_aranges)
 .debug_aranges
                0x00000000       0x20 ../testVGA_bsp//obj/HAL/src/crt0.o
 .debug_aranges
                0x00000020       0x20 obj/default/VGA.o
 .debug_aranges
                0x00000040       0x20 obj/default/hello_world.o
 .debug_aranges
                0x00000060       0x20 c:/altera/12.0/nios2eds/bin/gnu/h-i686-mingw32/bin/../lib/gcc/nios2-elf/4.1.2\libgcc.a(lib2-divmod.o)
 .debug_aranges
                0x00000080       0x20 ../testVGA_bsp/\libhal_bsp.a(alt_main.o)
 .debug_aranges
                0x000000a0       0x20 ../testVGA_bsp/\libhal_bsp.a(alt_sys_init.o)
 .debug_aranges
                0x000000c0       0x20 ../testVGA_bsp/\libhal_bsp.a(altera_avalon_cfi_flash.o)
 .debug_aranges
                0x000000e0       0x20 ../testVGA_bsp/\libhal_bsp.a(altera_avalon_cfi_flash_table.o)
 .debug_aranges
                0x00000100       0x20 ../testVGA_bsp/\libhal_bsp.a(altera_avalon_epcs_flash_controller.o)
 .debug_aranges
                0x00000120       0x20 ../testVGA_bsp/\libhal_bsp.a(altera_avalon_jtag_uart_fd.o)
 .debug_aranges
                0x00000140       0x20 ../testVGA_bsp/\libhal_bsp.a(altera_avalon_jtag_uart_init.o)
 .debug_aranges
                0x00000160       0x20 ../testVGA_bsp/\libhal_bsp.a(altera_avalon_jtag_uart_ioctl.o)
 .debug_aranges
                0x00000180       0x20 ../testVGA_bsp/\libhal_bsp.a(altera_avalon_jtag_uart_read.o)
 .debug_aranges
                0x000001a0       0x20 ../testVGA_bsp/\libhal_bsp.a(altera_avalon_jtag_uart_write.o)
 .debug_aranges
                0x000001c0       0x20 ../testVGA_bsp/\libhal_bsp.a(altera_avalon_lcd_16207.o)
 .debug_aranges
                0x000001e0       0x20 ../testVGA_bsp/\libhal_bsp.a(altera_avalon_lcd_16207_fd.o)
 .debug_aranges
                0x00000200       0x20 ../testVGA_bsp/\libhal_bsp.a(altera_avalon_timer_sc.o)
 .debug_aranges
                0x00000220       0x20 ../testVGA_bsp/\libhal_bsp.a(altera_avalon_uart_fd.o)
 .debug_aranges
                0x00000240       0x20 ../testVGA_bsp/\libhal_bsp.a(altera_avalon_uart_init.o)
 .debug_aranges
                0x00000260       0x20 ../testVGA_bsp/\libhal_bsp.a(altera_avalon_uart_read.o)
 .debug_aranges
                0x00000280       0x20 ../testVGA_bsp/\libhal_bsp.a(altera_avalon_uart_write.o)
 .debug_aranges
                0x000002a0       0x20 ../testVGA_bsp/\libhal_bsp.a(epcs_commands.o)
 .debug_aranges
                0x000002c0       0x20 ../testVGA_bsp/\libhal_bsp.a(alt_alarm_start.o)
 .debug_aranges
                0x000002e0       0x20 ../testVGA_bsp/\libhal_bsp.a(alt_close.o)
 .debug_aranges
                0x00000300       0x20 ../testVGA_bsp/\libhal_bsp.a(alt_dcache_flush.o)
 .debug_aranges
                0x00000320       0x20 ../testVGA_bsp/\libhal_bsp.a(alt_dev.o)
 .debug_aranges
                0x00000340       0x20 ../testVGA_bsp/\libhal_bsp.a(alt_dev_llist_insert.o)
 .debug_aranges
                0x00000360       0x20 ../testVGA_bsp/\libhal_bsp.a(alt_do_ctors.o)
 .debug_aranges
                0x00000380       0x20 ../testVGA_bsp/\libhal_bsp.a(alt_do_dtors.o)
 .debug_aranges
                0x000003a0       0x20 ../testVGA_bsp/\libhal_bsp.a(alt_flash_dev.o)
 .debug_aranges
                0x000003c0       0x20 ../testVGA_bsp/\libhal_bsp.a(alt_iic.o)
 .debug_aranges
                0x000003e0       0x20 ../testVGA_bsp/\libhal_bsp.a(alt_iic_isr_register.o)
 .debug_aranges
                0x00000400       0x20 ../testVGA_bsp/\libhal_bsp.a(alt_io_redirect.o)
 .debug_aranges
                0x00000420       0x30 ../testVGA_bsp/\libhal_bsp.a(alt_irq_entry.o)
 .debug_aranges
                0x00000450       0x28 ../testVGA_bsp/\libhal_bsp.a(alt_irq_handler.o)
 .debug_aranges
                0x00000478       0x20 ../testVGA_bsp/\libhal_bsp.a(alt_open.o)
 .debug_aranges
                0x00000498       0x20 ../testVGA_bsp/\libhal_bsp.a(alt_release_fd.o)
 .debug_aranges
                0x000004b8       0x20 ../testVGA_bsp/\libhal_bsp.a(alt_tick.o)
 .debug_aranges
                0x000004d8       0x20 ../testVGA_bsp/\libhal_bsp.a(alt_usleep.o)
 .debug_aranges
                0x000004f8       0x20 ../testVGA_bsp/\libhal_bsp.a(altera_nios2_irq.o)
 .debug_aranges
                0x00000518       0x20 ../testVGA_bsp/\libhal_bsp.a(altera_avalon_cfi_flash_amd.o)
 .debug_aranges
                0x00000538       0x20 ../testVGA_bsp/\libhal_bsp.a(altera_avalon_cfi_flash_intel.o)
 .debug_aranges
                0x00000558       0x20 ../testVGA_bsp/\libhal_bsp.a(altera_avalon_spi.o)
 .debug_aranges
                0x00000578       0x20 ../testVGA_bsp/\libhal_bsp.a(alt_busy_sleep.o)
 .debug_aranges
                0x00000598       0x38 ../testVGA_bsp/\libhal_bsp.a(alt_exception_entry.o)
 .debug_aranges
                0x000005d0       0x20 ../testVGA_bsp/\libhal_bsp.a(alt_find_dev.o)
 .debug_aranges
                0x000005f0       0x20 ../testVGA_bsp/\libhal_bsp.a(alt_find_file.o)
 .debug_aranges
                0x00000610       0x20 ../testVGA_bsp/\libhal_bsp.a(alt_get_fd.o)
 .debug_aranges
                0x00000630       0x20 c:/altera/12.0/nios2eds/bin/gnu/h-i686-mingw32/bin/../lib/gcc/nios2-elf/4.1.2/../../../../nios2-elf/lib\libc.a(lib_a-atexit.o)
 .debug_aranges
                0x00000650       0x20 c:/altera/12.0/nios2eds/bin/gnu/h-i686-mingw32/bin/../lib/gcc/nios2-elf/4.1.2/../../../../nios2-elf/lib\libc.a(lib_a-exit.o)
 .debug_aranges
                0x00000670       0x20 c:/altera/12.0/nios2eds/bin/gnu/h-i686-mingw32/bin/../lib/gcc/nios2-elf/4.1.2/../../../../nios2-elf/lib\libc.a(lib_a-memcmp.o)
 .debug_aranges
                0x00000690       0x20 c:/altera/12.0/nios2eds/bin/gnu/h-i686-mingw32/bin/../lib/gcc/nios2-elf/4.1.2/../../../../nios2-elf/lib\libc.a(lib_a-memcpy.o)
 .debug_aranges
                0x000006b0       0x20 c:/altera/12.0/nios2eds/bin/gnu/h-i686-mingw32/bin/../lib/gcc/nios2-elf/4.1.2/../../../../nios2-elf/lib\libc.a(lib_a-memset.o)
 .debug_aranges
                0x000006d0       0x20 c:/altera/12.0/nios2eds/bin/gnu/h-i686-mingw32/bin/../lib/gcc/nios2-elf/4.1.2/../../../../nios2-elf/lib\libc.a(lib_a-strlen.o)
 .debug_aranges
                0x000006f0       0x20 c:/altera/12.0/nios2eds/bin/gnu/h-i686-mingw32/bin/../lib/gcc/nios2-elf/4.1.2/../../../../nios2-elf/lib\libc.a(lib_a-__atexit.o)
 .debug_aranges
                0x00000710       0x20 c:/altera/12.0/nios2eds/bin/gnu/h-i686-mingw32/bin/../lib/gcc/nios2-elf/4.1.2/../../../../nios2-elf/lib\libc.a(lib_a-__call_atexit.o)
 .debug_aranges
                0x00000730       0x20 ../testVGA_bsp/\libhal_bsp.a(alt_exit.o)

.debug_pubnames
                0x00000000     0x1003
 *(.debug_pubnames)
 .debug_pubnames
                0x00000000       0x68 obj/default/VGA.o
 .debug_pubnames
                0x00000068       0x1b obj/default/hello_world.o
 .debug_pubnames
                0x00000083       0x48 c:/altera/12.0/nios2eds/bin/gnu/h-i686-mingw32/bin/../lib/gcc/nios2-elf/4.1.2\libgcc.a(lib2-divmod.o)
 .debug_pubnames
                0x000000cb       0x46 ../testVGA_bsp/\libhal_bsp.a(alt_main.o)
 .debug_pubnames
                0x00000111       0x34 ../testVGA_bsp/\libhal_bsp.a(alt_sys_init.o)
 .debug_pubnames
                0x00000145       0xac ../testVGA_bsp/\libhal_bsp.a(altera_avalon_cfi_flash.o)
 .debug_pubnames
                0x000001f1      0x27a ../testVGA_bsp/\libhal_bsp.a(altera_avalon_cfi_flash_table.o)
 .debug_pubnames
                0x0000046b       0xb5 ../testVGA_bsp/\libhal_bsp.a(altera_avalon_epcs_flash_controller.o)
 .debug_pubnames
                0x00000520       0xa5 ../testVGA_bsp/\libhal_bsp.a(altera_avalon_jtag_uart_fd.o)
 .debug_pubnames
                0x000005c5       0x55 ../testVGA_bsp/\libhal_bsp.a(altera_avalon_jtag_uart_init.o)
 .debug_pubnames
                0x0000061a       0x34 ../testVGA_bsp/\libhal_bsp.a(altera_avalon_jtag_uart_ioctl.o)
 .debug_pubnames
                0x0000064e       0x33 ../testVGA_bsp/\libhal_bsp.a(altera_avalon_jtag_uart_read.o)
 .debug_pubnames
                0x00000681       0x34 ../testVGA_bsp/\libhal_bsp.a(altera_avalon_jtag_uart_write.o)
 .debug_pubnames
                0x000006b5       0x55 ../testVGA_bsp/\libhal_bsp.a(altera_avalon_lcd_16207.o)
 .debug_pubnames
                0x0000070a       0x37 ../testVGA_bsp/\libhal_bsp.a(altera_avalon_lcd_16207_fd.o)
 .debug_pubnames
                0x00000741       0x2f ../testVGA_bsp/\libhal_bsp.a(altera_avalon_timer_sc.o)
 .debug_pubnames
                0x00000770       0x71 ../testVGA_bsp/\libhal_bsp.a(altera_avalon_uart_fd.o)
 .debug_pubnames
                0x000007e1       0x4b ../testVGA_bsp/\libhal_bsp.a(altera_avalon_uart_init.o)
 .debug_pubnames
                0x0000082c       0x2e ../testVGA_bsp/\libhal_bsp.a(altera_avalon_uart_read.o)
 .debug_pubnames
                0x0000085a       0x2f ../testVGA_bsp/\libhal_bsp.a(altera_avalon_uart_write.o)
 .debug_pubnames
                0x00000889       0xe1 ../testVGA_bsp/\libhal_bsp.a(epcs_commands.o)
 .debug_pubnames
                0x0000096a       0x26 ../testVGA_bsp/\libhal_bsp.a(alt_alarm_start.o)
 .debug_pubnames
                0x00000990       0x1c ../testVGA_bsp/\libhal_bsp.a(alt_close.o)
 .debug_pubnames
                0x000009ac       0x27 ../testVGA_bsp/\libhal_bsp.a(alt_dcache_flush.o)
 .debug_pubnames
                0x000009d3       0x63 ../testVGA_bsp/\libhal_bsp.a(alt_dev.o)
 .debug_pubnames
                0x00000a36       0x2b ../testVGA_bsp/\libhal_bsp.a(alt_dev_llist_insert.o)
 .debug_pubnames
                0x00000a61       0x20 ../testVGA_bsp/\libhal_bsp.a(alt_do_ctors.o)
 .debug_pubnames
                0x00000a81       0x20 ../testVGA_bsp/\libhal_bsp.a(alt_do_dtors.o)
 .debug_pubnames
                0x00000aa1       0x20 ../testVGA_bsp/\libhal_bsp.a(alt_errno.o)
 .debug_pubnames
                0x00000ac1       0x58 ../testVGA_bsp/\libhal_bsp.a(alt_flash_dev.o)
 .debug_pubnames
                0x00000b19       0x6e ../testVGA_bsp/\libhal_bsp.a(alt_iic.o)
 .debug_pubnames
                0x00000b87       0x2b ../testVGA_bsp/\libhal_bsp.a(alt_iic_isr_register.o)
 .debug_pubnames
                0x00000bb2       0x26 ../testVGA_bsp/\libhal_bsp.a(alt_io_redirect.o)
 .debug_pubnames
                0x00000bd8       0x32 ../testVGA_bsp/\libhal_bsp.a(alt_irq_handler.o)
 .debug_pubnames
                0x00000c0a       0x25 ../testVGA_bsp/\libhal_bsp.a(alt_irq_vars.o)
 .debug_pubnames
                0x00000c2f       0x1b ../testVGA_bsp/\libhal_bsp.a(alt_open.o)
 .debug_pubnames
                0x00000c4a       0x25 ../testVGA_bsp/\libhal_bsp.a(alt_release_fd.o)
 .debug_pubnames
                0x00000c6f       0x68 ../testVGA_bsp/\libhal_bsp.a(alt_tick.o)
 .debug_pubnames
                0x00000cd7       0x1d ../testVGA_bsp/\libhal_bsp.a(alt_usleep.o)
 .debug_pubnames
                0x00000cf4       0x2c ../testVGA_bsp/\libhal_bsp.a(altera_nios2_irq.o)
 .debug_pubnames
                0x00000d20       0x3e ../testVGA_bsp/\libhal_bsp.a(altera_avalon_cfi_flash_amd.o)
 .debug_pubnames
                0x00000d5e       0x42 ../testVGA_bsp/\libhal_bsp.a(altera_avalon_cfi_flash_intel.o)
 .debug_pubnames
                0x00000da0       0x2d ../testVGA_bsp/\libhal_bsp.a(altera_avalon_spi.o)
 .debug_pubnames
                0x00000dcd       0x25 ../testVGA_bsp/\libhal_bsp.a(alt_busy_sleep.o)
 .debug_pubnames
                0x00000df2       0x23 ../testVGA_bsp/\libhal_bsp.a(alt_find_dev.o)
 .debug_pubnames
                0x00000e15       0x24 ../testVGA_bsp/\libhal_bsp.a(alt_find_file.o)
 .debug_pubnames
                0x00000e39       0x21 ../testVGA_bsp/\libhal_bsp.a(alt_get_fd.o)
 .debug_pubnames
                0x00000e5a       0x2a c:/altera/12.0/nios2eds/bin/gnu/h-i686-mingw32/bin/../lib/gcc/nios2-elf/4.1.2/../../../../nios2-elf/lib\libc.a(lib_a-atexit.o)
 .debug_pubnames
                0x00000e84       0x2e c:/altera/12.0/nios2eds/bin/gnu/h-i686-mingw32/bin/../lib/gcc/nios2-elf/4.1.2/../../../../nios2-elf/lib\libc.a(lib_a-ctype_.o)
 .debug_pubnames
                0x00000eb2       0x1b c:/altera/12.0/nios2eds/bin/gnu/h-i686-mingw32/bin/../lib/gcc/nios2-elf/4.1.2/../../../../nios2-elf/lib\libc.a(lib_a-exit.o)
 .debug_pubnames
                0x00000ecd       0x39 c:/altera/12.0/nios2eds/bin/gnu/h-i686-mingw32/bin/../lib/gcc/nios2-elf/4.1.2/../../../../nios2-elf/lib\libc.a(lib_a-impure.o)
 .debug_pubnames
                0x00000f06       0x1c c:/altera/12.0/nios2eds/bin/gnu/h-i686-mingw32/bin/../lib/gcc/nios2-elf/4.1.2/../../../../nios2-elf/lib\libc.a(lib_a-int_errno.o)
 .debug_pubnames
                0x00000f22       0x1d c:/altera/12.0/nios2eds/bin/gnu/h-i686-mingw32/bin/../lib/gcc/nios2-elf/4.1.2/../../../../nios2-elf/lib\libc.a(lib_a-memcmp.o)
 .debug_pubnames
                0x00000f3f       0x1d c:/altera/12.0/nios2eds/bin/gnu/h-i686-mingw32/bin/../lib/gcc/nios2-elf/4.1.2/../../../../nios2-elf/lib\libc.a(lib_a-memcpy.o)
 .debug_pubnames
                0x00000f5c       0x1d c:/altera/12.0/nios2eds/bin/gnu/h-i686-mingw32/bin/../lib/gcc/nios2-elf/4.1.2/../../../../nios2-elf/lib\libc.a(lib_a-memset.o)
 .debug_pubnames
                0x00000f79       0x1d c:/altera/12.0/nios2eds/bin/gnu/h-i686-mingw32/bin/../lib/gcc/nios2-elf/4.1.2/../../../../nios2-elf/lib\libc.a(lib_a-strlen.o)
 .debug_pubnames
                0x00000f96       0x2a c:/altera/12.0/nios2eds/bin/gnu/h-i686-mingw32/bin/../lib/gcc/nios2-elf/4.1.2/../../../../nios2-elf/lib\libc.a(lib_a-__atexit.o)
 .debug_pubnames
                0x00000fc0       0x27 c:/altera/12.0/nios2eds/bin/gnu/h-i686-mingw32/bin/../lib/gcc/nios2-elf/4.1.2/../../../../nios2-elf/lib\libc.a(lib_a-__call_atexit.o)
 .debug_pubnames
                0x00000fe7       0x1c ../testVGA_bsp/\libhal_bsp.a(alt_exit.o)

.debug_info     0x00000000    0x117b6
 *(.debug_info .gnu.linkonce.wi.*)
 .debug_info    0x00000000       0x7a ../testVGA_bsp//obj/HAL/src/crt0.o
 .debug_info    0x0000007a      0x22a obj/default/VGA.o
 .debug_info    0x000002a4      0x226 obj/default/hello_world.o
 .debug_info    0x000004ca      0x21c c:/altera/12.0/nios2eds/bin/gnu/h-i686-mingw32/bin/../lib/gcc/nios2-elf/4.1.2\libgcc.a(lib2-divmod.o)
 .debug_info    0x000006e6      0x220 ../testVGA_bsp/\libhal_bsp.a(alt_main.o)
 .debug_info    0x00000906     0x1041 ../testVGA_bsp/\libhal_bsp.a(alt_sys_init.o)
 .debug_info    0x00001947      0xb44 ../testVGA_bsp/\libhal_bsp.a(altera_avalon_cfi_flash.o)
 .debug_info    0x0000248b      0xe30 ../testVGA_bsp/\libhal_bsp.a(altera_avalon_cfi_flash_table.o)
 .debug_info    0x000032bb      0xb7f ../testVGA_bsp/\libhal_bsp.a(altera_avalon_epcs_flash_controller.o)
 .debug_info    0x00003e3a      0x7d4 ../testVGA_bsp/\libhal_bsp.a(altera_avalon_jtag_uart_fd.o)
 .debug_info    0x0000460e      0x5fc ../testVGA_bsp/\libhal_bsp.a(altera_avalon_jtag_uart_init.o)
 .debug_info    0x00004c0a      0x43e ../testVGA_bsp/\libhal_bsp.a(altera_avalon_jtag_uart_ioctl.o)
 .debug_info    0x00005048      0x541 ../testVGA_bsp/\libhal_bsp.a(altera_avalon_jtag_uart_read.o)
 .debug_info    0x00005589      0x539 ../testVGA_bsp/\libhal_bsp.a(altera_avalon_jtag_uart_write.o)
 .debug_info    0x00005ac2      0x8e9 ../testVGA_bsp/\libhal_bsp.a(altera_avalon_lcd_16207.o)
 .debug_info    0x000063ab      0x70d ../testVGA_bsp/\libhal_bsp.a(altera_avalon_lcd_16207_fd.o)
 .debug_info    0x00006ab8      0x386 ../testVGA_bsp/\libhal_bsp.a(altera_avalon_timer_sc.o)
 .debug_info    0x00006e3e      0x637 ../testVGA_bsp/\libhal_bsp.a(altera_avalon_uart_fd.o)
 .debug_info    0x00007475      0x509 ../testVGA_bsp/\libhal_bsp.a(altera_avalon_uart_init.o)
 .debug_info    0x0000797e      0x4bd ../testVGA_bsp/\libhal_bsp.a(altera_avalon_uart_read.o)
 .debug_info    0x00007e3b      0x4bb ../testVGA_bsp/\libhal_bsp.a(altera_avalon_uart_write.o)
 .debug_info    0x000082f6      0x523 ../testVGA_bsp/\libhal_bsp.a(epcs_commands.o)
 .debug_info    0x00008819      0x43d ../testVGA_bsp/\libhal_bsp.a(alt_alarm_start.o)
 .debug_info    0x00008c56      0x462 ../testVGA_bsp/\libhal_bsp.a(alt_close.o)
 .debug_info    0x000090b8      0x17f ../testVGA_bsp/\libhal_bsp.a(alt_dcache_flush.o)
 .debug_info    0x00009237      0x67a ../testVGA_bsp/\libhal_bsp.a(alt_dev.o)
 .debug_info    0x000098b1      0x2b2 ../testVGA_bsp/\libhal_bsp.a(alt_dev_llist_insert.o)
 .debug_info    0x00009b63      0x10a ../testVGA_bsp/\libhal_bsp.a(alt_do_ctors.o)
 .debug_info    0x00009c6d      0x109 ../testVGA_bsp/\libhal_bsp.a(alt_do_dtors.o)
 .debug_info    0x00009d76      0x15f ../testVGA_bsp/\libhal_bsp.a(alt_errno.o)
 .debug_info    0x00009ed5      0x594 ../testVGA_bsp/\libhal_bsp.a(alt_flash_dev.o)
 .debug_info    0x0000a469      0x473 ../testVGA_bsp/\libhal_bsp.a(alt_iic.o)
 .debug_info    0x0000a8dc      0x30f ../testVGA_bsp/\libhal_bsp.a(alt_iic_isr_register.o)
 .debug_info    0x0000abeb      0x690 ../testVGA_bsp/\libhal_bsp.a(alt_io_redirect.o)
 .debug_info    0x0000b27b       0x7f ../testVGA_bsp/\libhal_bsp.a(alt_irq_entry.o)
 .debug_info    0x0000b2fa      0x270 ../testVGA_bsp/\libhal_bsp.a(alt_irq_handler.o)
 .debug_info    0x0000b56a      0x142 ../testVGA_bsp/\libhal_bsp.a(alt_irq_vars.o)
 .debug_info    0x0000b6ac      0x520 ../testVGA_bsp/\libhal_bsp.a(alt_open.o)
 .debug_info    0x0000bbcc      0x3ed ../testVGA_bsp/\libhal_bsp.a(alt_release_fd.o)
 .debug_info    0x0000bfb9      0x3f9 ../testVGA_bsp/\libhal_bsp.a(alt_tick.o)
 .debug_info    0x0000c3b2      0x163 ../testVGA_bsp/\libhal_bsp.a(alt_usleep.o)
 .debug_info    0x0000c515      0x154 ../testVGA_bsp/\libhal_bsp.a(altera_nios2_irq.o)
 .debug_info    0x0000c669      0x8e4 ../testVGA_bsp/\libhal_bsp.a(altera_avalon_cfi_flash_amd.o)
 .debug_info    0x0000cf4d      0x8da ../testVGA_bsp/\libhal_bsp.a(altera_avalon_cfi_flash_intel.o)
 .debug_info    0x0000d827      0x2a4 ../testVGA_bsp/\libhal_bsp.a(altera_avalon_spi.o)
 .debug_info    0x0000dacb      0x1a6 ../testVGA_bsp/\libhal_bsp.a(alt_busy_sleep.o)
 .debug_info    0x0000dc71       0x85 ../testVGA_bsp/\libhal_bsp.a(alt_exception_entry.o)
 .debug_info    0x0000dcf6      0x413 ../testVGA_bsp/\libhal_bsp.a(alt_find_dev.o)
 .debug_info    0x0000e109      0x41a ../testVGA_bsp/\libhal_bsp.a(alt_find_file.o)
 .debug_info    0x0000e523      0x45b ../testVGA_bsp/\libhal_bsp.a(alt_get_fd.o)
 .debug_info    0x0000e97e      0x181 c:/altera/12.0/nios2eds/bin/gnu/h-i686-mingw32/bin/../lib/gcc/nios2-elf/4.1.2/../../../../nios2-elf/lib\libc.a(lib_a-atexit.o)
 .debug_info    0x0000eaff       0xa0 c:/altera/12.0/nios2eds/bin/gnu/h-i686-mingw32/bin/../lib/gcc/nios2-elf/4.1.2/../../../../nios2-elf/lib\libc.a(lib_a-ctype_.o)
 .debug_info    0x0000eb9f      0x93f c:/altera/12.0/nios2eds/bin/gnu/h-i686-mingw32/bin/../lib/gcc/nios2-elf/4.1.2/../../../../nios2-elf/lib\libc.a(lib_a-exit.o)
 .debug_info    0x0000f4de      0x93d c:/altera/12.0/nios2eds/bin/gnu/h-i686-mingw32/bin/../lib/gcc/nios2-elf/4.1.2/../../../../nios2-elf/lib\libc.a(lib_a-impure.o)
 .debug_info    0x0000fe1b       0x8c c:/altera/12.0/nios2eds/bin/gnu/h-i686-mingw32/bin/../lib/gcc/nios2-elf/4.1.2/../../../../nios2-elf/lib\libc.a(lib_a-int_errno.o)
 .debug_info    0x0000fea7      0x115 c:/altera/12.0/nios2eds/bin/gnu/h-i686-mingw32/bin/../lib/gcc/nios2-elf/4.1.2/../../../../nios2-elf/lib\libc.a(lib_a-memcmp.o)
 .debug_info    0x0000ffbc      0x106 c:/altera/12.0/nios2eds/bin/gnu/h-i686-mingw32/bin/../lib/gcc/nios2-elf/4.1.2/../../../../nios2-elf/lib\libc.a(lib_a-memcpy.o)
 .debug_info    0x000100c2      0x113 c:/altera/12.0/nios2eds/bin/gnu/h-i686-mingw32/bin/../lib/gcc/nios2-elf/4.1.2/../../../../nios2-elf/lib\libc.a(lib_a-memset.o)
 .debug_info    0x000101d5       0xdb c:/altera/12.0/nios2eds/bin/gnu/h-i686-mingw32/bin/../lib/gcc/nios2-elf/4.1.2/../../../../nios2-elf/lib\libc.a(lib_a-strlen.o)
 .debug_info    0x000102b0      0x99c c:/altera/12.0/nios2eds/bin/gnu/h-i686-mingw32/bin/../lib/gcc/nios2-elf/4.1.2/../../../../nios2-elf/lib\libc.a(lib_a-__atexit.o)
 .debug_info    0x00010c4c      0x9e2 c:/altera/12.0/nios2eds/bin/gnu/h-i686-mingw32/bin/../lib/gcc/nios2-elf/4.1.2/../../../../nios2-elf/lib\libc.a(lib_a-__call_atexit.o)
 .debug_info    0x0001162e      0x188 ../testVGA_bsp/\libhal_bsp.a(alt_exit.o)

.debug_abbrev   0x00000000     0x39ea
 *(.debug_abbrev)
 .debug_abbrev  0x00000000       0x14 ../testVGA_bsp//obj/HAL/src/crt0.o
 .debug_abbrev  0x00000014       0x5a obj/default/VGA.o
 .debug_abbrev  0x0000006e       0xa4 obj/default/hello_world.o
 .debug_abbrev  0x00000112       0xe0 c:/altera/12.0/nios2eds/bin/gnu/h-i686-mingw32/bin/../lib/gcc/nios2-elf/4.1.2\libgcc.a(lib2-divmod.o)
 .debug_abbrev  0x000001f2       0xb7 ../testVGA_bsp/\libhal_bsp.a(alt_main.o)
 .debug_abbrev  0x000002a9      0x17d ../testVGA_bsp/\libhal_bsp.a(alt_sys_init.o)
 .debug_abbrev  0x00000426      0x1bf ../testVGA_bsp/\libhal_bsp.a(altera_avalon_cfi_flash.o)
 .debug_abbrev  0x000005e5      0x185 ../testVGA_bsp/\libhal_bsp.a(altera_avalon_cfi_flash_table.o)
 .debug_abbrev  0x0000076a      0x1bf ../testVGA_bsp/\libhal_bsp.a(altera_avalon_epcs_flash_controller.o)
 .debug_abbrev  0x00000929       0xf7 ../testVGA_bsp/\libhal_bsp.a(altera_avalon_jtag_uart_fd.o)
 .debug_abbrev  0x00000a20      0x17c ../testVGA_bsp/\libhal_bsp.a(altera_avalon_jtag_uart_init.o)
 .debug_abbrev  0x00000b9c       0xf0 ../testVGA_bsp/\libhal_bsp.a(altera_avalon_jtag_uart_ioctl.o)
 .debug_abbrev  0x00000c8c      0x191 ../testVGA_bsp/\libhal_bsp.a(altera_avalon_jtag_uart_read.o)
 .debug_abbrev  0x00000e1d      0x18d ../testVGA_bsp/\libhal_bsp.a(altera_avalon_jtag_uart_write.o)
 .debug_abbrev  0x00000faa      0x1c3 ../testVGA_bsp/\libhal_bsp.a(altera_avalon_lcd_16207.o)
 .debug_abbrev  0x0000116d      0x104 ../testVGA_bsp/\libhal_bsp.a(altera_avalon_lcd_16207_fd.o)
 .debug_abbrev  0x00001271      0x137 ../testVGA_bsp/\libhal_bsp.a(altera_avalon_timer_sc.o)
 .debug_abbrev  0x000013a8       0xe8 ../testVGA_bsp/\libhal_bsp.a(altera_avalon_uart_fd.o)
 .debug_abbrev  0x00001490      0x148 ../testVGA_bsp/\libhal_bsp.a(altera_avalon_uart_init.o)
 .debug_abbrev  0x000015d8      0x174 ../testVGA_bsp/\libhal_bsp.a(altera_avalon_uart_read.o)
 .debug_abbrev  0x0000174c      0x17b ../testVGA_bsp/\libhal_bsp.a(altera_avalon_uart_write.o)
 .debug_abbrev  0x000018c7       0xe2 ../testVGA_bsp/\libhal_bsp.a(epcs_commands.o)
 .debug_abbrev  0x000019a9      0x172 ../testVGA_bsp/\libhal_bsp.a(alt_alarm_start.o)
 .debug_abbrev  0x00001b1b       0xfb ../testVGA_bsp/\libhal_bsp.a(alt_close.o)
 .debug_abbrev  0x00001c16       0x62 ../testVGA_bsp/\libhal_bsp.a(alt_dcache_flush.o)
 .debug_abbrev  0x00001c78       0xc7 ../testVGA_bsp/\libhal_bsp.a(alt_dev.o)
 .debug_abbrev  0x00001d3f       0xf6 ../testVGA_bsp/\libhal_bsp.a(alt_dev_llist_insert.o)
 .debug_abbrev  0x00001e35       0x76 ../testVGA_bsp/\libhal_bsp.a(alt_do_ctors.o)
 .debug_abbrev  0x00001eab       0x76 ../testVGA_bsp/\libhal_bsp.a(alt_do_dtors.o)
 .debug_abbrev  0x00001f21       0x5e ../testVGA_bsp/\libhal_bsp.a(alt_errno.o)
 .debug_abbrev  0x00001f7f      0x121 ../testVGA_bsp/\libhal_bsp.a(alt_flash_dev.o)
 .debug_abbrev  0x000020a0      0x134 ../testVGA_bsp/\libhal_bsp.a(alt_iic.o)
 .debug_abbrev  0x000021d4      0x14e ../testVGA_bsp/\libhal_bsp.a(alt_iic_isr_register.o)
 .debug_abbrev  0x00002322       0xf0 ../testVGA_bsp/\libhal_bsp.a(alt_io_redirect.o)
 .debug_abbrev  0x00002412       0x12 ../testVGA_bsp/\libhal_bsp.a(alt_irq_entry.o)
 .debug_abbrev  0x00002424      0x10c ../testVGA_bsp/\libhal_bsp.a(alt_irq_handler.o)
 .debug_abbrev  0x00002530       0x44 ../testVGA_bsp/\libhal_bsp.a(alt_irq_vars.o)
 .debug_abbrev  0x00002574      0x112 ../testVGA_bsp/\libhal_bsp.a(alt_open.o)
 .debug_abbrev  0x00002686       0xc1 ../testVGA_bsp/\libhal_bsp.a(alt_release_fd.o)
 .debug_abbrev  0x00002747      0x150 ../testVGA_bsp/\libhal_bsp.a(alt_tick.o)
 .debug_abbrev  0x00002897       0x5d ../testVGA_bsp/\libhal_bsp.a(alt_usleep.o)
 .debug_abbrev  0x000028f4       0x3f ../testVGA_bsp/\libhal_bsp.a(altera_nios2_irq.o)
 .debug_abbrev  0x00002933      0x14d ../testVGA_bsp/\libhal_bsp.a(altera_avalon_cfi_flash_amd.o)
 .debug_abbrev  0x00002a80      0x14d ../testVGA_bsp/\libhal_bsp.a(altera_avalon_cfi_flash_intel.o)
 .debug_abbrev  0x00002bcd       0x7c ../testVGA_bsp/\libhal_bsp.a(altera_avalon_spi.o)
 .debug_abbrev  0x00002c49       0x6c ../testVGA_bsp/\libhal_bsp.a(alt_busy_sleep.o)
 .debug_abbrev  0x00002cb5       0x12 ../testVGA_bsp/\libhal_bsp.a(alt_exception_entry.o)
 .debug_abbrev  0x00002cc7       0xcf ../testVGA_bsp/\libhal_bsp.a(alt_find_dev.o)
 .debug_abbrev  0x00002d96       0xcf ../testVGA_bsp/\libhal_bsp.a(alt_find_file.o)
 .debug_abbrev  0x00002e65       0xfb ../testVGA_bsp/\libhal_bsp.a(alt_get_fd.o)
 .debug_abbrev  0x00002f60       0xb7 c:/altera/12.0/nios2eds/bin/gnu/h-i686-mingw32/bin/../lib/gcc/nios2-elf/4.1.2/../../../../nios2-elf/lib\libc.a(lib_a-atexit.o)
 .debug_abbrev  0x00003017       0x61 c:/altera/12.0/nios2eds/bin/gnu/h-i686-mingw32/bin/../lib/gcc/nios2-elf/4.1.2/../../../../nios2-elf/lib\libc.a(lib_a-ctype_.o)
 .debug_abbrev  0x00003078      0x16e c:/altera/12.0/nios2eds/bin/gnu/h-i686-mingw32/bin/../lib/gcc/nios2-elf/4.1.2/../../../../nios2-elf/lib\libc.a(lib_a-exit.o)
 .debug_abbrev  0x000031e6      0x157 c:/altera/12.0/nios2eds/bin/gnu/h-i686-mingw32/bin/../lib/gcc/nios2-elf/4.1.2/../../../../nios2-elf/lib\libc.a(lib_a-impure.o)
 .debug_abbrev  0x0000333d       0x3b c:/altera/12.0/nios2eds/bin/gnu/h-i686-mingw32/bin/../lib/gcc/nios2-elf/4.1.2/../../../../nios2-elf/lib\libc.a(lib_a-int_errno.o)
 .debug_abbrev  0x00003378       0x7c c:/altera/12.0/nios2eds/bin/gnu/h-i686-mingw32/bin/../lib/gcc/nios2-elf/4.1.2/../../../../nios2-elf/lib\libc.a(lib_a-memcmp.o)
 .debug_abbrev  0x000033f4       0xb5 c:/altera/12.0/nios2eds/bin/gnu/h-i686-mingw32/bin/../lib/gcc/nios2-elf/4.1.2/../../../../nios2-elf/lib\libc.a(lib_a-memcpy.o)
 .debug_abbrev  0x000034a9       0xb8 c:/altera/12.0/nios2eds/bin/gnu/h-i686-mingw32/bin/../lib/gcc/nios2-elf/4.1.2/../../../../nios2-elf/lib\libc.a(lib_a-memset.o)
 .debug_abbrev  0x00003561       0x8b c:/altera/12.0/nios2eds/bin/gnu/h-i686-mingw32/bin/../lib/gcc/nios2-elf/4.1.2/../../../../nios2-elf/lib\libc.a(lib_a-strlen.o)
 .debug_abbrev  0x000035ec      0x1ae c:/altera/12.0/nios2eds/bin/gnu/h-i686-mingw32/bin/../lib/gcc/nios2-elf/4.1.2/../../../../nios2-elf/lib\libc.a(lib_a-__atexit.o)
 .debug_abbrev  0x0000379a      0x1de c:/altera/12.0/nios2eds/bin/gnu/h-i686-mingw32/bin/../lib/gcc/nios2-elf/4.1.2/../../../../nios2-elf/lib\libc.a(lib_a-__call_atexit.o)
 .debug_abbrev  0x00003978       0x72 ../testVGA_bsp/\libhal_bsp.a(alt_exit.o)

.debug_line     0x00000000     0xa73e
 *(.debug_line)
 .debug_line    0x00000000       0x51 ../testVGA_bsp//obj/HAL/src/crt0.o
 .debug_line    0x00000051      0x114 obj/default/VGA.o
 .debug_line    0x00000165      0x254 obj/default/hello_world.o
 .debug_line    0x000003b9      0x24f c:/altera/12.0/nios2eds/bin/gnu/h-i686-mingw32/bin/../lib/gcc/nios2-elf/4.1.2\libgcc.a(lib2-divmod.o)
 .debug_line    0x00000608      0x2c4 ../testVGA_bsp/\libhal_bsp.a(alt_main.o)
 .debug_line    0x000008cc      0x3cc ../testVGA_bsp/\libhal_bsp.a(alt_sys_init.o)
 .debug_line    0x00000c98      0x56d ../testVGA_bsp/\libhal_bsp.a(altera_avalon_cfi_flash.o)
 .debug_line    0x00001205      0x94b ../testVGA_bsp/\libhal_bsp.a(altera_avalon_cfi_flash_table.o)
 .debug_line    0x00001b50      0x6a1 ../testVGA_bsp/\libhal_bsp.a(altera_avalon_epcs_flash_controller.o)
 .debug_line    0x000021f1      0x214 ../testVGA_bsp/\libhal_bsp.a(altera_avalon_jtag_uart_fd.o)
 .debug_line    0x00002405      0x4a5 ../testVGA_bsp/\libhal_bsp.a(altera_avalon_jtag_uart_init.o)
 .debug_line    0x000028aa      0x311 ../testVGA_bsp/\libhal_bsp.a(altera_avalon_jtag_uart_ioctl.o)
 .debug_line    0x00002bbb      0x3f1 ../testVGA_bsp/\libhal_bsp.a(altera_avalon_jtag_uart_read.o)
 .debug_line    0x00002fac      0x3ff ../testVGA_bsp/\libhal_bsp.a(altera_avalon_jtag_uart_write.o)
 .debug_line    0x000033ab      0x8bb ../testVGA_bsp/\libhal_bsp.a(altera_avalon_lcd_16207.o)
 .debug_line    0x00003c66      0x1b4 ../testVGA_bsp/\libhal_bsp.a(altera_avalon_lcd_16207_fd.o)
 .debug_line    0x00003e1a      0x2ad ../testVGA_bsp/\libhal_bsp.a(altera_avalon_timer_sc.o)
 .debug_line    0x000040c7      0x1cf ../testVGA_bsp/\libhal_bsp.a(altera_avalon_uart_fd.o)
 .debug_line    0x00004296      0x48c ../testVGA_bsp/\libhal_bsp.a(altera_avalon_uart_init.o)
 .debug_line    0x00004722      0x3fe ../testVGA_bsp/\libhal_bsp.a(altera_avalon_uart_read.o)
 .debug_line    0x00004b20      0x3df ../testVGA_bsp/\libhal_bsp.a(altera_avalon_uart_write.o)
 .debug_line    0x00004eff      0x2b5 ../testVGA_bsp/\libhal_bsp.a(epcs_commands.o)
 .debug_line    0x000051b4      0x2d6 ../testVGA_bsp/\libhal_bsp.a(alt_alarm_start.o)
 .debug_line    0x0000548a      0x293 ../testVGA_bsp/\libhal_bsp.a(alt_close.o)
 .debug_line    0x0000571d      0x1ab ../testVGA_bsp/\libhal_bsp.a(alt_dcache_flush.o)
 .debug_line    0x000058c8      0x24e ../testVGA_bsp/\libhal_bsp.a(alt_dev.o)
 .debug_line    0x00005b16      0x254 ../testVGA_bsp/\libhal_bsp.a(alt_dev_llist_insert.o)
 .debug_line    0x00005d6a       0x83 ../testVGA_bsp/\libhal_bsp.a(alt_do_ctors.o)
 .debug_line    0x00005ded       0x83 ../testVGA_bsp/\libhal_bsp.a(alt_do_dtors.o)
 .debug_line    0x00005e70      0x1a4 ../testVGA_bsp/\libhal_bsp.a(alt_errno.o)
 .debug_line    0x00006014      0x262 ../testVGA_bsp/\libhal_bsp.a(alt_flash_dev.o)
 .debug_line    0x00006276      0x2c2 ../testVGA_bsp/\libhal_bsp.a(alt_iic.o)
 .debug_line    0x00006538      0x243 ../testVGA_bsp/\libhal_bsp.a(alt_iic_isr_register.o)
 .debug_line    0x0000677b      0x2ae ../testVGA_bsp/\libhal_bsp.a(alt_io_redirect.o)
 .debug_line    0x00006a29       0x6b ../testVGA_bsp/\libhal_bsp.a(alt_irq_entry.o)
 .debug_line    0x00006a94      0x242 ../testVGA_bsp/\libhal_bsp.a(alt_irq_handler.o)
 .debug_line    0x00006cd6       0x72 ../testVGA_bsp/\libhal_bsp.a(alt_irq_vars.o)
 .debug_line    0x00006d48      0x2f9 ../testVGA_bsp/\libhal_bsp.a(alt_open.o)
 .debug_line    0x00007041       0xed ../testVGA_bsp/\libhal_bsp.a(alt_release_fd.o)
 .debug_line    0x0000712e      0x2d6 ../testVGA_bsp/\libhal_bsp.a(alt_tick.o)
 .debug_line    0x00007404      0x1f9 ../testVGA_bsp/\libhal_bsp.a(alt_usleep.o)
 .debug_line    0x000075fd      0x1c3 ../testVGA_bsp/\libhal_bsp.a(altera_nios2_irq.o)
 .debug_line    0x000077c0      0x43f ../testVGA_bsp/\libhal_bsp.a(altera_avalon_cfi_flash_amd.o)
 .debug_line    0x00007bff      0x431 ../testVGA_bsp/\libhal_bsp.a(altera_avalon_cfi_flash_intel.o)
 .debug_line    0x00008030      0x1ef ../testVGA_bsp/\libhal_bsp.a(altera_avalon_spi.o)
 .debug_line    0x0000821f      0x253 ../testVGA_bsp/\libhal_bsp.a(alt_busy_sleep.o)
 .debug_line    0x00008472       0xb0 ../testVGA_bsp/\libhal_bsp.a(alt_exception_entry.o)
 .debug_line    0x00008522      0x265 ../testVGA_bsp/\libhal_bsp.a(alt_find_dev.o)
 .debug_line    0x00008787      0x276 ../testVGA_bsp/\libhal_bsp.a(alt_find_file.o)
 .debug_line    0x000089fd      0x291 ../testVGA_bsp/\libhal_bsp.a(alt_get_fd.o)
 .debug_line    0x00008c8e      0x1fa c:/altera/12.0/nios2eds/bin/gnu/h-i686-mingw32/bin/../lib/gcc/nios2-elf/4.1.2/../../../../nios2-elf/lib\libc.a(lib_a-atexit.o)
 .debug_line    0x00008e88       0x7e c:/altera/12.0/nios2eds/bin/gnu/h-i686-mingw32/bin/../lib/gcc/nios2-elf/4.1.2/../../../../nios2-elf/lib\libc.a(lib_a-ctype_.o)
 .debug_line    0x00008f06      0x232 c:/altera/12.0/nios2eds/bin/gnu/h-i686-mingw32/bin/../lib/gcc/nios2-elf/4.1.2/../../../../nios2-elf/lib\libc.a(lib_a-exit.o)
 .debug_line    0x00009138      0x224 c:/altera/12.0/nios2eds/bin/gnu/h-i686-mingw32/bin/../lib/gcc/nios2-elf/4.1.2/../../../../nios2-elf/lib\libc.a(lib_a-impure.o)
 .debug_line    0x0000935c      0x1d9 c:/altera/12.0/nios2eds/bin/gnu/h-i686-mingw32/bin/../lib/gcc/nios2-elf/4.1.2/../../../../nios2-elf/lib\libc.a(lib_a-int_errno.o)
 .debug_line    0x00009535      0x296 c:/altera/12.0/nios2eds/bin/gnu/h-i686-mingw32/bin/../lib/gcc/nios2-elf/4.1.2/../../../../nios2-elf/lib\libc.a(lib_a-memcmp.o)
 .debug_line    0x000097cb      0x1a9 c:/altera/12.0/nios2eds/bin/gnu/h-i686-mingw32/bin/../lib/gcc/nios2-elf/4.1.2/../../../../nios2-elf/lib\libc.a(lib_a-memcpy.o)
 .debug_line    0x00009974      0x2f8 c:/altera/12.0/nios2eds/bin/gnu/h-i686-mingw32/bin/../lib/gcc/nios2-elf/4.1.2/../../../../nios2-elf/lib\libc.a(lib_a-memset.o)
 .debug_line    0x00009c6c      0x264 c:/altera/12.0/nios2eds/bin/gnu/h-i686-mingw32/bin/../lib/gcc/nios2-elf/4.1.2/../../../../nios2-elf/lib\libc.a(lib_a-strlen.o)
 .debug_line    0x00009ed0      0x30d c:/altera/12.0/nios2eds/bin/gnu/h-i686-mingw32/bin/../lib/gcc/nios2-elf/4.1.2/../../../../nios2-elf/lib\libc.a(lib_a-__atexit.o)
 .debug_line    0x0000a1dd      0x361 c:/altera/12.0/nios2eds/bin/gnu/h-i686-mingw32/bin/../lib/gcc/nios2-elf/4.1.2/../../../../nios2-elf/lib\libc.a(lib_a-__call_atexit.o)
 .debug_line    0x0000a53e      0x200 ../testVGA_bsp/\libhal_bsp.a(alt_exit.o)

.debug_frame    0x00000000     0x12ec
 *(.debug_frame)
 .debug_frame   0x00000000       0x80 obj/default/VGA.o
 .debug_frame   0x00000080       0x2c obj/default/hello_world.o
 .debug_frame   0x000000ac       0x70 c:/altera/12.0/nios2eds/bin/gnu/h-i686-mingw32/bin/../lib/gcc/nios2-elf/4.1.2\libgcc.a(lib2-divmod.o)
 .debug_frame   0x0000011c       0x2c ../testVGA_bsp/\libhal_bsp.a(alt_main.o)
 .debug_frame   0x00000148       0x64 ../testVGA_bsp/\libhal_bsp.a(alt_sys_init.o)
 .debug_frame   0x000001ac       0xd4 ../testVGA_bsp/\libhal_bsp.a(altera_avalon_cfi_flash.o)
 .debug_frame   0x00000280      0x210 ../testVGA_bsp/\libhal_bsp.a(altera_avalon_cfi_flash_table.o)
 .debug_frame   0x00000490      0x128 ../testVGA_bsp/\libhal_bsp.a(altera_avalon_epcs_flash_controller.o)
 .debug_frame   0x000005b8       0x80 ../testVGA_bsp/\libhal_bsp.a(altera_avalon_jtag_uart_fd.o)
 .debug_frame   0x00000638       0x80 ../testVGA_bsp/\libhal_bsp.a(altera_avalon_jtag_uart_init.o)
 .debug_frame   0x000006b8       0x2c ../testVGA_bsp/\libhal_bsp.a(altera_avalon_jtag_uart_ioctl.o)
 .debug_frame   0x000006e4       0x2c ../testVGA_bsp/\libhal_bsp.a(altera_avalon_jtag_uart_read.o)
 .debug_frame   0x00000710       0x2c ../testVGA_bsp/\libhal_bsp.a(altera_avalon_jtag_uart_write.o)
 .debug_frame   0x0000073c      0x114 ../testVGA_bsp/\libhal_bsp.a(altera_avalon_lcd_16207.o)
 .debug_frame   0x00000850       0x2c ../testVGA_bsp/\libhal_bsp.a(altera_avalon_lcd_16207_fd.o)
 .debug_frame   0x0000087c       0x48 ../testVGA_bsp/\libhal_bsp.a(altera_avalon_timer_sc.o)
 .debug_frame   0x000008c4       0x64 ../testVGA_bsp/\libhal_bsp.a(altera_avalon_uart_fd.o)
 .debug_frame   0x00000928       0x9c ../testVGA_bsp/\libhal_bsp.a(altera_avalon_uart_init.o)
 .debug_frame   0x000009c4       0x48 ../testVGA_bsp/\libhal_bsp.a(altera_avalon_uart_read.o)
 .debug_frame   0x00000a0c       0x48 ../testVGA_bsp/\libhal_bsp.a(altera_avalon_uart_write.o)
 .debug_frame   0x00000a54      0x128 ../testVGA_bsp/\libhal_bsp.a(epcs_commands.o)
 .debug_frame   0x00000b7c       0x2c ../testVGA_bsp/\libhal_bsp.a(alt_alarm_start.o)
 .debug_frame   0x00000ba8       0x48 ../testVGA_bsp/\libhal_bsp.a(alt_close.o)
 .debug_frame   0x00000bf0       0x2c ../testVGA_bsp/\libhal_bsp.a(alt_dcache_flush.o)
 .debug_frame   0x00000c1c       0x2c ../testVGA_bsp/\libhal_bsp.a(alt_dev.o)
 .debug_frame   0x00000c48       0x48 ../testVGA_bsp/\libhal_bsp.a(alt_dev_llist_insert.o)
 .debug_frame   0x00000c90       0x2c ../testVGA_bsp/\libhal_bsp.a(alt_do_ctors.o)
 .debug_frame   0x00000cbc       0x2c ../testVGA_bsp/\libhal_bsp.a(alt_do_dtors.o)
 .debug_frame   0x00000ce8       0x48 ../testVGA_bsp/\libhal_bsp.a(alt_flash_dev.o)
 .debug_frame   0x00000d30       0x80 ../testVGA_bsp/\libhal_bsp.a(alt_iic.o)
 .debug_frame   0x00000db0       0x2c ../testVGA_bsp/\libhal_bsp.a(alt_iic_isr_register.o)
 .debug_frame   0x00000ddc       0x48 ../testVGA_bsp/\libhal_bsp.a(alt_io_redirect.o)
 .debug_frame   0x00000e24       0x2c ../testVGA_bsp/\libhal_bsp.a(alt_irq_handler.o)
 .debug_frame   0x00000e50       0x64 ../testVGA_bsp/\libhal_bsp.a(alt_open.o)
 .debug_frame   0x00000eb4       0x2c ../testVGA_bsp/\libhal_bsp.a(alt_release_fd.o)
 .debug_frame   0x00000ee0       0x48 ../testVGA_bsp/\libhal_bsp.a(alt_tick.o)
 .debug_frame   0x00000f28       0x2c ../testVGA_bsp/\libhal_bsp.a(alt_usleep.o)
 .debug_frame   0x00000f54       0x2c ../testVGA_bsp/\libhal_bsp.a(altera_nios2_irq.o)
 .debug_frame   0x00000f80       0x80 ../testVGA_bsp/\libhal_bsp.a(altera_avalon_cfi_flash_amd.o)
 .debug_frame   0x00001000       0x80 ../testVGA_bsp/\libhal_bsp.a(altera_avalon_cfi_flash_intel.o)
 .debug_frame   0x00001080       0x2c ../testVGA_bsp/\libhal_bsp.a(altera_avalon_spi.o)
 .debug_frame   0x000010ac       0x2c ../testVGA_bsp/\libhal_bsp.a(alt_busy_sleep.o)
 .debug_frame   0x000010d8       0x2c ../testVGA_bsp/\libhal_bsp.a(alt_find_dev.o)
 .debug_frame   0x00001104       0x2c ../testVGA_bsp/\libhal_bsp.a(alt_find_file.o)
 .debug_frame   0x00001130       0x2c ../testVGA_bsp/\libhal_bsp.a(alt_get_fd.o)
 .debug_frame   0x0000115c       0x20 c:/altera/12.0/nios2eds/bin/gnu/h-i686-mingw32/bin/../lib/gcc/nios2-elf/4.1.2/../../../../nios2-elf/lib\libc.a(lib_a-atexit.o)
 .debug_frame   0x0000117c       0x28 c:/altera/12.0/nios2eds/bin/gnu/h-i686-mingw32/bin/../lib/gcc/nios2-elf/4.1.2/../../../../nios2-elf/lib\libc.a(lib_a-exit.o)
 .debug_frame   0x000011a4       0x20 c:/altera/12.0/nios2eds/bin/gnu/h-i686-mingw32/bin/../lib/gcc/nios2-elf/4.1.2/../../../../nios2-elf/lib\libc.a(lib_a-memcmp.o)
 .debug_frame   0x000011c4       0x20 c:/altera/12.0/nios2eds/bin/gnu/h-i686-mingw32/bin/../lib/gcc/nios2-elf/4.1.2/../../../../nios2-elf/lib\libc.a(lib_a-memcpy.o)
 .debug_frame   0x000011e4       0x20 c:/altera/12.0/nios2eds/bin/gnu/h-i686-mingw32/bin/../lib/gcc/nios2-elf/4.1.2/../../../../nios2-elf/lib\libc.a(lib_a-memset.o)
 .debug_frame   0x00001204       0x20 c:/altera/12.0/nios2eds/bin/gnu/h-i686-mingw32/bin/../lib/gcc/nios2-elf/4.1.2/../../../../nios2-elf/lib\libc.a(lib_a-strlen.o)
 .debug_frame   0x00001224       0x34 c:/altera/12.0/nios2eds/bin/gnu/h-i686-mingw32/bin/../lib/gcc/nios2-elf/4.1.2/../../../../nios2-elf/lib\libc.a(lib_a-__atexit.o)
 .debug_frame   0x00001258       0x4c c:/altera/12.0/nios2eds/bin/gnu/h-i686-mingw32/bin/../lib/gcc/nios2-elf/4.1.2/../../../../nios2-elf/lib\libc.a(lib_a-__call_atexit.o)
 .debug_frame   0x000012a4       0x48 ../testVGA_bsp/\libhal_bsp.a(alt_exit.o)

.debug_str      0x00000000     0x106c
 *(.debug_str)
 .debug_str     0x00000000       0x1f obj/default/hello_world.o
 .debug_str     0x0000001f      0x164 c:/altera/12.0/nios2eds/bin/gnu/h-i686-mingw32/bin/../lib/gcc/nios2-elf/4.1.2\libgcc.a(lib2-divmod.o)
                                0x1b1 (size before relaxing)
 .debug_str     0x00000183       0x12 ../testVGA_bsp/\libhal_bsp.a(alt_main.o)
 .debug_str     0x00000195       0x52 ../testVGA_bsp/\libhal_bsp.a(alt_sys_init.o)
 .debug_str     0x000001e7       0x82 ../testVGA_bsp/\libhal_bsp.a(altera_avalon_cfi_flash.o)
 .debug_str     0x00000269       0x6d ../testVGA_bsp/\libhal_bsp.a(altera_avalon_cfi_flash_table.o)
 .debug_str     0x000002d6       0x90 ../testVGA_bsp/\libhal_bsp.a(altera_avalon_epcs_flash_controller.o)
 .debug_str     0x00000366       0x12 ../testVGA_bsp/\libhal_bsp.a(altera_avalon_jtag_uart_fd.o)
 .debug_str     0x00000378       0x1a ../testVGA_bsp/\libhal_bsp.a(altera_avalon_jtag_uart_init.o)
 .debug_str     0x00000392       0x12 ../testVGA_bsp/\libhal_bsp.a(altera_avalon_jtag_uart_ioctl.o)
 .debug_str     0x000003a4       0x1a ../testVGA_bsp/\libhal_bsp.a(altera_avalon_jtag_uart_read.o)
 .debug_str     0x000003be       0x1a ../testVGA_bsp/\libhal_bsp.a(altera_avalon_jtag_uart_write.o)
 .debug_str     0x000003d8       0x25 ../testVGA_bsp/\libhal_bsp.a(altera_avalon_lcd_16207.o)
 .debug_str     0x000003fd       0x12 ../testVGA_bsp/\libhal_bsp.a(altera_avalon_lcd_16207_fd.o)
 .debug_str     0x0000040f       0x12 ../testVGA_bsp/\libhal_bsp.a(altera_avalon_timer_sc.o)
 .debug_str     0x00000421       0x12 ../testVGA_bsp/\libhal_bsp.a(altera_avalon_uart_fd.o)
 .debug_str     0x00000433       0x19 ../testVGA_bsp/\libhal_bsp.a(altera_avalon_uart_init.o)
 .debug_str     0x0000044c       0x1a ../testVGA_bsp/\libhal_bsp.a(altera_avalon_uart_read.o)
 .debug_str     0x00000466       0x1a ../testVGA_bsp/\libhal_bsp.a(altera_avalon_uart_write.o)
 .debug_str     0x00000480       0x1e ../testVGA_bsp/\libhal_bsp.a(epcs_commands.o)
 .debug_str     0x0000049e       0x23 ../testVGA_bsp/\libhal_bsp.a(alt_alarm_start.o)
 .debug_str     0x000004c1       0x12 ../testVGA_bsp/\libhal_bsp.a(alt_close.o)
 .debug_str     0x000004d3       0x12 ../testVGA_bsp/\libhal_bsp.a(alt_dcache_flush.o)
 .debug_str     0x000004e5       0x12 ../testVGA_bsp/\libhal_bsp.a(alt_dev.o)
 .debug_str     0x000004f7       0x12 ../testVGA_bsp/\libhal_bsp.a(alt_dev_llist_insert.o)
 .debug_str     0x00000509       0x12 ../testVGA_bsp/\libhal_bsp.a(alt_errno.o)
 .debug_str     0x0000051b       0x2d ../testVGA_bsp/\libhal_bsp.a(alt_flash_dev.o)
 .debug_str     0x00000548       0x18 ../testVGA_bsp/\libhal_bsp.a(alt_iic.o)
 .debug_str     0x00000560       0x1a ../testVGA_bsp/\libhal_bsp.a(alt_iic_isr_register.o)
 .debug_str     0x0000057a       0x12 ../testVGA_bsp/\libhal_bsp.a(alt_io_redirect.o)
 .debug_str     0x0000058c       0x12 ../testVGA_bsp/\libhal_bsp.a(alt_irq_handler.o)
 .debug_str     0x0000059e       0x12 ../testVGA_bsp/\libhal_bsp.a(alt_open.o)
 .debug_str     0x000005b0       0x1a ../testVGA_bsp/\libhal_bsp.a(alt_tick.o)
 .debug_str     0x000005ca       0x12 ../testVGA_bsp/\libhal_bsp.a(alt_usleep.o)
 .debug_str     0x000005dc       0x12 ../testVGA_bsp/\libhal_bsp.a(altera_nios2_irq.o)
 .debug_str     0x000005ee       0x76 ../testVGA_bsp/\libhal_bsp.a(altera_avalon_cfi_flash_amd.o)
 .debug_str     0x00000664       0x7d ../testVGA_bsp/\libhal_bsp.a(altera_avalon_cfi_flash_intel.o)
 .debug_str     0x000006e1       0x12 ../testVGA_bsp/\libhal_bsp.a(alt_busy_sleep.o)
 .debug_str     0x000006f3       0x12 ../testVGA_bsp/\libhal_bsp.a(alt_find_dev.o)
 .debug_str     0x00000705       0x12 ../testVGA_bsp/\libhal_bsp.a(alt_find_file.o)
 .debug_str     0x00000717       0x12 ../testVGA_bsp/\libhal_bsp.a(alt_get_fd.o)
 .debug_str     0x00000729      0x11a c:/altera/12.0/nios2eds/bin/gnu/h-i686-mingw32/bin/../lib/gcc/nios2-elf/4.1.2/../../../../nios2-elf/lib\libc.a(lib_a-atexit.o)
                                0x1bc (size before relaxing)
 .debug_str     0x00000843       0xdf c:/altera/12.0/nios2eds/bin/gnu/h-i686-mingw32/bin/../lib/gcc/nios2-elf/4.1.2/../../../../nios2-elf/lib\libc.a(lib_a-ctype_.o)
                                0x102 (size before relaxing)
 .debug_str     0x00000922      0x384 c:/altera/12.0/nios2eds/bin/gnu/h-i686-mingw32/bin/../lib/gcc/nios2-elf/4.1.2/../../../../nios2-elf/lib\libc.a(lib_a-exit.o)
                                0x509 (size before relaxing)
 .debug_str     0x00000ca6       0xce c:/altera/12.0/nios2eds/bin/gnu/h-i686-mingw32/bin/../lib/gcc/nios2-elf/4.1.2/../../../../nios2-elf/lib\libc.a(lib_a-impure.o)
                                0x517 (size before relaxing)
 .debug_str     0x00000d74       0x3d c:/altera/12.0/nios2eds/bin/gnu/h-i686-mingw32/bin/../lib/gcc/nios2-elf/4.1.2/../../../../nios2-elf/lib\libc.a(lib_a-int_errno.o)
                                0x160 (size before relaxing)
 .debug_str     0x00000db1       0xd2 c:/altera/12.0/nios2eds/bin/gnu/h-i686-mingw32/bin/../lib/gcc/nios2-elf/4.1.2/../../../../nios2-elf/lib\libc.a(lib_a-memcmp.o)
                                0x167 (size before relaxing)
 .debug_str     0x00000e83       0x69 c:/altera/12.0/nios2eds/bin/gnu/h-i686-mingw32/bin/../lib/gcc/nios2-elf/4.1.2/../../../../nios2-elf/lib\libc.a(lib_a-memcpy.o)
                                0x125 (size before relaxing)
 .debug_str     0x00000eec       0x56 c:/altera/12.0/nios2eds/bin/gnu/h-i686-mingw32/bin/../lib/gcc/nios2-elf/4.1.2/../../../../nios2-elf/lib\libc.a(lib_a-memset.o)
                                0x17b (size before relaxing)
 .debug_str     0x00000f42       0x42 c:/altera/12.0/nios2eds/bin/gnu/h-i686-mingw32/bin/../lib/gcc/nios2-elf/4.1.2/../../../../nios2-elf/lib\libc.a(lib_a-strlen.o)
                                0x17a (size before relaxing)
 .debug_str     0x00000f84       0x51 c:/altera/12.0/nios2eds/bin/gnu/h-i686-mingw32/bin/../lib/gcc/nios2-elf/4.1.2/../../../../nios2-elf/lib\libc.a(lib_a-__atexit.o)
                                0x521 (size before relaxing)
 .debug_str     0x00000fd5       0x7b c:/altera/12.0/nios2eds/bin/gnu/h-i686-mingw32/bin/../lib/gcc/nios2-elf/4.1.2/../../../../nios2-elf/lib\libc.a(lib_a-__call_atexit.o)
                                0x54b (size before relaxing)
 .debug_str     0x00001050       0x1c ../testVGA_bsp/\libhal_bsp.a(alt_exit.o)

.debug_loc      0x00000000     0x1dd7
 *(.debug_loc)
 .debug_loc     0x00000000       0xac obj/default/VGA.o
 .debug_loc     0x000000ac       0x2b obj/default/hello_world.o
 .debug_loc     0x000000d7      0x1d2 c:/altera/12.0/nios2eds/bin/gnu/h-i686-mingw32/bin/../lib/gcc/nios2-elf/4.1.2\libgcc.a(lib2-divmod.o)
 .debug_loc     0x000002a9       0x2b ../testVGA_bsp/\libhal_bsp.a(alt_main.o)
 .debug_loc     0x000002d4       0x81 ../testVGA_bsp/\libhal_bsp.a(alt_sys_init.o)
 .debug_loc     0x00000355      0x12e ../testVGA_bsp/\libhal_bsp.a(altera_avalon_cfi_flash.o)
 .debug_loc     0x00000483      0x306 ../testVGA_bsp/\libhal_bsp.a(altera_avalon_cfi_flash_table.o)
 .debug_loc     0x00000789      0x1af ../testVGA_bsp/\libhal_bsp.a(altera_avalon_epcs_flash_controller.o)
 .debug_loc     0x00000938       0xac ../testVGA_bsp/\libhal_bsp.a(altera_avalon_jtag_uart_fd.o)
 .debug_loc     0x000009e4       0xac ../testVGA_bsp/\libhal_bsp.a(altera_avalon_jtag_uart_init.o)
 .debug_loc     0x00000a90       0x2b ../testVGA_bsp/\libhal_bsp.a(altera_avalon_jtag_uart_ioctl.o)
 .debug_loc     0x00000abb       0x2b ../testVGA_bsp/\libhal_bsp.a(altera_avalon_jtag_uart_read.o)
 .debug_loc     0x00000ae6       0x2b ../testVGA_bsp/\libhal_bsp.a(altera_avalon_jtag_uart_write.o)
 .debug_loc     0x00000b11      0x183 ../testVGA_bsp/\libhal_bsp.a(altera_avalon_lcd_16207.o)
 .debug_loc     0x00000c94       0x2b ../testVGA_bsp/\libhal_bsp.a(altera_avalon_lcd_16207_fd.o)
 .debug_loc     0x00000cbf       0x56 ../testVGA_bsp/\libhal_bsp.a(altera_avalon_timer_sc.o)
 .debug_loc     0x00000d15       0x81 ../testVGA_bsp/\libhal_bsp.a(altera_avalon_uart_fd.o)
 .debug_loc     0x00000d96       0xd7 ../testVGA_bsp/\libhal_bsp.a(altera_avalon_uart_init.o)
 .debug_loc     0x00000e6d       0x57 ../testVGA_bsp/\libhal_bsp.a(altera_avalon_uart_read.o)
 .debug_loc     0x00000ec4       0x56 ../testVGA_bsp/\libhal_bsp.a(altera_avalon_uart_write.o)
 .debug_loc     0x00000f1a      0x1ae ../testVGA_bsp/\libhal_bsp.a(epcs_commands.o)
 .debug_loc     0x000010c8       0x2b ../testVGA_bsp/\libhal_bsp.a(alt_alarm_start.o)
 .debug_loc     0x000010f3       0x56 ../testVGA_bsp/\libhal_bsp.a(alt_close.o)
 .debug_loc     0x00001149       0x2b ../testVGA_bsp/\libhal_bsp.a(alt_dcache_flush.o)
 .debug_loc     0x00001174       0x2b ../testVGA_bsp/\libhal_bsp.a(alt_dev.o)
 .debug_loc     0x0000119f       0x56 ../testVGA_bsp/\libhal_bsp.a(alt_dev_llist_insert.o)
 .debug_loc     0x000011f5       0x2b ../testVGA_bsp/\libhal_bsp.a(alt_do_ctors.o)
 .debug_loc     0x00001220       0x2b ../testVGA_bsp/\libhal_bsp.a(alt_do_dtors.o)
 .debug_loc     0x0000124b       0x56 ../testVGA_bsp/\libhal_bsp.a(alt_flash_dev.o)
 .debug_loc     0x000012a1       0xac ../testVGA_bsp/\libhal_bsp.a(alt_iic.o)
 .debug_loc     0x0000134d       0x2b ../testVGA_bsp/\libhal_bsp.a(alt_iic_isr_register.o)
 .debug_loc     0x00001378       0x56 ../testVGA_bsp/\libhal_bsp.a(alt_io_redirect.o)
 .debug_loc     0x000013ce       0x2b ../testVGA_bsp/\libhal_bsp.a(alt_irq_handler.o)
 .debug_loc     0x000013f9       0x81 ../testVGA_bsp/\libhal_bsp.a(alt_open.o)
 .debug_loc     0x0000147a       0x2b ../testVGA_bsp/\libhal_bsp.a(alt_release_fd.o)
 .debug_loc     0x000014a5       0x56 ../testVGA_bsp/\libhal_bsp.a(alt_tick.o)
 .debug_loc     0x000014fb       0x2b ../testVGA_bsp/\libhal_bsp.a(alt_usleep.o)
 .debug_loc     0x00001526       0x2b ../testVGA_bsp/\libhal_bsp.a(altera_nios2_irq.o)
 .debug_loc     0x00001551       0xac ../testVGA_bsp/\libhal_bsp.a(altera_avalon_cfi_flash_amd.o)
 .debug_loc     0x000015fd       0xac ../testVGA_bsp/\libhal_bsp.a(altera_avalon_cfi_flash_intel.o)