TimeQuest Timing Analyzer report for DE2_TV
Tue Dec 30 04:15:54 2014
Quartus II 64-Bit Version 12.0 Build 178 05/31/2012 SJ Full Version


---------------------
; Table of Contents ;
---------------------
  1. Legal Notice
  2. TimeQuest Timing Analyzer Summary
  3. Parallel Compilation
  4. Clocks
  5. Slow Model Fmax Summary
  6. Slow Model Setup Summary
  7. Slow Model Hold Summary
  8. Slow Model Recovery Summary
  9. Slow Model Removal Summary
 10. Slow Model Minimum Pulse Width Summary
 11. Slow Model Minimum Pulse Width: 'altera_reserved_tck'
 12. Propagation Delay
 13. Minimum Propagation Delay
 14. Fast Model Setup Summary
 15. Fast Model Hold Summary
 16. Fast Model Recovery Summary
 17. Fast Model Removal Summary
 18. Fast Model Minimum Pulse Width Summary
 19. Fast Model Minimum Pulse Width: 'altera_reserved_tck'
 20. Propagation Delay
 21. Minimum Propagation Delay
 22. Multicorner Timing Analysis Summary
 23. Progagation Delay
 24. Minimum Progagation Delay
 25. Clock Transfers
 26. Report TCCS
 27. Report RSKM
 28. Unconstrained Paths
 29. TimeQuest Timing Analyzer Messages



----------------
; Legal Notice ;
----------------
Copyright (C) 1991-2012 Altera Corporation
Your use of Altera Corporation's design tools, logic functions 
and other software and tools, and its AMPP partner logic 
functions, and any output files from any of the foregoing 
(including device programming or simulation files), and any 
associated documentation or information are expressly subject 
to the terms and conditions of the Altera Program License 
Subscription Agreement, Altera MegaCore Function License 
Agreement, or other applicable license agreement, including, 
without limitation, that your use is for the sole purpose of 
programming logic devices manufactured by Altera and sold by 
Altera or its authorized distributors.  Please refer to the 
applicable agreement for further details.



+------------------------------------------------------------------------+
; TimeQuest Timing Analyzer Summary                                      ;
+--------------------+---------------------------------------------------+
; Quartus II Version ; Version 12.0 Build 178 05/31/2012 SJ Full Version ;
; Revision Name      ; DE2_TV                                            ;
; Device Family      ; Cyclone II                                        ;
; Device Name        ; EP2C35F672C6                                      ;
; Timing Models      ; Final                                             ;
; Delay Model        ; Combined                                          ;
; Rise/Fall Delays   ; Unavailable                                       ;
+--------------------+---------------------------------------------------+


Parallel compilation was disabled, but you have multiple processors available. Enable parallel compilation to reduce compilation time.
+-------------------------------------+
; Parallel Compilation                ;
+----------------------------+--------+
; Processors                 ; Number ;
+----------------------------+--------+
; Number detected on machine ; 4      ;
; Maximum allowed            ; 1      ;
+----------------------------+--------+


+-----------------------------------------------------------------------------------------------------------------------------------------------------------------------------------------------------------+
; Clocks                                                                                                                                                                                                    ;
+---------------------+------+---------+-----------+-------+--------+------------+-----------+-------------+-------+--------+-----------+------------+----------+--------+--------+-------------------------+
; Clock Name          ; Type ; Period  ; Frequency ; Rise  ; Fall   ; Duty Cycle ; Divide by ; Multiply by ; Phase ; Offset ; Edge List ; Edge Shift ; Inverted ; Master ; Source ; Targets                 ;
+---------------------+------+---------+-----------+-------+--------+------------+-----------+-------------+-------+--------+-----------+------------+----------+--------+--------+-------------------------+
; altera_reserved_tck ; Base ; 100.000 ; 10.0 MHz  ; 0.000 ; 50.000 ;            ;           ;             ;       ;        ;           ;            ;          ;        ;        ; { altera_reserved_tck } ;
+---------------------+------+---------+-----------+-------+--------+------------+-----------+-------------+-------+--------+-----------+------------+----------+--------+--------+-------------------------+


---------------------------
; Slow Model Fmax Summary ;
---------------------------
No paths to report.


----------------------------
; Slow Model Setup Summary ;
----------------------------
No paths to report.


---------------------------
; Slow Model Hold Summary ;
---------------------------
No paths to report.


-------------------------------
; Slow Model Recovery Summary ;
-------------------------------
No paths to report.


------------------------------
; Slow Model Removal Summary ;
------------------------------
No paths to report.


+----------------------------------------------+
; Slow Model Minimum Pulse Width Summary       ;
+---------------------+--------+---------------+
; Clock               ; Slack  ; End Point TNS ;
+---------------------+--------+---------------+
; altera_reserved_tck ; 97.778 ; 0.000         ;
+---------------------+--------+---------------+


+-------------------------------------------------------------------------------------------------------------+
; Slow Model Minimum Pulse Width: 'altera_reserved_tck'                                                       ;
+--------+--------------+----------------+-----------+---------------------+------------+---------------------+
; Slack  ; Actual Width ; Required Width ; Type      ; Clock               ; Clock Edge ; Target              ;
+--------+--------------+----------------+-----------+---------------------+------------+---------------------+
; 97.778 ; 100.000      ; 2.222          ; Port Rate ; altera_reserved_tck ; Rise       ; altera_reserved_tck ;
+--------+--------------+----------------+-----------+---------------------+------------+---------------------+


+---------------------------------------------------------------+
; Propagation Delay                                             ;
+-------------+-------------+--------+--------+--------+--------+
; Input Port  ; Output Port ; RR     ; RF     ; FR     ; FF     ;
+-------------+-------------+--------+--------+--------+--------+
; DPDT_SW[0]  ; HEX0[0]     ; 7.362  ; 7.362  ; 7.362  ; 7.362  ;
; DPDT_SW[0]  ; HEX0[1]     ; 7.331  ; 7.331  ; 7.331  ; 7.331  ;
; DPDT_SW[0]  ; HEX0[2]     ;        ; 7.310  ; 7.310  ;        ;
; DPDT_SW[0]  ; HEX0[3]     ; 7.113  ; 7.113  ; 7.113  ; 7.113  ;
; DPDT_SW[0]  ; HEX0[4]     ; 7.106  ;        ;        ; 7.106  ;
; DPDT_SW[0]  ; HEX0[5]     ; 7.098  ;        ;        ; 7.098  ;
; DPDT_SW[0]  ; HEX0[6]     ; 7.103  ; 7.103  ; 7.103  ; 7.103  ;
; DPDT_SW[1]  ; HEX0[0]     ; 7.577  ; 7.577  ; 7.577  ; 7.577  ;
; DPDT_SW[1]  ; HEX0[1]     ; 7.548  ; 7.548  ; 7.548  ; 7.548  ;
; DPDT_SW[1]  ; HEX0[2]     ; 7.554  ;        ;        ; 7.554  ;
; DPDT_SW[1]  ; HEX0[3]     ; 7.324  ; 7.324  ; 7.324  ; 7.324  ;
; DPDT_SW[1]  ; HEX0[4]     ;        ; 7.329  ; 7.329  ;        ;
; DPDT_SW[1]  ; HEX0[5]     ; 7.318  ; 7.318  ; 7.318  ; 7.318  ;
; DPDT_SW[1]  ; HEX0[6]     ; 7.321  ; 7.321  ; 7.321  ; 7.321  ;
; DPDT_SW[2]  ; HEX0[0]     ; 6.882  ; 6.882  ; 6.882  ; 6.882  ;
; DPDT_SW[2]  ; HEX0[1]     ; 6.853  ;        ;        ; 6.853  ;
; DPDT_SW[2]  ; HEX0[2]     ; 6.858  ; 6.858  ; 6.858  ; 6.858  ;
; DPDT_SW[2]  ; HEX0[3]     ; 6.633  ; 6.633  ; 6.633  ; 6.633  ;
; DPDT_SW[2]  ; HEX0[4]     ; 6.630  ; 6.630  ; 6.630  ; 6.630  ;
; DPDT_SW[2]  ; HEX0[5]     ; 6.618  ; 6.618  ; 6.618  ; 6.618  ;
; DPDT_SW[2]  ; HEX0[6]     ; 6.625  ; 6.625  ; 6.625  ; 6.625  ;
; DPDT_SW[3]  ; HEX0[0]     ; 6.172  ; 6.172  ; 6.172  ; 6.172  ;
; DPDT_SW[3]  ; HEX0[1]     ; 6.142  ; 6.142  ; 6.142  ; 6.142  ;
; DPDT_SW[3]  ; HEX0[2]     ; 6.149  ; 6.149  ; 6.149  ; 6.149  ;
; DPDT_SW[3]  ; HEX0[3]     ; 5.922  ; 5.922  ; 5.922  ; 5.922  ;
; DPDT_SW[3]  ; HEX0[4]     ;        ; 5.922  ; 5.922  ;        ;
; DPDT_SW[3]  ; HEX0[5]     ; 5.910  ; 5.910  ; 5.910  ; 5.910  ;
; DPDT_SW[3]  ; HEX0[6]     ; 5.914  ; 5.914  ; 5.914  ; 5.914  ;
; DPDT_SW[4]  ; HEX1[0]     ; 6.301  ; 6.301  ; 6.301  ; 6.301  ;
; DPDT_SW[4]  ; HEX1[1]     ; 6.443  ; 6.443  ; 6.443  ; 6.443  ;
; DPDT_SW[4]  ; HEX1[2]     ;        ; 5.999  ; 5.999  ;        ;
; DPDT_SW[4]  ; HEX1[3]     ; 5.955  ; 5.955  ; 5.955  ; 5.955  ;
; DPDT_SW[4]  ; HEX1[4]     ; 6.021  ;        ;        ; 6.021  ;
; DPDT_SW[4]  ; HEX1[5]     ; 6.245  ;        ;        ; 6.245  ;
; DPDT_SW[4]  ; HEX1[6]     ; 6.265  ; 6.265  ; 6.265  ; 6.265  ;
; DPDT_SW[5]  ; HEX1[0]     ; 6.593  ; 6.593  ; 6.593  ; 6.593  ;
; DPDT_SW[5]  ; HEX1[1]     ; 6.767  ; 6.767  ; 6.767  ; 6.767  ;
; DPDT_SW[5]  ; HEX1[2]     ; 6.324  ;        ;        ; 6.324  ;
; DPDT_SW[5]  ; HEX1[3]     ; 6.280  ; 6.280  ; 6.280  ; 6.280  ;
; DPDT_SW[5]  ; HEX1[4]     ;        ; 6.321  ; 6.321  ;        ;
; DPDT_SW[5]  ; HEX1[5]     ; 6.571  ; 6.571  ; 6.571  ; 6.571  ;
; DPDT_SW[5]  ; HEX1[6]     ; 6.589  ; 6.589  ; 6.589  ; 6.589  ;
; DPDT_SW[6]  ; HEX1[0]     ; 6.515  ; 6.515  ; 6.515  ; 6.515  ;
; DPDT_SW[6]  ; HEX1[1]     ; 6.655  ;        ;        ; 6.655  ;
; DPDT_SW[6]  ; HEX1[2]     ; 6.210  ; 6.210  ; 6.210  ; 6.210  ;
; DPDT_SW[6]  ; HEX1[3]     ; 6.170  ; 6.170  ; 6.170  ; 6.170  ;
; DPDT_SW[6]  ; HEX1[4]     ; 6.220  ; 6.220  ; 6.220  ; 6.220  ;
; DPDT_SW[6]  ; HEX1[5]     ; 6.445  ; 6.445  ; 6.445  ; 6.445  ;
; DPDT_SW[6]  ; HEX1[6]     ; 6.478  ; 6.478  ; 6.478  ; 6.478  ;
; DPDT_SW[7]  ; HEX1[0]     ; 7.357  ; 7.357  ; 7.357  ; 7.357  ;
; DPDT_SW[7]  ; HEX1[1]     ; 7.535  ; 7.535  ; 7.535  ; 7.535  ;
; DPDT_SW[7]  ; HEX1[2]     ; 7.092  ; 7.092  ; 7.092  ; 7.092  ;
; DPDT_SW[7]  ; HEX1[3]     ; 7.051  ; 7.051  ; 7.051  ; 7.051  ;
; DPDT_SW[7]  ; HEX1[4]     ;        ; 7.081  ; 7.081  ;        ;
; DPDT_SW[7]  ; HEX1[5]     ; 7.310  ; 7.310  ; 7.310  ; 7.310  ;
; DPDT_SW[7]  ; HEX1[6]     ; 7.353  ; 7.353  ; 7.353  ; 7.353  ;
; DPDT_SW[8]  ; HEX2[0]     ; 7.522  ; 7.522  ; 7.522  ; 7.522  ;
; DPDT_SW[8]  ; HEX2[1]     ; 7.443  ; 7.443  ; 7.443  ; 7.443  ;
; DPDT_SW[8]  ; HEX2[2]     ;        ; 7.495  ; 7.495  ;        ;
; DPDT_SW[8]  ; HEX2[3]     ; 7.532  ; 7.532  ; 7.532  ; 7.532  ;
; DPDT_SW[8]  ; HEX2[4]     ; 7.232  ;        ;        ; 7.232  ;
; DPDT_SW[8]  ; HEX2[5]     ; 7.229  ;        ;        ; 7.229  ;
; DPDT_SW[8]  ; HEX2[6]     ; 7.220  ; 7.220  ; 7.220  ; 7.220  ;
; DPDT_SW[9]  ; HEX2[0]     ; 7.038  ; 7.038  ; 7.038  ; 7.038  ;
; DPDT_SW[9]  ; HEX2[1]     ; 6.963  ; 6.963  ; 6.963  ; 6.963  ;
; DPDT_SW[9]  ; HEX2[2]     ; 7.043  ;        ;        ; 7.043  ;
; DPDT_SW[9]  ; HEX2[3]     ; 7.053  ; 7.053  ; 7.053  ; 7.053  ;
; DPDT_SW[9]  ; HEX2[4]     ;        ; 6.751  ; 6.751  ;        ;
; DPDT_SW[9]  ; HEX2[5]     ; 6.749  ; 6.749  ; 6.749  ; 6.749  ;
; DPDT_SW[9]  ; HEX2[6]     ; 6.740  ; 6.740  ; 6.740  ; 6.740  ;
; DPDT_SW[10] ; HEX2[0]     ; 7.208  ; 7.208  ; 7.208  ; 7.208  ;
; DPDT_SW[10] ; HEX2[1]     ; 7.134  ;        ;        ; 7.134  ;
; DPDT_SW[10] ; HEX2[2]     ; 7.202  ; 7.202  ; 7.202  ; 7.202  ;
; DPDT_SW[10] ; HEX2[3]     ; 7.213  ; 7.213  ; 7.213  ; 7.213  ;
; DPDT_SW[10] ; HEX2[4]     ; 6.912  ; 6.912  ; 6.912  ; 6.912  ;
; DPDT_SW[10] ; HEX2[5]     ; 6.916  ; 6.916  ; 6.916  ; 6.916  ;
; DPDT_SW[10] ; HEX2[6]     ; 6.906  ; 6.906  ; 6.906  ; 6.906  ;
; DPDT_SW[11] ; HEX2[0]     ; 7.291  ; 7.291  ; 7.291  ; 7.291  ;
; DPDT_SW[11] ; HEX2[1]     ; 7.218  ; 7.218  ; 7.218  ; 7.218  ;
; DPDT_SW[11] ; HEX2[2]     ; 7.286  ; 7.286  ; 7.286  ; 7.286  ;
; DPDT_SW[11] ; HEX2[3]     ; 7.294  ; 7.294  ; 7.294  ; 7.294  ;
; DPDT_SW[11] ; HEX2[4]     ;        ; 6.993  ; 6.993  ;        ;
; DPDT_SW[11] ; HEX2[5]     ; 6.998  ; 6.998  ; 6.998  ; 6.998  ;
; DPDT_SW[11] ; HEX2[6]     ; 6.989  ; 6.989  ; 6.989  ; 6.989  ;
; DPDT_SW[12] ; HEX3[0]     ; 7.029  ; 7.029  ; 7.029  ; 7.029  ;
; DPDT_SW[12] ; HEX3[1]     ; 6.914  ; 6.914  ; 6.914  ; 6.914  ;
; DPDT_SW[12] ; HEX3[2]     ;        ; 6.909  ; 6.909  ;        ;
; DPDT_SW[12] ; HEX3[3]     ; 6.869  ; 6.869  ; 6.869  ; 6.869  ;
; DPDT_SW[12] ; HEX3[4]     ; 6.900  ;        ;        ; 6.900  ;
; DPDT_SW[12] ; HEX3[5]     ; 7.107  ;        ;        ; 7.107  ;
; DPDT_SW[12] ; HEX3[6]     ; 7.126  ; 7.126  ; 7.126  ; 7.126  ;
; DPDT_SW[13] ; HEX3[0]     ; 10.619 ; 10.619 ; 10.619 ; 10.619 ;
; DPDT_SW[13] ; HEX3[1]     ; 10.535 ; 10.535 ; 10.535 ; 10.535 ;
; DPDT_SW[13] ; HEX3[2]     ; 10.527 ;        ;        ; 10.527 ;
; DPDT_SW[13] ; HEX3[3]     ; 10.489 ; 10.489 ; 10.489 ; 10.489 ;
; DPDT_SW[13] ; HEX3[4]     ;        ; 10.520 ; 10.520 ;        ;
; DPDT_SW[13] ; HEX3[5]     ; 10.728 ; 10.728 ; 10.728 ; 10.728 ;
; DPDT_SW[13] ; HEX3[6]     ; 10.751 ; 10.751 ; 10.751 ; 10.751 ;
; DPDT_SW[14] ; HEX3[0]     ; 10.710 ; 10.710 ; 10.710 ; 10.710 ;
; DPDT_SW[14] ; HEX3[1]     ; 10.596 ;        ;        ; 10.596 ;
; DPDT_SW[14] ; HEX3[2]     ; 10.563 ; 10.563 ; 10.563 ; 10.563 ;
; DPDT_SW[14] ; HEX3[3]     ; 10.550 ; 10.550 ; 10.550 ; 10.550 ;
; DPDT_SW[14] ; HEX3[4]     ; 10.590 ; 10.590 ; 10.590 ; 10.590 ;
; DPDT_SW[14] ; HEX3[5]     ; 10.795 ; 10.795 ; 10.795 ; 10.795 ;
; DPDT_SW[14] ; HEX3[6]     ; 10.812 ; 10.812 ; 10.812 ; 10.812 ;
; DPDT_SW[15] ; HEX3[0]     ; 10.397 ; 10.397 ; 10.397 ; 10.397 ;
; DPDT_SW[15] ; HEX3[1]     ; 10.282 ; 10.282 ; 10.282 ; 10.282 ;
; DPDT_SW[15] ; HEX3[2]     ; 10.285 ; 10.285 ; 10.285 ; 10.285 ;
; DPDT_SW[15] ; HEX3[3]     ; 10.238 ; 10.238 ; 10.238 ; 10.238 ;
; DPDT_SW[15] ; HEX3[4]     ;        ; 10.282 ; 10.282 ;        ;
; DPDT_SW[15] ; HEX3[5]     ; 10.488 ; 10.488 ; 10.488 ; 10.488 ;
; DPDT_SW[15] ; HEX3[6]     ; 10.498 ; 10.498 ; 10.498 ; 10.498 ;
; DPDT_SW[16] ; HEX4[0]     ; 9.189  ;        ;        ; 9.189  ;
; DPDT_SW[16] ; HEX4[2]     ;        ; 9.309  ; 9.309  ;        ;
; DPDT_SW[16] ; HEX4[3]     ; 9.018  ;        ;        ; 9.018  ;
; DPDT_SW[16] ; HEX4[4]     ; 8.288  ;        ;        ; 8.288  ;
; DPDT_SW[16] ; HEX4[5]     ; 8.994  ;        ;        ; 8.994  ;
; DPDT_SW[17] ; HEX4[0]     ;        ; 9.325  ; 9.325  ;        ;
; DPDT_SW[17] ; HEX4[2]     ; 9.484  ;        ;        ; 9.484  ;
; DPDT_SW[17] ; HEX4[3]     ;        ; 9.154  ; 9.154  ;        ;
; DPDT_SW[17] ; HEX4[5]     ; 9.200  ;        ;        ; 9.200  ;
; DPDT_SW[17] ; HEX4[6]     ;        ; 8.308  ; 8.308  ;        ;
; KEY[0]      ; TD_RESET    ; 10.060 ;        ;        ; 10.060 ;
; OSC_27      ; AUD_XCK     ; 2.917  ;        ;        ; 2.917  ;
; OSC_27      ; DRAM_CLK    ; 2.846  ;        ;        ; 2.846  ;
; OSC_27      ; VGA_CLK     ;        ; 5.155  ; 5.155  ;        ;
; TD_CLK      ; GPIO_0[0]   ; 9.504  ;        ;        ; 9.504  ;
; TD_DATA[0]  ; GPIO_0[4]   ; 9.717  ;        ;        ; 9.717  ;
; TD_HS       ; GPIO_0[1]   ; 10.189 ;        ;        ; 10.189 ;
; TD_VS       ; GPIO_0[2]   ; 10.478 ;        ;        ; 10.478 ;
+-------------+-------------+--------+--------+--------+--------+


+---------------------------------------------------------------+
; Minimum Propagation Delay                                     ;
+-------------+-------------+--------+--------+--------+--------+
; Input Port  ; Output Port ; RR     ; RF     ; FR     ; FF     ;
+-------------+-------------+--------+--------+--------+--------+
; DPDT_SW[0]  ; HEX0[0]     ; 7.362  ; 7.362  ; 7.362  ; 7.362  ;
; DPDT_SW[0]  ; HEX0[1]     ; 7.331  ; 7.331  ; 7.331  ; 7.331  ;
; DPDT_SW[0]  ; HEX0[2]     ;        ; 7.310  ; 7.310  ;        ;
; DPDT_SW[0]  ; HEX0[3]     ; 7.113  ; 7.113  ; 7.113  ; 7.113  ;
; DPDT_SW[0]  ; HEX0[4]     ; 7.106  ;        ;        ; 7.106  ;
; DPDT_SW[0]  ; HEX0[5]     ; 7.098  ;        ;        ; 7.098  ;
; DPDT_SW[0]  ; HEX0[6]     ; 7.103  ; 7.103  ; 7.103  ; 7.103  ;
; DPDT_SW[1]  ; HEX0[0]     ; 7.577  ; 7.577  ; 7.577  ; 7.577  ;
; DPDT_SW[1]  ; HEX0[1]     ; 7.548  ; 7.548  ; 7.548  ; 7.548  ;
; DPDT_SW[1]  ; HEX0[2]     ; 7.554  ;        ;        ; 7.554  ;
; DPDT_SW[1]  ; HEX0[3]     ; 7.324  ; 7.324  ; 7.324  ; 7.324  ;
; DPDT_SW[1]  ; HEX0[4]     ;        ; 7.329  ; 7.329  ;        ;
; DPDT_SW[1]  ; HEX0[5]     ; 7.318  ; 7.318  ; 7.318  ; 7.318  ;
; DPDT_SW[1]  ; HEX0[6]     ; 7.321  ; 7.321  ; 7.321  ; 7.321  ;
; DPDT_SW[2]  ; HEX0[0]     ; 6.882  ; 6.882  ; 6.882  ; 6.882  ;
; DPDT_SW[2]  ; HEX0[1]     ; 6.853  ;        ;        ; 6.853  ;
; DPDT_SW[2]  ; HEX0[2]     ; 6.858  ; 6.858  ; 6.858  ; 6.858  ;
; DPDT_SW[2]  ; HEX0[3]     ; 6.633  ; 6.633  ; 6.633  ; 6.633  ;
; DPDT_SW[2]  ; HEX0[4]     ; 6.630  ; 6.630  ; 6.630  ; 6.630  ;
; DPDT_SW[2]  ; HEX0[5]     ; 6.618  ; 6.618  ; 6.618  ; 6.618  ;
; DPDT_SW[2]  ; HEX0[6]     ; 6.625  ; 6.625  ; 6.625  ; 6.625  ;
; DPDT_SW[3]  ; HEX0[0]     ; 6.172  ; 6.172  ; 6.172  ; 6.172  ;
; DPDT_SW[3]  ; HEX0[1]     ; 6.142  ; 6.142  ; 6.142  ; 6.142  ;
; DPDT_SW[3]  ; HEX0[2]     ; 6.149  ; 6.149  ; 6.149  ; 6.149  ;
; DPDT_SW[3]  ; HEX0[3]     ; 5.922  ; 5.922  ; 5.922  ; 5.922  ;
; DPDT_SW[3]  ; HEX0[4]     ;        ; 5.922  ; 5.922  ;        ;
; DPDT_SW[3]  ; HEX0[5]     ; 5.910  ; 5.910  ; 5.910  ; 5.910  ;
; DPDT_SW[3]  ; HEX0[6]     ; 5.914  ; 5.914  ; 5.914  ; 5.914  ;
; DPDT_SW[4]  ; HEX1[0]     ; 6.301  ; 6.301  ; 6.301  ; 6.301  ;
; DPDT_SW[4]  ; HEX1[1]     ; 6.443  ; 6.443  ; 6.443  ; 6.443  ;
; DPDT_SW[4]  ; HEX1[2]     ;        ; 5.999  ; 5.999  ;        ;
; DPDT_SW[4]  ; HEX1[3]     ; 5.955  ; 5.955  ; 5.955  ; 5.955  ;
; DPDT_SW[4]  ; HEX1[4]     ; 6.021  ;        ;        ; 6.021  ;
; DPDT_SW[4]  ; HEX1[5]     ; 6.245  ;        ;        ; 6.245  ;
; DPDT_SW[4]  ; HEX1[6]     ; 6.265  ; 6.265  ; 6.265  ; 6.265  ;
; DPDT_SW[5]  ; HEX1[0]     ; 6.593  ; 6.593  ; 6.593  ; 6.593  ;
; DPDT_SW[5]  ; HEX1[1]     ; 6.767  ; 6.767  ; 6.767  ; 6.767  ;
; DPDT_SW[5]  ; HEX1[2]     ; 6.324  ;        ;        ; 6.324  ;
; DPDT_SW[5]  ; HEX1[3]     ; 6.280  ; 6.280  ; 6.280  ; 6.280  ;
; DPDT_SW[5]  ; HEX1[4]     ;        ; 6.321  ; 6.321  ;        ;
; DPDT_SW[5]  ; HEX1[5]     ; 6.571  ; 6.571  ; 6.571  ; 6.571  ;
; DPDT_SW[5]  ; HEX1[6]     ; 6.589  ; 6.589  ; 6.589  ; 6.589  ;
; DPDT_SW[6]  ; HEX1[0]     ; 6.515  ; 6.515  ; 6.515  ; 6.515  ;
; DPDT_SW[6]  ; HEX1[1]     ; 6.655  ;        ;        ; 6.655  ;
; DPDT_SW[6]  ; HEX1[2]     ; 6.210  ; 6.210  ; 6.210  ; 6.210  ;
; DPDT_SW[6]  ; HEX1[3]     ; 6.170  ; 6.170  ; 6.170  ; 6.170  ;
; DPDT_SW[6]  ; HEX1[4]     ; 6.220  ; 6.220  ; 6.220  ; 6.220  ;
; DPDT_SW[6]  ; HEX1[5]     ; 6.445  ; 6.445  ; 6.445  ; 6.445  ;
; DPDT_SW[6]  ; HEX1[6]     ; 6.478  ; 6.478  ; 6.478  ; 6.478  ;
; DPDT_SW[7]  ; HEX1[0]     ; 7.357  ; 7.357  ; 7.357  ; 7.357  ;
; DPDT_SW[7]  ; HEX1[1]     ; 7.535  ; 7.535  ; 7.535  ; 7.535  ;
; DPDT_SW[7]  ; HEX1[2]     ; 7.092  ; 7.092  ; 7.092  ; 7.092  ;
; DPDT_SW[7]  ; HEX1[3]     ; 7.051  ; 7.051  ; 7.051  ; 7.051  ;
; DPDT_SW[7]  ; HEX1[4]     ;        ; 7.081  ; 7.081  ;        ;
; DPDT_SW[7]  ; HEX1[5]     ; 7.310  ; 7.310  ; 7.310  ; 7.310  ;
; DPDT_SW[7]  ; HEX1[6]     ; 7.353  ; 7.353  ; 7.353  ; 7.353  ;
; DPDT_SW[8]  ; HEX2[0]     ; 7.522  ; 7.522  ; 7.522  ; 7.522  ;
; DPDT_SW[8]  ; HEX2[1]     ; 7.443  ; 7.443  ; 7.443  ; 7.443  ;
; DPDT_SW[8]  ; HEX2[2]     ;        ; 7.495  ; 7.495  ;        ;
; DPDT_SW[8]  ; HEX2[3]     ; 7.532  ; 7.532  ; 7.532  ; 7.532  ;
; DPDT_SW[8]  ; HEX2[4]     ; 7.232  ;        ;        ; 7.232  ;
; DPDT_SW[8]  ; HEX2[5]     ; 7.229  ;        ;        ; 7.229  ;
; DPDT_SW[8]  ; HEX2[6]     ; 7.220  ; 7.220  ; 7.220  ; 7.220  ;
; DPDT_SW[9]  ; HEX2[0]     ; 7.038  ; 7.038  ; 7.038  ; 7.038  ;
; DPDT_SW[9]  ; HEX2[1]     ; 6.963  ; 6.963  ; 6.963  ; 6.963  ;
; DPDT_SW[9]  ; HEX2[2]     ; 7.043  ;        ;        ; 7.043  ;
; DPDT_SW[9]  ; HEX2[3]     ; 7.053  ; 7.053  ; 7.053  ; 7.053  ;
; DPDT_SW[9]  ; HEX2[4]     ;        ; 6.751  ; 6.751  ;        ;
; DPDT_SW[9]  ; HEX2[5]     ; 6.749  ; 6.749  ; 6.749  ; 6.749  ;
; DPDT_SW[9]  ; HEX2[6]     ; 6.740  ; 6.740  ; 6.740  ; 6.740  ;
; DPDT_SW[10] ; HEX2[0]     ; 7.208  ; 7.208  ; 7.208  ; 7.208  ;
; DPDT_SW[10] ; HEX2[1]     ; 7.134  ;        ;        ; 7.134  ;
; DPDT_SW[10] ; HEX2[2]     ; 7.202  ; 7.202  ; 7.202  ; 7.202  ;
; DPDT_SW[10] ; HEX2[3]     ; 7.213  ; 7.213  ; 7.213  ; 7.213  ;
; DPDT_SW[10] ; HEX2[4]     ; 6.912  ; 6.912  ; 6.912  ; 6.912  ;
; DPDT_SW[10] ; HEX2[5]     ; 6.916  ; 6.916  ; 6.916  ; 6.916  ;
; DPDT_SW[10] ; HEX2[6]     ; 6.906  ; 6.906  ; 6.906  ; 6.906  ;
; DPDT_SW[11] ; HEX2[0]     ; 7.291  ; 7.291  ; 7.291  ; 7.291  ;
; DPDT_SW[11] ; HEX2[1]     ; 7.218  ; 7.218  ; 7.218  ; 7.218  ;
; DPDT_SW[11] ; HEX2[2]     ; 7.286  ; 7.286  ; 7.286  ; 7.286  ;
; DPDT_SW[11] ; HEX2[3]     ; 7.294  ; 7.294  ; 7.294  ; 7.294  ;
; DPDT_SW[11] ; HEX2[4]     ;        ; 6.993  ; 6.993  ;        ;
; DPDT_SW[11] ; HEX2[5]     ; 6.998  ; 6.998  ; 6.998  ; 6.998  ;
; DPDT_SW[11] ; HEX2[6]     ; 6.989  ; 6.989  ; 6.989  ; 6.989  ;
; DPDT_SW[12] ; HEX3[0]     ; 7.029  ; 7.029  ; 7.029  ; 7.029  ;
; DPDT_SW[12] ; HEX3[1]     ; 6.914  ; 6.914  ; 6.914  ; 6.914  ;
; DPDT_SW[12] ; HEX3[2]     ;        ; 6.909  ; 6.909  ;        ;
; DPDT_SW[12] ; HEX3[3]     ; 6.869  ; 6.869  ; 6.869  ; 6.869  ;
; DPDT_SW[12] ; HEX3[4]     ; 6.900  ;        ;        ; 6.900  ;
; DPDT_SW[12] ; HEX3[5]     ; 7.107  ;        ;        ; 7.107  ;
; DPDT_SW[12] ; HEX3[6]     ; 7.126  ; 7.126  ; 7.126  ; 7.126  ;
; DPDT_SW[13] ; HEX3[0]     ; 10.619 ; 10.619 ; 10.619 ; 10.619 ;
; DPDT_SW[13] ; HEX3[1]     ; 10.535 ; 10.535 ; 10.535 ; 10.535 ;
; DPDT_SW[13] ; HEX3[2]     ; 10.527 ;        ;        ; 10.527 ;
; DPDT_SW[13] ; HEX3[3]     ; 10.489 ; 10.489 ; 10.489 ; 10.489 ;
; DPDT_SW[13] ; HEX3[4]     ;        ; 10.520 ; 10.520 ;        ;
; DPDT_SW[13] ; HEX3[5]     ; 10.728 ; 10.728 ; 10.728 ; 10.728 ;
; DPDT_SW[13] ; HEX3[6]     ; 10.751 ; 10.751 ; 10.751 ; 10.751 ;
; DPDT_SW[14] ; HEX3[0]     ; 10.710 ; 10.710 ; 10.710 ; 10.710 ;
; DPDT_SW[14] ; HEX3[1]     ; 10.596 ;        ;        ; 10.596 ;
; DPDT_SW[14] ; HEX3[2]     ; 10.563 ; 10.563 ; 10.563 ; 10.563 ;
; DPDT_SW[14] ; HEX3[3]     ; 10.550 ; 10.550 ; 10.550 ; 10.550 ;
; DPDT_SW[14] ; HEX3[4]     ; 10.590 ; 10.590 ; 10.590 ; 10.590 ;
; DPDT_SW[14] ; HEX3[5]     ; 10.795 ; 10.795 ; 10.795 ; 10.795 ;
; DPDT_SW[14] ; HEX3[6]     ; 10.812 ; 10.812 ; 10.812 ; 10.812 ;
; DPDT_SW[15] ; HEX3[0]     ; 10.397 ; 10.397 ; 10.397 ; 10.397 ;
; DPDT_SW[15] ; HEX3[1]     ; 10.282 ; 10.282 ; 10.282 ; 10.282 ;
; DPDT_SW[15] ; HEX3[2]     ; 10.285 ; 10.285 ; 10.285 ; 10.285 ;
; DPDT_SW[15] ; HEX3[3]     ; 10.238 ; 10.238 ; 10.238 ; 10.238 ;
; DPDT_SW[15] ; HEX3[4]     ;        ; 10.282 ; 10.282 ;        ;
; DPDT_SW[15] ; HEX3[5]     ; 10.488 ; 10.488 ; 10.488 ; 10.488 ;
; DPDT_SW[15] ; HEX3[6]     ; 10.498 ; 10.498 ; 10.498 ; 10.498 ;
; DPDT_SW[16] ; HEX4[0]     ; 9.189  ;        ;        ; 9.189  ;
; DPDT_SW[16] ; HEX4[2]     ;        ; 9.309  ; 9.309  ;        ;
; DPDT_SW[16] ; HEX4[3]     ; 9.018  ;        ;        ; 9.018  ;
; DPDT_SW[16] ; HEX4[4]     ; 8.288  ;        ;        ; 8.288  ;
; DPDT_SW[16] ; HEX4[5]     ; 8.994  ;        ;        ; 8.994  ;
; DPDT_SW[17] ; HEX4[0]     ;        ; 9.325  ; 9.325  ;        ;
; DPDT_SW[17] ; HEX4[2]     ; 9.484  ;        ;        ; 9.484  ;
; DPDT_SW[17] ; HEX4[3]     ;        ; 9.154  ; 9.154  ;        ;
; DPDT_SW[17] ; HEX4[5]     ; 9.200  ;        ;        ; 9.200  ;
; DPDT_SW[17] ; HEX4[6]     ;        ; 8.308  ; 8.308  ;        ;
; KEY[0]      ; TD_RESET    ; 10.060 ;        ;        ; 10.060 ;
; OSC_27      ; AUD_XCK     ; 2.917  ;        ;        ; 2.917  ;
; OSC_27      ; DRAM_CLK    ; 2.846  ;        ;        ; 2.846  ;
; OSC_27      ; VGA_CLK     ;        ; 5.155  ; 5.155  ;        ;
; TD_CLK      ; GPIO_0[0]   ; 9.504  ;        ;        ; 9.504  ;
; TD_DATA[0]  ; GPIO_0[4]   ; 9.717  ;        ;        ; 9.717  ;
; TD_HS       ; GPIO_0[1]   ; 10.189 ;        ;        ; 10.189 ;
; TD_VS       ; GPIO_0[2]   ; 10.478 ;        ;        ; 10.478 ;
+-------------+-------------+--------+--------+--------+--------+


----------------------------
; Fast Model Setup Summary ;
----------------------------
No paths to report.


---------------------------
; Fast Model Hold Summary ;
---------------------------
No paths to report.


-------------------------------
; Fast Model Recovery Summary ;
-------------------------------
No paths to report.


------------------------------
; Fast Model Removal Summary ;
------------------------------
No paths to report.


+----------------------------------------------+
; Fast Model Minimum Pulse Width Summary       ;
+---------------------+--------+---------------+
; Clock               ; Slack  ; End Point TNS ;
+---------------------+--------+---------------+
; altera_reserved_tck ; 97.778 ; 0.000         ;
+---------------------+--------+---------------+


+-------------------------------------------------------------------------------------------------------------+
; Fast Model Minimum Pulse Width: 'altera_reserved_tck'                                                       ;
+--------+--------------+----------------+-----------+---------------------+------------+---------------------+
; Slack  ; Actual Width ; Required Width ; Type      ; Clock               ; Clock Edge ; Target              ;
+--------+--------------+----------------+-----------+---------------------+------------+---------------------+
; 97.778 ; 100.000      ; 2.222          ; Port Rate ; altera_reserved_tck ; Rise       ; altera_reserved_tck ;
+--------+--------------+----------------+-----------+---------------------+------------+---------------------+


+-----------------------------------------------------------+
; Propagation Delay                                         ;
+-------------+-------------+-------+-------+-------+-------+
; Input Port  ; Output Port ; RR    ; RF    ; FR    ; FF    ;
+-------------+-------------+-------+-------+-------+-------+
; DPDT_SW[0]  ; HEX0[0]     ; 3.839 ; 3.839 ; 3.839 ; 3.839 ;
; DPDT_SW[0]  ; HEX0[1]     ; 3.811 ; 3.811 ; 3.811 ; 3.811 ;
; DPDT_SW[0]  ; HEX0[2]     ;       ; 3.816 ; 3.816 ;       ;
; DPDT_SW[0]  ; HEX0[3]     ; 3.722 ; 3.722 ; 3.722 ; 3.722 ;
; DPDT_SW[0]  ; HEX0[4]     ; 3.716 ;       ;       ; 3.716 ;
; DPDT_SW[0]  ; HEX0[5]     ; 3.714 ;       ;       ; 3.714 ;
; DPDT_SW[0]  ; HEX0[6]     ; 3.713 ; 3.713 ; 3.713 ; 3.713 ;
; DPDT_SW[1]  ; HEX0[0]     ; 3.975 ; 3.975 ; 3.975 ; 3.975 ;
; DPDT_SW[1]  ; HEX0[1]     ; 3.947 ; 3.947 ; 3.947 ; 3.947 ;
; DPDT_SW[1]  ; HEX0[2]     ; 3.955 ;       ;       ; 3.955 ;
; DPDT_SW[1]  ; HEX0[3]     ; 3.858 ; 3.858 ; 3.858 ; 3.858 ;
; DPDT_SW[1]  ; HEX0[4]     ;       ; 3.858 ; 3.858 ;       ;
; DPDT_SW[1]  ; HEX0[5]     ; 3.849 ; 3.849 ; 3.849 ; 3.849 ;
; DPDT_SW[1]  ; HEX0[6]     ; 3.849 ; 3.849 ; 3.849 ; 3.849 ;
; DPDT_SW[2]  ; HEX0[0]     ; 3.647 ; 3.647 ; 3.647 ; 3.647 ;
; DPDT_SW[2]  ; HEX0[1]     ; 3.619 ;       ;       ; 3.619 ;
; DPDT_SW[2]  ; HEX0[2]     ; 3.623 ; 3.623 ; 3.623 ; 3.623 ;
; DPDT_SW[2]  ; HEX0[3]     ; 3.530 ; 3.530 ; 3.530 ; 3.530 ;
; DPDT_SW[2]  ; HEX0[4]     ; 3.526 ; 3.526 ; 3.526 ; 3.526 ;
; DPDT_SW[2]  ; HEX0[5]     ; 3.514 ; 3.514 ; 3.514 ; 3.514 ;
; DPDT_SW[2]  ; HEX0[6]     ; 3.520 ; 3.520 ; 3.520 ; 3.520 ;
; DPDT_SW[3]  ; HEX0[0]     ; 3.208 ; 3.208 ; 3.208 ; 3.208 ;
; DPDT_SW[3]  ; HEX0[1]     ; 3.180 ; 3.180 ; 3.180 ; 3.180 ;
; DPDT_SW[3]  ; HEX0[2]     ; 3.191 ; 3.191 ; 3.191 ; 3.191 ;
; DPDT_SW[3]  ; HEX0[3]     ; 3.091 ; 3.091 ; 3.091 ; 3.091 ;
; DPDT_SW[3]  ; HEX0[4]     ;       ; 3.090 ; 3.090 ;       ;
; DPDT_SW[3]  ; HEX0[5]     ; 3.079 ; 3.079 ; 3.079 ; 3.079 ;
; DPDT_SW[3]  ; HEX0[6]     ; 3.082 ; 3.082 ; 3.082 ; 3.082 ;
; DPDT_SW[4]  ; HEX1[0]     ; 3.281 ; 3.281 ; 3.281 ; 3.281 ;
; DPDT_SW[4]  ; HEX1[1]     ; 3.356 ; 3.356 ; 3.356 ; 3.356 ;
; DPDT_SW[4]  ; HEX1[2]     ;       ; 3.103 ; 3.103 ;       ;
; DPDT_SW[4]  ; HEX1[3]     ; 3.079 ; 3.079 ; 3.079 ; 3.079 ;
; DPDT_SW[4]  ; HEX1[4]     ; 3.123 ;       ;       ; 3.123 ;
; DPDT_SW[4]  ; HEX1[5]     ; 3.213 ;       ;       ; 3.213 ;
; DPDT_SW[4]  ; HEX1[6]     ; 3.232 ; 3.232 ; 3.232 ; 3.232 ;
; DPDT_SW[5]  ; HEX1[0]     ; 3.421 ; 3.421 ; 3.421 ; 3.421 ;
; DPDT_SW[5]  ; HEX1[1]     ; 3.496 ; 3.496 ; 3.496 ; 3.496 ;
; DPDT_SW[5]  ; HEX1[2]     ; 3.249 ;       ;       ; 3.249 ;
; DPDT_SW[5]  ; HEX1[3]     ; 3.218 ; 3.218 ; 3.218 ; 3.218 ;
; DPDT_SW[5]  ; HEX1[4]     ;       ; 3.264 ; 3.264 ;       ;
; DPDT_SW[5]  ; HEX1[5]     ; 3.354 ; 3.354 ; 3.354 ; 3.354 ;
; DPDT_SW[5]  ; HEX1[6]     ; 3.371 ; 3.371 ; 3.371 ; 3.371 ;
; DPDT_SW[6]  ; HEX1[0]     ; 3.390 ; 3.390 ; 3.390 ; 3.390 ;
; DPDT_SW[6]  ; HEX1[1]     ; 3.463 ;       ;       ; 3.463 ;
; DPDT_SW[6]  ; HEX1[2]     ; 3.212 ; 3.212 ; 3.212 ; 3.212 ;
; DPDT_SW[6]  ; HEX1[3]     ; 3.184 ; 3.184 ; 3.184 ; 3.184 ;
; DPDT_SW[6]  ; HEX1[4]     ; 3.221 ; 3.221 ; 3.221 ; 3.221 ;
; DPDT_SW[6]  ; HEX1[5]     ; 3.310 ; 3.310 ; 3.310 ; 3.310 ;
; DPDT_SW[6]  ; HEX1[6]     ; 3.340 ; 3.340 ; 3.340 ; 3.340 ;
; DPDT_SW[7]  ; HEX1[0]     ; 3.949 ; 3.949 ; 3.949 ; 3.949 ;
; DPDT_SW[7]  ; HEX1[1]     ; 4.027 ; 4.027 ; 4.027 ; 4.027 ;
; DPDT_SW[7]  ; HEX1[2]     ; 3.779 ; 3.779 ; 3.779 ; 3.779 ;
; DPDT_SW[7]  ; HEX1[3]     ; 3.751 ; 3.751 ; 3.751 ; 3.751 ;
; DPDT_SW[7]  ; HEX1[4]     ;       ; 3.797 ; 3.797 ;       ;
; DPDT_SW[7]  ; HEX1[5]     ; 3.886 ; 3.886 ; 3.886 ; 3.886 ;
; DPDT_SW[7]  ; HEX1[6]     ; 3.901 ; 3.901 ; 3.901 ; 3.901 ;
; DPDT_SW[8]  ; HEX2[0]     ; 3.973 ; 3.973 ; 3.973 ; 3.973 ;
; DPDT_SW[8]  ; HEX2[1]     ; 3.907 ; 3.907 ; 3.907 ; 3.907 ;
; DPDT_SW[8]  ; HEX2[2]     ;       ; 3.966 ; 3.966 ;       ;
; DPDT_SW[8]  ; HEX2[3]     ; 3.982 ; 3.982 ; 3.982 ; 3.982 ;
; DPDT_SW[8]  ; HEX2[4]     ; 3.837 ;       ;       ; 3.837 ;
; DPDT_SW[8]  ; HEX2[5]     ; 3.831 ;       ;       ; 3.831 ;
; DPDT_SW[8]  ; HEX2[6]     ; 3.822 ; 3.822 ; 3.822 ; 3.822 ;
; DPDT_SW[9]  ; HEX2[0]     ; 3.699 ; 3.699 ; 3.699 ; 3.699 ;
; DPDT_SW[9]  ; HEX2[1]     ; 3.638 ; 3.638 ; 3.638 ; 3.638 ;
; DPDT_SW[9]  ; HEX2[2]     ; 3.704 ;       ;       ; 3.704 ;
; DPDT_SW[9]  ; HEX2[3]     ; 3.714 ; 3.714 ; 3.714 ; 3.714 ;
; DPDT_SW[9]  ; HEX2[4]     ;       ; 3.569 ; 3.569 ;       ;
; DPDT_SW[9]  ; HEX2[5]     ; 3.566 ; 3.566 ; 3.566 ; 3.566 ;
; DPDT_SW[9]  ; HEX2[6]     ; 3.557 ; 3.557 ; 3.557 ; 3.557 ;
; DPDT_SW[10] ; HEX2[0]     ; 3.788 ; 3.788 ; 3.788 ; 3.788 ;
; DPDT_SW[10] ; HEX2[1]     ; 3.727 ;       ;       ; 3.727 ;
; DPDT_SW[10] ; HEX2[2]     ; 3.780 ; 3.780 ; 3.780 ; 3.780 ;
; DPDT_SW[10] ; HEX2[3]     ; 3.792 ; 3.792 ; 3.792 ; 3.792 ;
; DPDT_SW[10] ; HEX2[4]     ; 3.647 ; 3.647 ; 3.647 ; 3.647 ;
; DPDT_SW[10] ; HEX2[5]     ; 3.649 ; 3.649 ; 3.649 ; 3.649 ;
; DPDT_SW[10] ; HEX2[6]     ; 3.639 ; 3.639 ; 3.639 ; 3.639 ;
; DPDT_SW[11] ; HEX2[0]     ; 3.801 ; 3.801 ; 3.801 ; 3.801 ;
; DPDT_SW[11] ; HEX2[1]     ; 3.732 ; 3.732 ; 3.732 ; 3.732 ;
; DPDT_SW[11] ; HEX2[2]     ; 3.790 ; 3.790 ; 3.790 ; 3.790 ;
; DPDT_SW[11] ; HEX2[3]     ; 3.798 ; 3.798 ; 3.798 ; 3.798 ;
; DPDT_SW[11] ; HEX2[4]     ;       ; 3.652 ; 3.652 ;       ;
; DPDT_SW[11] ; HEX2[5]     ; 3.656 ; 3.656 ; 3.656 ; 3.656 ;
; DPDT_SW[11] ; HEX2[6]     ; 3.645 ; 3.645 ; 3.645 ; 3.645 ;
; DPDT_SW[12] ; HEX3[0]     ; 3.666 ; 3.666 ; 3.666 ; 3.666 ;
; DPDT_SW[12] ; HEX3[1]     ; 3.633 ; 3.633 ; 3.633 ; 3.633 ;
; DPDT_SW[12] ; HEX3[2]     ;       ; 3.627 ; 3.627 ;       ;
; DPDT_SW[12] ; HEX3[3]     ; 3.606 ; 3.606 ; 3.606 ; 3.606 ;
; DPDT_SW[12] ; HEX3[4]     ; 3.622 ;       ;       ; 3.622 ;
; DPDT_SW[12] ; HEX3[5]     ; 3.694 ;       ;       ; 3.694 ;
; DPDT_SW[12] ; HEX3[6]     ; 3.713 ; 3.713 ; 3.713 ; 3.713 ;
; DPDT_SW[13] ; HEX3[0]     ; 5.902 ; 5.902 ; 5.902 ; 5.902 ;
; DPDT_SW[13] ; HEX3[1]     ; 5.873 ; 5.873 ; 5.873 ; 5.873 ;
; DPDT_SW[13] ; HEX3[2]     ; 5.867 ;       ;       ; 5.867 ;
; DPDT_SW[13] ; HEX3[3]     ; 5.843 ; 5.843 ; 5.843 ; 5.843 ;
; DPDT_SW[13] ; HEX3[4]     ;       ; 5.857 ; 5.857 ;       ;
; DPDT_SW[13] ; HEX3[5]     ; 5.932 ; 5.932 ; 5.932 ; 5.932 ;
; DPDT_SW[13] ; HEX3[6]     ; 5.949 ; 5.949 ; 5.949 ; 5.949 ;
; DPDT_SW[14] ; HEX3[0]     ; 5.946 ; 5.946 ; 5.946 ; 5.946 ;
; DPDT_SW[14] ; HEX3[1]     ; 5.917 ;       ;       ; 5.917 ;
; DPDT_SW[14] ; HEX3[2]     ; 5.919 ; 5.919 ; 5.919 ; 5.919 ;
; DPDT_SW[14] ; HEX3[3]     ; 5.890 ; 5.890 ; 5.890 ; 5.890 ;
; DPDT_SW[14] ; HEX3[4]     ; 5.913 ; 5.913 ; 5.913 ; 5.913 ;
; DPDT_SW[14] ; HEX3[5]     ; 5.990 ; 5.990 ; 5.990 ; 5.990 ;
; DPDT_SW[14] ; HEX3[6]     ; 5.997 ; 5.997 ; 5.997 ; 5.997 ;
; DPDT_SW[15] ; HEX3[0]     ; 5.794 ; 5.794 ; 5.794 ; 5.794 ;
; DPDT_SW[15] ; HEX3[1]     ; 5.765 ; 5.765 ; 5.765 ; 5.765 ;
; DPDT_SW[15] ; HEX3[2]     ; 5.765 ; 5.765 ; 5.765 ; 5.765 ;
; DPDT_SW[15] ; HEX3[3]     ; 5.742 ; 5.742 ; 5.742 ; 5.742 ;
; DPDT_SW[15] ; HEX3[4]     ;       ; 5.766 ; 5.766 ;       ;
; DPDT_SW[15] ; HEX3[5]     ; 5.836 ; 5.836 ; 5.836 ; 5.836 ;
; DPDT_SW[15] ; HEX3[6]     ; 5.845 ; 5.845 ; 5.845 ; 5.845 ;
; DPDT_SW[16] ; HEX4[0]     ; 5.175 ;       ;       ; 5.175 ;
; DPDT_SW[16] ; HEX4[2]     ;       ; 5.206 ; 5.206 ;       ;
; DPDT_SW[16] ; HEX4[3]     ; 5.091 ;       ;       ; 5.091 ;
; DPDT_SW[16] ; HEX4[4]     ; 4.773 ;       ;       ; 4.773 ;
; DPDT_SW[16] ; HEX4[5]     ; 5.080 ;       ;       ; 5.080 ;
; DPDT_SW[17] ; HEX4[0]     ;       ; 5.223 ; 5.223 ;       ;
; DPDT_SW[17] ; HEX4[2]     ; 5.288 ;       ;       ; 5.288 ;
; DPDT_SW[17] ; HEX4[3]     ;       ; 5.139 ; 5.139 ;       ;
; DPDT_SW[17] ; HEX4[5]     ; 5.154 ;       ;       ; 5.154 ;
; DPDT_SW[17] ; HEX4[6]     ;       ; 4.782 ; 4.782 ;       ;
; KEY[0]      ; TD_RESET    ; 5.750 ;       ;       ; 5.750 ;
; OSC_27      ; AUD_XCK     ; 1.463 ;       ;       ; 1.463 ;
; OSC_27      ; DRAM_CLK    ; 1.387 ;       ;       ; 1.387 ;
; OSC_27      ; VGA_CLK     ;       ; 2.792 ; 2.792 ;       ;
; TD_CLK      ; GPIO_0[0]   ; 5.341 ;       ;       ; 5.341 ;
; TD_DATA[0]  ; GPIO_0[4]   ; 5.502 ;       ;       ; 5.502 ;
; TD_HS       ; GPIO_0[1]   ; 5.703 ;       ;       ; 5.703 ;
; TD_VS       ; GPIO_0[2]   ; 5.827 ;       ;       ; 5.827 ;
+-------------+-------------+-------+-------+-------+-------+


+-----------------------------------------------------------+
; Minimum Propagation Delay                                 ;
+-------------+-------------+-------+-------+-------+-------+
; Input Port  ; Output Port ; RR    ; RF    ; FR    ; FF    ;
+-------------+-------------+-------+-------+-------+-------+
; DPDT_SW[0]  ; HEX0[0]     ; 3.839 ; 3.839 ; 3.839 ; 3.839 ;
; DPDT_SW[0]  ; HEX0[1]     ; 3.811 ; 3.811 ; 3.811 ; 3.811 ;
; DPDT_SW[0]  ; HEX0[2]     ;       ; 3.816 ; 3.816 ;       ;
; DPDT_SW[0]  ; HEX0[3]     ; 3.722 ; 3.722 ; 3.722 ; 3.722 ;
; DPDT_SW[0]  ; HEX0[4]     ; 3.716 ;       ;       ; 3.716 ;
; DPDT_SW[0]  ; HEX0[5]     ; 3.714 ;       ;       ; 3.714 ;
; DPDT_SW[0]  ; HEX0[6]     ; 3.713 ; 3.713 ; 3.713 ; 3.713 ;
; DPDT_SW[1]  ; HEX0[0]     ; 3.975 ; 3.975 ; 3.975 ; 3.975 ;
; DPDT_SW[1]  ; HEX0[1]     ; 3.947 ; 3.947 ; 3.947 ; 3.947 ;
; DPDT_SW[1]  ; HEX0[2]     ; 3.955 ;       ;       ; 3.955 ;
; DPDT_SW[1]  ; HEX0[3]     ; 3.858 ; 3.858 ; 3.858 ; 3.858 ;
; DPDT_SW[1]  ; HEX0[4]     ;       ; 3.858 ; 3.858 ;       ;
; DPDT_SW[1]  ; HEX0[5]     ; 3.849 ; 3.849 ; 3.849 ; 3.849 ;
; DPDT_SW[1]  ; HEX0[6]     ; 3.849 ; 3.849 ; 3.849 ; 3.849 ;
; DPDT_SW[2]  ; HEX0[0]     ; 3.647 ; 3.647 ; 3.647 ; 3.647 ;
; DPDT_SW[2]  ; HEX0[1]     ; 3.619 ;       ;       ; 3.619 ;
; DPDT_SW[2]  ; HEX0[2]     ; 3.623 ; 3.623 ; 3.623 ; 3.623 ;
; DPDT_SW[2]  ; HEX0[3]     ; 3.530 ; 3.530 ; 3.530 ; 3.530 ;
; DPDT_SW[2]  ; HEX0[4]     ; 3.526 ; 3.526 ; 3.526 ; 3.526 ;
; DPDT_SW[2]  ; HEX0[5]     ; 3.514 ; 3.514 ; 3.514 ; 3.514 ;
; DPDT_SW[2]  ; HEX0[6]     ; 3.520 ; 3.520 ; 3.520 ; 3.520 ;
; DPDT_SW[3]  ; HEX0[0]     ; 3.208 ; 3.208 ; 3.208 ; 3.208 ;
; DPDT_SW[3]  ; HEX0[1]     ; 3.180 ; 3.180 ; 3.180 ; 3.180 ;
; DPDT_SW[3]  ; HEX0[2]     ; 3.191 ; 3.191 ; 3.191 ; 3.191 ;
; DPDT_SW[3]  ; HEX0[3]     ; 3.091 ; 3.091 ; 3.091 ; 3.091 ;
; DPDT_SW[3]  ; HEX0[4]     ;       ; 3.090 ; 3.090 ;       ;
; DPDT_SW[3]  ; HEX0[5]     ; 3.079 ; 3.079 ; 3.079 ; 3.079 ;
; DPDT_SW[3]  ; HEX0[6]     ; 3.082 ; 3.082 ; 3.082 ; 3.082 ;
; DPDT_SW[4]  ; HEX1[0]     ; 3.281 ; 3.281 ; 3.281 ; 3.281 ;
; DPDT_SW[4]  ; HEX1[1]     ; 3.356 ; 3.356 ; 3.356 ; 3.356 ;
; DPDT_SW[4]  ; HEX1[2]     ;       ; 3.103 ; 3.103 ;       ;
; DPDT_SW[4]  ; HEX1[3]     ; 3.079 ; 3.079 ; 3.079 ; 3.079 ;
; DPDT_SW[4]  ; HEX1[4]     ; 3.123 ;       ;       ; 3.123 ;
; DPDT_SW[4]  ; HEX1[5]     ; 3.213 ;       ;       ; 3.213 ;
; DPDT_SW[4]  ; HEX1[6]     ; 3.232 ; 3.232 ; 3.232 ; 3.232 ;
; DPDT_SW[5]  ; HEX1[0]     ; 3.421 ; 3.421 ; 3.421 ; 3.421 ;
; DPDT_SW[5]  ; HEX1[1]     ; 3.496 ; 3.496 ; 3.496 ; 3.496 ;
; DPDT_SW[5]  ; HEX1[2]     ; 3.249 ;       ;       ; 3.249 ;
; DPDT_SW[5]  ; HEX1[3]     ; 3.218 ; 3.218 ; 3.218 ; 3.218 ;
; DPDT_SW[5]  ; HEX1[4]     ;       ; 3.264 ; 3.264 ;       ;
; DPDT_SW[5]  ; HEX1[5]     ; 3.354 ; 3.354 ; 3.354 ; 3.354 ;
; DPDT_SW[5]  ; HEX1[6]     ; 3.371 ; 3.371 ; 3.371 ; 3.371 ;
; DPDT_SW[6]  ; HEX1[0]     ; 3.390 ; 3.390 ; 3.390 ; 3.390 ;
; DPDT_SW[6]  ; HEX1[1]     ; 3.463 ;       ;       ; 3.463 ;
; DPDT_SW[6]  ; HEX1[2]     ; 3.212 ; 3.212 ; 3.212 ; 3.212 ;
; DPDT_SW[6]  ; HEX1[3]     ; 3.184 ; 3.184 ; 3.184 ; 3.184 ;
; DPDT_SW[6]  ; HEX1[4]     ; 3.221 ; 3.221 ; 3.221 ; 3.221 ;
; DPDT_SW[6]  ; HEX1[5]     ; 3.310 ; 3.310 ; 3.310 ; 3.310 ;
; DPDT_SW[6]  ; HEX1[6]     ; 3.340 ; 3.340 ; 3.340 ; 3.340 ;
; DPDT_SW[7]  ; HEX1[0]     ; 3.949 ; 3.949 ; 3.949 ; 3.949 ;
; DPDT_SW[7]  ; HEX1[1]     ; 4.027 ; 4.027 ; 4.027 ; 4.027 ;
; DPDT_SW[7]  ; HEX1[2]     ; 3.779 ; 3.779 ; 3.779 ; 3.779 ;
; DPDT_SW[7]  ; HEX1[3]     ; 3.751 ; 3.751 ; 3.751 ; 3.751 ;
; DPDT_SW[7]  ; HEX1[4]     ;       ; 3.797 ; 3.797 ;       ;
; DPDT_SW[7]  ; HEX1[5]     ; 3.886 ; 3.886 ; 3.886 ; 3.886 ;
; DPDT_SW[7]  ; HEX1[6]     ; 3.901 ; 3.901 ; 3.901 ; 3.901 ;
; DPDT_SW[8]  ; HEX2[0]     ; 3.973 ; 3.973 ; 3.973 ; 3.973 ;
; DPDT_SW[8]  ; HEX2[1]     ; 3.907 ; 3.907 ; 3.907 ; 3.907 ;
; DPDT_SW[8]  ; HEX2[2]     ;       ; 3.966 ; 3.966 ;       ;
; DPDT_SW[8]  ; HEX2[3]     ; 3.982 ; 3.982 ; 3.982 ; 3.982 ;
; DPDT_SW[8]  ; HEX2[4]     ; 3.837 ;       ;       ; 3.837 ;
; DPDT_SW[8]  ; HEX2[5]     ; 3.831 ;       ;       ; 3.831 ;
; DPDT_SW[8]  ; HEX2[6]     ; 3.822 ; 3.822 ; 3.822 ; 3.822 ;
; DPDT_SW[9]  ; HEX2[0]     ; 3.699 ; 3.699 ; 3.699 ; 3.699 ;
; DPDT_SW[9]  ; HEX2[1]     ; 3.638 ; 3.638 ; 3.638 ; 3.638 ;
; DPDT_SW[9]  ; HEX2[2]     ; 3.704 ;       ;       ; 3.704 ;
; DPDT_SW[9]  ; HEX2[3]     ; 3.714 ; 3.714 ; 3.714 ; 3.714 ;
; DPDT_SW[9]  ; HEX2[4]     ;       ; 3.569 ; 3.569 ;       ;
; DPDT_SW[9]  ; HEX2[5]     ; 3.566 ; 3.566 ; 3.566 ; 3.566 ;
; DPDT_SW[9]  ; HEX2[6]     ; 3.557 ; 3.557 ; 3.557 ; 3.557 ;
; DPDT_SW[10] ; HEX2[0]     ; 3.788 ; 3.788 ; 3.788 ; 3.788 ;
; DPDT_SW[10] ; HEX2[1]     ; 3.727 ;       ;       ; 3.727 ;
; DPDT_SW[10] ; HEX2[2]     ; 3.780 ; 3.780 ; 3.780 ; 3.780 ;
; DPDT_SW[10] ; HEX2[3]     ; 3.792 ; 3.792 ; 3.792 ; 3.792 ;
; DPDT_SW[10] ; HEX2[4]     ; 3.647 ; 3.647 ; 3.647 ; 3.647 ;
; DPDT_SW[10] ; HEX2[5]     ; 3.649 ; 3.649 ; 3.649 ; 3.649 ;
; DPDT_SW[10] ; HEX2[6]     ; 3.639 ; 3.639 ; 3.639 ; 3.639 ;
; DPDT_SW[11] ; HEX2[0]     ; 3.801 ; 3.801 ; 3.801 ; 3.801 ;
; DPDT_SW[11] ; HEX2[1]     ; 3.732 ; 3.732 ; 3.732 ; 3.732 ;
; DPDT_SW[11] ; HEX2[2]     ; 3.790 ; 3.790 ; 3.790 ; 3.790 ;
; DPDT_SW[11] ; HEX2[3]     ; 3.798 ; 3.798 ; 3.798 ; 3.798 ;
; DPDT_SW[11] ; HEX2[4]     ;       ; 3.652 ; 3.652 ;       ;
; DPDT_SW[11] ; HEX2[5]     ; 3.656 ; 3.656 ; 3.656 ; 3.656 ;
; DPDT_SW[11] ; HEX2[6]     ; 3.645 ; 3.645 ; 3.645 ; 3.645 ;
; DPDT_SW[12] ; HEX3[0]     ; 3.666 ; 3.666 ; 3.666 ; 3.666 ;
; DPDT_SW[12] ; HEX3[1]     ; 3.633 ; 3.633 ; 3.633 ; 3.633 ;
; DPDT_SW[12] ; HEX3[2]     ;       ; 3.627 ; 3.627 ;       ;
; DPDT_SW[12] ; HEX3[3]     ; 3.606 ; 3.606 ; 3.606 ; 3.606 ;
; DPDT_SW[12] ; HEX3[4]     ; 3.622 ;       ;       ; 3.622 ;
; DPDT_SW[12] ; HEX3[5]     ; 3.694 ;       ;       ; 3.694 ;
; DPDT_SW[12] ; HEX3[6]     ; 3.713 ; 3.713 ; 3.713 ; 3.713 ;
; DPDT_SW[13] ; HEX3[0]     ; 5.902 ; 5.902 ; 5.902 ; 5.902 ;
; DPDT_SW[13] ; HEX3[1]     ; 5.873 ; 5.873 ; 5.873 ; 5.873 ;
; DPDT_SW[13] ; HEX3[2]     ; 5.867 ;       ;       ; 5.867 ;
; DPDT_SW[13] ; HEX3[3]     ; 5.843 ; 5.843 ; 5.843 ; 5.843 ;
; DPDT_SW[13] ; HEX3[4]     ;       ; 5.857 ; 5.857 ;       ;
; DPDT_SW[13] ; HEX3[5]     ; 5.932 ; 5.932 ; 5.932 ; 5.932 ;
; DPDT_SW[13] ; HEX3[6]     ; 5.949 ; 5.949 ; 5.949 ; 5.949 ;
; DPDT_SW[14] ; HEX3[0]     ; 5.946 ; 5.946 ; 5.946 ; 5.946 ;
; DPDT_SW[14] ; HEX3[1]     ; 5.917 ;       ;       ; 5.917 ;
; DPDT_SW[14] ; HEX3[2]     ; 5.919 ; 5.919 ; 5.919 ; 5.919 ;
; DPDT_SW[14] ; HEX3[3]     ; 5.890 ; 5.890 ; 5.890 ; 5.890 ;
; DPDT_SW[14] ; HEX3[4]     ; 5.913 ; 5.913 ; 5.913 ; 5.913 ;
; DPDT_SW[14] ; HEX3[5]     ; 5.990 ; 5.990 ; 5.990 ; 5.990 ;
; DPDT_SW[14] ; HEX3[6]     ; 5.997 ; 5.997 ; 5.997 ; 5.997 ;
; DPDT_SW[15] ; HEX3[0]     ; 5.794 ; 5.794 ; 5.794 ; 5.794 ;
; DPDT_SW[15] ; HEX3[1]     ; 5.765 ; 5.765 ; 5.765 ; 5.765 ;
; DPDT_SW[15] ; HEX3[2]     ; 5.765 ; 5.765 ; 5.765 ; 5.765 ;
; DPDT_SW[15] ; HEX3[3]     ; 5.742 ; 5.742 ; 5.742 ; 5.742 ;
; DPDT_SW[15] ; HEX3[4]     ;       ; 5.766 ; 5.766 ;       ;
; DPDT_SW[15] ; HEX3[5]     ; 5.836 ; 5.836 ; 5.836 ; 5.836 ;
; DPDT_SW[15] ; HEX3[6]     ; 5.845 ; 5.845 ; 5.845 ; 5.845 ;
; DPDT_SW[16] ; HEX4[0]     ; 5.175 ;       ;       ; 5.175 ;
; DPDT_SW[16] ; HEX4[2]     ;       ; 5.206 ; 5.206 ;       ;
; DPDT_SW[16] ; HEX4[3]     ; 5.091 ;       ;       ; 5.091 ;
; DPDT_SW[16] ; HEX4[4]     ; 4.773 ;       ;       ; 4.773 ;
; DPDT_SW[16] ; HEX4[5]     ; 5.080 ;       ;       ; 5.080 ;
; DPDT_SW[17] ; HEX4[0]     ;       ; 5.223 ; 5.223 ;       ;
; DPDT_SW[17] ; HEX4[2]     ; 5.288 ;       ;       ; 5.288 ;
; DPDT_SW[17] ; HEX4[3]     ;       ; 5.139 ; 5.139 ;       ;
; DPDT_SW[17] ; HEX4[5]     ; 5.154 ;       ;       ; 5.154 ;
; DPDT_SW[17] ; HEX4[6]     ;       ; 4.782 ; 4.782 ;       ;
; KEY[0]      ; TD_RESET    ; 5.750 ;       ;       ; 5.750 ;
; OSC_27      ; AUD_XCK     ; 1.463 ;       ;       ; 1.463 ;
; OSC_27      ; DRAM_CLK    ; 1.387 ;       ;       ; 1.387 ;
; OSC_27      ; VGA_CLK     ;       ; 2.792 ; 2.792 ;       ;
; TD_CLK      ; GPIO_0[0]   ; 5.341 ;       ;       ; 5.341 ;
; TD_DATA[0]  ; GPIO_0[4]   ; 5.502 ;       ;       ; 5.502 ;
; TD_HS       ; GPIO_0[1]   ; 5.703 ;       ;       ; 5.703 ;
; TD_VS       ; GPIO_0[2]   ; 5.827 ;       ;       ; 5.827 ;
+-------------+-------------+-------+-------+-------+-------+


+--------------------------------------------------------------------------------+
; Multicorner Timing Analysis Summary                                            ;
+----------------------+-------+------+----------+---------+---------------------+
; Clock                ; Setup ; Hold ; Recovery ; Removal ; Minimum Pulse Width ;
+----------------------+-------+------+----------+---------+---------------------+
; Worst-case Slack     ; N/A   ; N/A  ; N/A      ; N/A     ; 97.778              ;
;  altera_reserved_tck ; N/A   ; N/A  ; N/A      ; N/A     ; 97.778              ;
; Design-wide TNS      ; 0.0   ; 0.0  ; 0.0      ; 0.0     ; 0.0                 ;
;  altera_reserved_tck ; N/A   ; N/A  ; N/A      ; N/A     ; 0.000               ;
+----------------------+-------+------+----------+---------+---------------------+


+---------------------------------------------------------------+
; Progagation Delay                                             ;
+-------------+-------------+--------+--------+--------+--------+
; Input Port  ; Output Port ; RR     ; RF     ; FR     ; FF     ;
+-------------+-------------+--------+--------+--------+--------+
; DPDT_SW[0]  ; HEX0[0]     ; 7.362  ; 7.362  ; 7.362  ; 7.362  ;
; DPDT_SW[0]  ; HEX0[1]     ; 7.331  ; 7.331  ; 7.331  ; 7.331  ;
; DPDT_SW[0]  ; HEX0[2]     ;        ; 7.310  ; 7.310  ;        ;
; DPDT_SW[0]  ; HEX0[3]     ; 7.113  ; 7.113  ; 7.113  ; 7.113  ;
; DPDT_SW[0]  ; HEX0[4]     ; 7.106  ;        ;        ; 7.106  ;
; DPDT_SW[0]  ; HEX0[5]     ; 7.098  ;        ;        ; 7.098  ;
; DPDT_SW[0]  ; HEX0[6]     ; 7.103  ; 7.103  ; 7.103  ; 7.103  ;
; DPDT_SW[1]  ; HEX0[0]     ; 7.577  ; 7.577  ; 7.577  ; 7.577  ;
; DPDT_SW[1]  ; HEX0[1]     ; 7.548  ; 7.548  ; 7.548  ; 7.548  ;
; DPDT_SW[1]  ; HEX0[2]     ; 7.554  ;        ;        ; 7.554  ;
; DPDT_SW[1]  ; HEX0[3]     ; 7.324  ; 7.324  ; 7.324  ; 7.324  ;
; DPDT_SW[1]  ; HEX0[4]     ;        ; 7.329  ; 7.329  ;        ;
; DPDT_SW[1]  ; HEX0[5]     ; 7.318  ; 7.318  ; 7.318  ; 7.318  ;
; DPDT_SW[1]  ; HEX0[6]     ; 7.321  ; 7.321  ; 7.321  ; 7.321  ;
; DPDT_SW[2]  ; HEX0[0]     ; 6.882  ; 6.882  ; 6.882  ; 6.882  ;
; DPDT_SW[2]  ; HEX0[1]     ; 6.853  ;        ;        ; 6.853  ;
; DPDT_SW[2]  ; HEX0[2]     ; 6.858  ; 6.858  ; 6.858  ; 6.858  ;
; DPDT_SW[2]  ; HEX0[3]     ; 6.633  ; 6.633  ; 6.633  ; 6.633  ;
; DPDT_SW[2]  ; HEX0[4]     ; 6.630  ; 6.630  ; 6.630  ; 6.630  ;
; DPDT_SW[2]  ; HEX0[5]     ; 6.618  ; 6.618  ; 6.618  ; 6.618  ;
; DPDT_SW[2]  ; HEX0[6]     ; 6.625  ; 6.625  ; 6.625  ; 6.625  ;
; DPDT_SW[3]  ; HEX0[0]     ; 6.172  ; 6.172  ; 6.172  ; 6.172  ;
; DPDT_SW[3]  ; HEX0[1]     ; 6.142  ; 6.142  ; 6.142  ; 6.142  ;
; DPDT_SW[3]  ; HEX0[2]     ; 6.149  ; 6.149  ; 6.149  ; 6.149  ;
; DPDT_SW[3]  ; HEX0[3]     ; 5.922  ; 5.922  ; 5.922  ; 5.922  ;
; DPDT_SW[3]  ; HEX0[4]     ;        ; 5.922  ; 5.922  ;        ;
; DPDT_SW[3]  ; HEX0[5]     ; 5.910  ; 5.910  ; 5.910  ; 5.910  ;
; DPDT_SW[3]  ; HEX0[6]     ; 5.914  ; 5.914  ; 5.914  ; 5.914  ;
; DPDT_SW[4]  ; HEX1[0]     ; 6.301  ; 6.301  ; 6.301  ; 6.301  ;
; DPDT_SW[4]  ; HEX1[1]     ; 6.443  ; 6.443  ; 6.443  ; 6.443  ;
; DPDT_SW[4]  ; HEX1[2]     ;        ; 5.999  ; 5.999  ;        ;
; DPDT_SW[4]  ; HEX1[3]     ; 5.955  ; 5.955  ; 5.955  ; 5.955  ;
; DPDT_SW[4]  ; HEX1[4]     ; 6.021  ;        ;        ; 6.021  ;
; DPDT_SW[4]  ; HEX1[5]     ; 6.245  ;        ;        ; 6.245  ;
; DPDT_SW[4]  ; HEX1[6]     ; 6.265  ; 6.265  ; 6.265  ; 6.265  ;
; DPDT_SW[5]  ; HEX1[0]     ; 6.593  ; 6.593  ; 6.593  ; 6.593  ;
; DPDT_SW[5]  ; HEX1[1]     ; 6.767  ; 6.767  ; 6.767  ; 6.767  ;
; DPDT_SW[5]  ; HEX1[2]     ; 6.324  ;        ;        ; 6.324  ;
; DPDT_SW[5]  ; HEX1[3]     ; 6.280  ; 6.280  ; 6.280  ; 6.280  ;
; DPDT_SW[5]  ; HEX1[4]     ;        ; 6.321  ; 6.321  ;        ;
; DPDT_SW[5]  ; HEX1[5]     ; 6.571  ; 6.571  ; 6.571  ; 6.571  ;
; DPDT_SW[5]  ; HEX1[6]     ; 6.589  ; 6.589  ; 6.589  ; 6.589  ;
; DPDT_SW[6]  ; HEX1[0]     ; 6.515  ; 6.515  ; 6.515  ; 6.515  ;
; DPDT_SW[6]  ; HEX1[1]     ; 6.655  ;        ;        ; 6.655  ;
; DPDT_SW[6]  ; HEX1[2]     ; 6.210  ; 6.210  ; 6.210  ; 6.210  ;
; DPDT_SW[6]  ; HEX1[3]     ; 6.170  ; 6.170  ; 6.170  ; 6.170  ;
; DPDT_SW[6]  ; HEX1[4]     ; 6.220  ; 6.220  ; 6.220  ; 6.220  ;
; DPDT_SW[6]  ; HEX1[5]     ; 6.445  ; 6.445  ; 6.445  ; 6.445  ;
; DPDT_SW[6]  ; HEX1[6]     ; 6.478  ; 6.478  ; 6.478  ; 6.478  ;
; DPDT_SW[7]  ; HEX1[0]     ; 7.357  ; 7.357  ; 7.357  ; 7.357  ;
; DPDT_SW[7]  ; HEX1[1]     ; 7.535  ; 7.535  ; 7.535  ; 7.535  ;
; DPDT_SW[7]  ; HEX1[2]     ; 7.092  ; 7.092  ; 7.092  ; 7.092  ;
; DPDT_SW[7]  ; HEX1[3]     ; 7.051  ; 7.051  ; 7.051  ; 7.051  ;
; DPDT_SW[7]  ; HEX1[4]     ;        ; 7.081  ; 7.081  ;        ;
; DPDT_SW[7]  ; HEX1[5]     ; 7.310  ; 7.310  ; 7.310  ; 7.310  ;
; DPDT_SW[7]  ; HEX1[6]     ; 7.353  ; 7.353  ; 7.353  ; 7.353  ;
; DPDT_SW[8]  ; HEX2[0]     ; 7.522  ; 7.522  ; 7.522  ; 7.522  ;
; DPDT_SW[8]  ; HEX2[1]     ; 7.443  ; 7.443  ; 7.443  ; 7.443  ;
; DPDT_SW[8]  ; HEX2[2]     ;        ; 7.495  ; 7.495  ;        ;
; DPDT_SW[8]  ; HEX2[3]     ; 7.532  ; 7.532  ; 7.532  ; 7.532  ;
; DPDT_SW[8]  ; HEX2[4]     ; 7.232  ;        ;        ; 7.232  ;
; DPDT_SW[8]  ; HEX2[5]     ; 7.229  ;        ;        ; 7.229  ;
; DPDT_SW[8]  ; HEX2[6]     ; 7.220  ; 7.220  ; 7.220  ; 7.220  ;
; DPDT_SW[9]  ; HEX2[0]     ; 7.038  ; 7.038  ; 7.038  ; 7.038  ;
; DPDT_SW[9]  ; HEX2[1]     ; 6.963  ; 6.963  ; 6.963  ; 6.963  ;
; DPDT_SW[9]  ; HEX2[2]     ; 7.043  ;        ;        ; 7.043  ;
; DPDT_SW[9]  ; HEX2[3]     ; 7.053  ; 7.053  ; 7.053  ; 7.053  ;
; DPDT_SW[9]  ; HEX2[4]     ;        ; 6.751  ; 6.751  ;        ;
; DPDT_SW[9]  ; HEX2[5]     ; 6.749  ; 6.749  ; 6.749  ; 6.749  ;
; DPDT_SW[9]  ; HEX2[6]     ; 6.740  ; 6.740  ; 6.740  ; 6.740  ;
; DPDT_SW[10] ; HEX2[0]     ; 7.208  ; 7.208  ; 7.208  ; 7.208  ;
; DPDT_SW[10] ; HEX2[1]     ; 7.134  ;        ;        ; 7.134  ;
; DPDT_SW[10] ; HEX2[2]     ; 7.202  ; 7.202  ; 7.202  ; 7.202  ;
; DPDT_SW[10] ; HEX2[3]     ; 7.213  ; 7.213  ; 7.213  ; 7.213  ;
; DPDT_SW[10] ; HEX2[4]     ; 6.912  ; 6.912  ; 6.912  ; 6.912  ;
; DPDT_SW[10] ; HEX2[5]     ; 6.916  ; 6.916  ; 6.916  ; 6.916  ;
; DPDT_SW[10] ; HEX2[6]     ; 6.906  ; 6.906  ; 6.906  ; 6.906  ;
; DPDT_SW[11] ; HEX2[0]     ; 7.291  ; 7.291  ; 7.291  ; 7.291  ;
; DPDT_SW[11] ; HEX2[1]     ; 7.218  ; 7.218  ; 7.218  ; 7.218  ;
; DPDT_SW[11] ; HEX2[2]     ; 7.286  ; 7.286  ; 7.286  ; 7.286  ;
; DPDT_SW[11] ; HEX2[3]     ; 7.294  ; 7.294  ; 7.294  ; 7.294  ;
; DPDT_SW[11] ; HEX2[4]     ;        ; 6.993  ; 6.993  ;        ;
; DPDT_SW[11] ; HEX2[5]     ; 6.998  ; 6.998  ; 6.998  ; 6.998  ;
; DPDT_SW[11] ; HEX2[6]     ; 6.989  ; 6.989  ; 6.989  ; 6.989  ;
; DPDT_SW[12] ; HEX3[0]     ; 7.029  ; 7.029  ; 7.029  ; 7.029  ;
; DPDT_SW[12] ; HEX3[1]     ; 6.914  ; 6.914  ; 6.914  ; 6.914  ;
; DPDT_SW[12] ; HEX3[2]     ;        ; 6.909  ; 6.909  ;        ;
; DPDT_SW[12] ; HEX3[3]     ; 6.869  ; 6.869  ; 6.869  ; 6.869  ;
; DPDT_SW[12] ; HEX3[4]     ; 6.900  ;        ;        ; 6.900  ;
; DPDT_SW[12] ; HEX3[5]     ; 7.107  ;        ;        ; 7.107  ;
; DPDT_SW[12] ; HEX3[6]     ; 7.126  ; 7.126  ; 7.126  ; 7.126  ;
; DPDT_SW[13] ; HEX3[0]     ; 10.619 ; 10.619 ; 10.619 ; 10.619 ;
; DPDT_SW[13] ; HEX3[1]     ; 10.535 ; 10.535 ; 10.535 ; 10.535 ;
; DPDT_SW[13] ; HEX3[2]     ; 10.527 ;        ;        ; 10.527 ;
; DPDT_SW[13] ; HEX3[3]     ; 10.489 ; 10.489 ; 10.489 ; 10.489 ;
; DPDT_SW[13] ; HEX3[4]     ;        ; 10.520 ; 10.520 ;        ;
; DPDT_SW[13] ; HEX3[5]     ; 10.728 ; 10.728 ; 10.728 ; 10.728 ;
; DPDT_SW[13] ; HEX3[6]     ; 10.751 ; 10.751 ; 10.751 ; 10.751 ;
; DPDT_SW[14] ; HEX3[0]     ; 10.710 ; 10.710 ; 10.710 ; 10.710 ;
; DPDT_SW[14] ; HEX3[1]     ; 10.596 ;        ;        ; 10.596 ;
; DPDT_SW[14] ; HEX3[2]     ; 10.563 ; 10.563 ; 10.563 ; 10.563 ;
; DPDT_SW[14] ; HEX3[3]     ; 10.550 ; 10.550 ; 10.550 ; 10.550 ;
; DPDT_SW[14] ; HEX3[4]     ; 10.590 ; 10.590 ; 10.590 ; 10.590 ;
; DPDT_SW[14] ; HEX3[5]     ; 10.795 ; 10.795 ; 10.795 ; 10.795 ;
; DPDT_SW[14] ; HEX3[6]     ; 10.812 ; 10.812 ; 10.812 ; 10.812 ;
; DPDT_SW[15] ; HEX3[0]     ; 10.397 ; 10.397 ; 10.397 ; 10.397 ;
; DPDT_SW[15] ; HEX3[1]     ; 10.282 ; 10.282 ; 10.282 ; 10.282 ;
; DPDT_SW[15] ; HEX3[2]     ; 10.285 ; 10.285 ; 10.285 ; 10.285 ;
; DPDT_SW[15] ; HEX3[3]     ; 10.238 ; 10.238 ; 10.238 ; 10.238 ;
; DPDT_SW[15] ; HEX3[4]     ;        ; 10.282 ; 10.282 ;        ;
; DPDT_SW[15] ; HEX3[5]     ; 10.488 ; 10.488 ; 10.488 ; 10.488 ;
; DPDT_SW[15] ; HEX3[6]     ; 10.498 ; 10.498 ; 10.498 ; 10.498 ;
; DPDT_SW[16] ; HEX4[0]     ; 9.189  ;        ;        ; 9.189  ;
; DPDT_SW[16] ; HEX4[2]     ;        ; 9.309  ; 9.309  ;        ;
; DPDT_SW[16] ; HEX4[3]     ; 9.018  ;        ;        ; 9.018  ;
; DPDT_SW[16] ; HEX4[4]     ; 8.288  ;        ;        ; 8.288  ;
; DPDT_SW[16] ; HEX4[5]     ; 8.994  ;        ;        ; 8.994  ;
; DPDT_SW[17] ; HEX4[0]     ;        ; 9.325  ; 9.325  ;        ;
; DPDT_SW[17] ; HEX4[2]     ; 9.484  ;        ;        ; 9.484  ;
; DPDT_SW[17] ; HEX4[3]     ;        ; 9.154  ; 9.154  ;        ;
; DPDT_SW[17] ; HEX4[5]     ; 9.200  ;        ;        ; 9.200  ;
; DPDT_SW[17] ; HEX4[6]     ;        ; 8.308  ; 8.308  ;        ;
; KEY[0]      ; TD_RESET    ; 10.060 ;        ;        ; 10.060 ;
; OSC_27      ; AUD_XCK     ; 2.917  ;        ;        ; 2.917  ;
; OSC_27      ; DRAM_CLK    ; 2.846  ;        ;        ; 2.846  ;
; OSC_27      ; VGA_CLK     ;        ; 5.155  ; 5.155  ;        ;
; TD_CLK      ; GPIO_0[0]   ; 9.504  ;        ;        ; 9.504  ;
; TD_DATA[0]  ; GPIO_0[4]   ; 9.717  ;        ;        ; 9.717  ;
; TD_HS       ; GPIO_0[1]   ; 10.189 ;        ;        ; 10.189 ;
; TD_VS       ; GPIO_0[2]   ; 10.478 ;        ;        ; 10.478 ;
+-------------+-------------+--------+--------+--------+--------+


+-----------------------------------------------------------+
; Minimum Progagation Delay                                 ;
+-------------+-------------+-------+-------+-------+-------+
; Input Port  ; Output Port ; RR    ; RF    ; FR    ; FF    ;
+-------------+-------------+-------+-------+-------+-------+
; DPDT_SW[0]  ; HEX0[0]     ; 3.839 ; 3.839 ; 3.839 ; 3.839 ;
; DPDT_SW[0]  ; HEX0[1]     ; 3.811 ; 3.811 ; 3.811 ; 3.811 ;
; DPDT_SW[0]  ; HEX0[2]     ;       ; 3.816 ; 3.816 ;       ;
; DPDT_SW[0]  ; HEX0[3]     ; 3.722 ; 3.722 ; 3.722 ; 3.722 ;
; DPDT_SW[0]  ; HEX0[4]     ; 3.716 ;       ;       ; 3.716 ;
; DPDT_SW[0]  ; HEX0[5]     ; 3.714 ;       ;       ; 3.714 ;
; DPDT_SW[0]  ; HEX0[6]     ; 3.713 ; 3.713 ; 3.713 ; 3.713 ;
; DPDT_SW[1]  ; HEX0[0]     ; 3.975 ; 3.975 ; 3.975 ; 3.975 ;
; DPDT_SW[1]  ; HEX0[1]     ; 3.947 ; 3.947 ; 3.947 ; 3.947 ;
; DPDT_SW[1]  ; HEX0[2]     ; 3.955 ;       ;       ; 3.955 ;
; DPDT_SW[1]  ; HEX0[3]     ; 3.858 ; 3.858 ; 3.858 ; 3.858 ;
; DPDT_SW[1]  ; HEX0[4]     ;       ; 3.858 ; 3.858 ;       ;
; DPDT_SW[1]  ; HEX0[5]     ; 3.849 ; 3.849 ; 3.849 ; 3.849 ;
; DPDT_SW[1]  ; HEX0[6]     ; 3.849 ; 3.849 ; 3.849 ; 3.849 ;
; DPDT_SW[2]  ; HEX0[0]     ; 3.647 ; 3.647 ; 3.647 ; 3.647 ;
; DPDT_SW[2]  ; HEX0[1]     ; 3.619 ;       ;       ; 3.619 ;
; DPDT_SW[2]  ; HEX0[2]     ; 3.623 ; 3.623 ; 3.623 ; 3.623 ;
; DPDT_SW[2]  ; HEX0[3]     ; 3.530 ; 3.530 ; 3.530 ; 3.530 ;
; DPDT_SW[2]  ; HEX0[4]     ; 3.526 ; 3.526 ; 3.526 ; 3.526 ;
; DPDT_SW[2]  ; HEX0[5]     ; 3.514 ; 3.514 ; 3.514 ; 3.514 ;
; DPDT_SW[2]  ; HEX0[6]     ; 3.520 ; 3.520 ; 3.520 ; 3.520 ;
; DPDT_SW[3]  ; HEX0[0]     ; 3.208 ; 3.208 ; 3.208 ; 3.208 ;
; DPDT_SW[3]  ; HEX0[1]     ; 3.180 ; 3.180 ; 3.180 ; 3.180 ;
; DPDT_SW[3]  ; HEX0[2]     ; 3.191 ; 3.191 ; 3.191 ; 3.191 ;
; DPDT_SW[3]  ; HEX0[3]     ; 3.091 ; 3.091 ; 3.091 ; 3.091 ;
; DPDT_SW[3]  ; HEX0[4]     ;       ; 3.090 ; 3.090 ;       ;
; DPDT_SW[3]  ; HEX0[5]     ; 3.079 ; 3.079 ; 3.079 ; 3.079 ;
; DPDT_SW[3]  ; HEX0[6]     ; 3.082 ; 3.082 ; 3.082 ; 3.082 ;
; DPDT_SW[4]  ; HEX1[0]     ; 3.281 ; 3.281 ; 3.281 ; 3.281 ;
; DPDT_SW[4]  ; HEX1[1]     ; 3.356 ; 3.356 ; 3.356 ; 3.356 ;
; DPDT_SW[4]  ; HEX1[2]     ;       ; 3.103 ; 3.103 ;       ;
; DPDT_SW[4]  ; HEX1[3]     ; 3.079 ; 3.079 ; 3.079 ; 3.079 ;
; DPDT_SW[4]  ; HEX1[4]     ; 3.123 ;       ;       ; 3.123 ;
; DPDT_SW[4]  ; HEX1[5]     ; 3.213 ;       ;       ; 3.213 ;
; DPDT_SW[4]  ; HEX1[6]     ; 3.232 ; 3.232 ; 3.232 ; 3.232 ;
; DPDT_SW[5]  ; HEX1[0]     ; 3.421 ; 3.421 ; 3.421 ; 3.421 ;
; DPDT_SW[5]  ; HEX1[1]     ; 3.496 ; 3.496 ; 3.496 ; 3.496 ;
; DPDT_SW[5]  ; HEX1[2]     ; 3.249 ;       ;       ; 3.249 ;
; DPDT_SW[5]  ; HEX1[3]     ; 3.218 ; 3.218 ; 3.218 ; 3.218 ;
; DPDT_SW[5]  ; HEX1[4]     ;       ; 3.264 ; 3.264 ;       ;
; DPDT_SW[5]  ; HEX1[5]     ; 3.354 ; 3.354 ; 3.354 ; 3.354 ;
; DPDT_SW[5]  ; HEX1[6]     ; 3.371 ; 3.371 ; 3.371 ; 3.371 ;
; DPDT_SW[6]  ; HEX1[0]     ; 3.390 ; 3.390 ; 3.390 ; 3.390 ;
; DPDT_SW[6]  ; HEX1[1]     ; 3.463 ;       ;       ; 3.463 ;
; DPDT_SW[6]  ; HEX1[2]     ; 3.212 ; 3.212 ; 3.212 ; 3.212 ;
; DPDT_SW[6]  ; HEX1[3]     ; 3.184 ; 3.184 ; 3.184 ; 3.184 ;
; DPDT_SW[6]  ; HEX1[4]     ; 3.221 ; 3.221 ; 3.221 ; 3.221 ;
; DPDT_SW[6]  ; HEX1[5]     ; 3.310 ; 3.310 ; 3.310 ; 3.310 ;
; DPDT_SW[6]  ; HEX1[6]     ; 3.340 ; 3.340 ; 3.340 ; 3.340 ;
; DPDT_SW[7]  ; HEX1[0]     ; 3.949 ; 3.949 ; 3.949 ; 3.949 ;
; DPDT_SW[7]  ; HEX1[1]     ; 4.027 ; 4.027 ; 4.027 ; 4.027 ;
; DPDT_SW[7]  ; HEX1[2]     ; 3.779 ; 3.779 ; 3.779 ; 3.779 ;
; DPDT_SW[7]  ; HEX1[3]     ; 3.751 ; 3.751 ; 3.751 ; 3.751 ;
; DPDT_SW[7]  ; HEX1[4]     ;       ; 3.797 ; 3.797 ;       ;
; DPDT_SW[7]  ; HEX1[5]     ; 3.886 ; 3.886 ; 3.886 ; 3.886 ;
; DPDT_SW[7]  ; HEX1[6]     ; 3.901 ; 3.901 ; 3.901 ; 3.901 ;
; DPDT_SW[8]  ; HEX2[0]     ; 3.973 ; 3.973 ; 3.973 ; 3.973 ;
; DPDT_SW[8]  ; HEX2[1]     ; 3.907 ; 3.907 ; 3.907 ; 3.907 ;
; DPDT_SW[8]  ; HEX2[2]     ;       ; 3.966 ; 3.966 ;       ;
; DPDT_SW[8]  ; HEX2[3]     ; 3.982 ; 3.982 ; 3.982 ; 3.982 ;
; DPDT_SW[8]  ; HEX2[4]     ; 3.837 ;       ;       ; 3.837 ;
; DPDT_SW[8]  ; HEX2[5]     ; 3.831 ;       ;       ; 3.831 ;
; DPDT_SW[8]  ; HEX2[6]     ; 3.822 ; 3.822 ; 3.822 ; 3.822 ;
; DPDT_SW[9]  ; HEX2[0]     ; 3.699 ; 3.699 ; 3.699 ; 3.699 ;
; DPDT_SW[9]  ; HEX2[1]     ; 3.638 ; 3.638 ; 3.638 ; 3.638 ;
; DPDT_SW[9]  ; HEX2[2]     ; 3.704 ;       ;       ; 3.704 ;
; DPDT_SW[9]  ; HEX2[3]     ; 3.714 ; 3.714 ; 3.714 ; 3.714 ;
; DPDT_SW[9]  ; HEX2[4]     ;       ; 3.569 ; 3.569 ;       ;
; DPDT_SW[9]  ; HEX2[5]     ; 3.566 ; 3.566 ; 3.566 ; 3.566 ;
; DPDT_SW[9]  ; HEX2[6]     ; 3.557 ; 3.557 ; 3.557 ; 3.557 ;
; DPDT_SW[10] ; HEX2[0]     ; 3.788 ; 3.788 ; 3.788 ; 3.788 ;
; DPDT_SW[10] ; HEX2[1]     ; 3.727 ;       ;       ; 3.727 ;
; DPDT_SW[10] ; HEX2[2]     ; 3.780 ; 3.780 ; 3.780 ; 3.780 ;
; DPDT_SW[10] ; HEX2[3]     ; 3.792 ; 3.792 ; 3.792 ; 3.792 ;
; DPDT_SW[10] ; HEX2[4]     ; 3.647 ; 3.647 ; 3.647 ; 3.647 ;
; DPDT_SW[10] ; HEX2[5]     ; 3.649 ; 3.649 ; 3.649 ; 3.649 ;
; DPDT_SW[10] ; HEX2[6]     ; 3.639 ; 3.639 ; 3.639 ; 3.639 ;
; DPDT_SW[11] ; HEX2[0]     ; 3.801 ; 3.801 ; 3.801 ; 3.801 ;
; DPDT_SW[11] ; HEX2[1]     ; 3.732 ; 3.732 ; 3.732 ; 3.732 ;
; DPDT_SW[11] ; HEX2[2]     ; 3.790 ; 3.790 ; 3.790 ; 3.790 ;
; DPDT_SW[11] ; HEX2[3]     ; 3.798 ; 3.798 ; 3.798 ; 3.798 ;
; DPDT_SW[11] ; HEX2[4]     ;       ; 3.652 ; 3.652 ;       ;
; DPDT_SW[11] ; HEX2[5]     ; 3.656 ; 3.656 ; 3.656 ; 3.656 ;
; DPDT_SW[11] ; HEX2[6]     ; 3.645 ; 3.645 ; 3.645 ; 3.645 ;
; DPDT_SW[12] ; HEX3[0]     ; 3.666 ; 3.666 ; 3.666 ; 3.666 ;
; DPDT_SW[12] ; HEX3[1]     ; 3.633 ; 3.633 ; 3.633 ; 3.633 ;
; DPDT_SW[12] ; HEX3[2]     ;       ; 3.627 ; 3.627 ;       ;
; DPDT_SW[12] ; HEX3[3]     ; 3.606 ; 3.606 ; 3.606 ; 3.606 ;
; DPDT_SW[12] ; HEX3[4]     ; 3.622 ;       ;       ; 3.622 ;
; DPDT_SW[12] ; HEX3[5]     ; 3.694 ;       ;       ; 3.694 ;
; DPDT_SW[12] ; HEX3[6]     ; 3.713 ; 3.713 ; 3.713 ; 3.713 ;
; DPDT_SW[13] ; HEX3[0]     ; 5.902 ; 5.902 ; 5.902 ; 5.902 ;
; DPDT_SW[13] ; HEX3[1]     ; 5.873 ; 5.873 ; 5.873 ; 5.873 ;
; DPDT_SW[13] ; HEX3[2]     ; 5.867 ;       ;       ; 5.867 ;
; DPDT_SW[13] ; HEX3[3]     ; 5.843 ; 5.843 ; 5.843 ; 5.843 ;
; DPDT_SW[13] ; HEX3[4]     ;       ; 5.857 ; 5.857 ;       ;
; DPDT_SW[13] ; HEX3[5]     ; 5.932 ; 5.932 ; 5.932 ; 5.932 ;
; DPDT_SW[13] ; HEX3[6]     ; 5.949 ; 5.949 ; 5.949 ; 5.949 ;
; DPDT_SW[14] ; HEX3[0]     ; 5.946 ; 5.946 ; 5.946 ; 5.946 ;
; DPDT_SW[14] ; HEX3[1]     ; 5.917 ;       ;       ; 5.917 ;
; DPDT_SW[14] ; HEX3[2]     ; 5.919 ; 5.919 ; 5.919 ; 5.919 ;
; DPDT_SW[14] ; HEX3[3]     ; 5.890 ; 5.890 ; 5.890 ; 5.890 ;
; DPDT_SW[14] ; HEX3[4]     ; 5.913 ; 5.913 ; 5.913 ; 5.913 ;
; DPDT_SW[14] ; HEX3[5]     ; 5.990 ; 5.990 ; 5.990 ; 5.990 ;
; DPDT_SW[14] ; HEX3[6]     ; 5.997 ; 5.997 ; 5.997 ; 5.997 ;
; DPDT_SW[15] ; HEX3[0]     ; 5.794 ; 5.794 ; 5.794 ; 5.794 ;
; DPDT_SW[15] ; HEX3[1]     ; 5.765 ; 5.765 ; 5.765 ; 5.765 ;
; DPDT_SW[15] ; HEX3[2]     ; 5.765 ; 5.765 ; 5.765 ; 5.765 ;
; DPDT_SW[15] ; HEX3[3]     ; 5.742 ; 5.742 ; 5.742 ; 5.742 ;
; DPDT_SW[15] ; HEX3[4]     ;       ; 5.766 ; 5.766 ;       ;
; DPDT_SW[15] ; HEX3[5]     ; 5.836 ; 5.836 ; 5.836 ; 5.836 ;
; DPDT_SW[15] ; HEX3[6]     ; 5.845 ; 5.845 ; 5.845 ; 5.845 ;
; DPDT_SW[16] ; HEX4[0]     ; 5.175 ;       ;       ; 5.175 ;
; DPDT_SW[16] ; HEX4[2]     ;       ; 5.206 ; 5.206 ;       ;
; DPDT_SW[16] ; HEX4[3]     ; 5.091 ;       ;       ; 5.091 ;
; DPDT_SW[16] ; HEX4[4]     ; 4.773 ;       ;       ; 4.773 ;
; DPDT_SW[16] ; HEX4[5]     ; 5.080 ;       ;       ; 5.080 ;
; DPDT_SW[17] ; HEX4[0]     ;       ; 5.223 ; 5.223 ;       ;
; DPDT_SW[17] ; HEX4[2]     ; 5.288 ;       ;       ; 5.288 ;
; DPDT_SW[17] ; HEX4[3]     ;       ; 5.139 ; 5.139 ;       ;
; DPDT_SW[17] ; HEX4[5]     ; 5.154 ;       ;       ; 5.154 ;
; DPDT_SW[17] ; HEX4[6]     ;       ; 4.782 ; 4.782 ;       ;
; KEY[0]      ; TD_RESET    ; 5.750 ;       ;       ; 5.750 ;
; OSC_27      ; AUD_XCK     ; 1.463 ;       ;       ; 1.463 ;
; OSC_27      ; DRAM_CLK    ; 1.387 ;       ;       ; 1.387 ;
; OSC_27      ; VGA_CLK     ;       ; 2.792 ; 2.792 ;       ;
; TD_CLK      ; GPIO_0[0]   ; 5.341 ;       ;       ; 5.341 ;
; TD_DATA[0]  ; GPIO_0[4]   ; 5.502 ;       ;       ; 5.502 ;
; TD_HS       ; GPIO_0[1]   ; 5.703 ;       ;       ; 5.703 ;
; TD_VS       ; GPIO_0[2]   ; 5.827 ;       ;       ; 5.827 ;
+-------------+-------------+-------+-------+-------+-------+


-------------------
; Clock Transfers ;
-------------------
Nothing to report.


---------------
; Report TCCS ;
---------------
No dedicated SERDES Transmitter circuitry present in device or used in design


---------------
; Report RSKM ;
---------------
No dedicated SERDES Receiver circuitry present in device or used in design


+------------------------------------------------+
; Unconstrained Paths                            ;
+---------------------------------+-------+------+
; Property                        ; Setup ; Hold ;
+---------------------------------+-------+------+
; Illegal Clocks                  ; 0     ; 0    ;
; Unconstrained Clocks            ; 6     ; 6    ;
; Unconstrained Input Ports       ; 49    ; 49   ;
; Unconstrained Input Port Paths  ; 322   ; 322  ;
; Unconstrained Output Ports      ; 137   ; 137  ;
; Unconstrained Output Port Paths ; 423   ; 423  ;
+---------------------------------+-------+------+


+------------------------------------+
; TimeQuest Timing Analyzer Messages ;
+------------------------------------+
Info: *******************************************************************
Info: Running Quartus II 64-Bit TimeQuest Timing Analyzer
    Info: Version 12.0 Build 178 05/31/2012 SJ Full Version
    Info: Processing started: Tue Dec 30 04:15:52 2014
Info: Command: quartus_sta DE2_TV -c DE2_TV
Info: qsta_default_script.tcl version: #4
Critical Warning (138069): Setting INCREMENTAL_COMPILATION to "OFF" is no longer supported. Assignment is ignored. To disable partitions, set the IGNORE_PARTITIONS global assignment to "ON" instead.
Info (332164): Evaluating HDL-embedded SDC commands
    Info (332165): Entity dcfifo_iep1
        Info (332166): set_false_path -from *rdptr_g* -to *ws_dgrp|dffpipe_qe9:dffpipe22|dffe23a* 
        Info (332166): set_false_path -from *delayed_wrptr_g* -to *rs_dgwp|dffpipe_pe9:dffpipe18|dffe19a* 
    Info (332165): Entity sld_hub
        Info (332166): create_clock -period 10MHz -name altera_reserved_tck [get_ports {altera_reserved_tck}]
        Info (332166): set_clock_groups -asynchronous -group {altera_reserved_tck}
Critical Warning (332012): Synopsys Design Constraints File file not found: 'DE2_TV.sdc'. A Synopsys Design Constraints File is required by the TimeQuest Timing Analyzer to get proper timing constraints. Without it, the Compiler will not properly optimize the design.
Warning (332060): Node: VGA_Ctrl:u9|oVGA_HS was determined to be a clock but was found without an associated clock assignment.
Warning (332060): Node: OSC_50 was determined to be a clock but was found without an associated clock assignment.
Warning (332060): Node: OSC_27 was determined to be a clock but was found without an associated clock assignment.
Warning (332060): Node: I2C_AV_Config:u1|mI2C_CTRL_CLK was determined to be a clock but was found without an associated clock assignment.
Warning (332060): Node: TD_HS was determined to be a clock but was found without an associated clock assignment.
Warning (332060): Node: TD_CLK was determined to be a clock but was found without an associated clock assignment.
Warning (332056): PLL cross checking found inconsistent PLL clock settings:
    Warning (332056): Node: u6|sdram_pll1|altpll_component|pll|clk[0] was found missing 1 generated clock that corresponds to a base clock with a period of: 37.037
    Warning (332056): Node: u6|sdram_pll1|altpll_component|pll|clk[1] was found missing 1 generated clock that corresponds to a base clock with a period of: 37.037
    Warning (332056): Node: u6|sdram_pll1|altpll_component|pll|clk[2] was found missing 1 generated clock that corresponds to a base clock with a period of: 37.037
Info: Found TIMEQUEST_REPORT_SCRIPT_INCLUDE_DEFAULT_ANALYSIS = ON
Info: Analyzing Slow Model
Info (332140): No fmax paths to report
Info (332140): No Setup paths to report
Info (332140): No Hold paths to report
Info (332140): No Recovery paths to report
Info (332140): No Removal paths to report
Info (332146): Worst-case minimum pulse width slack is 97.778
    Info (332119):     Slack End Point TNS Clock 
    Info (332119): ========= ============= =====================
    Info (332119):    97.778         0.000 altera_reserved_tck 
Info (332001): The selected device family is not supported by the report_metastability command.
Info: Analyzing Fast Model
Warning (332060): Node: VGA_Ctrl:u9|oVGA_HS was determined to be a clock but was found without an associated clock assignment.
Warning (332060): Node: OSC_50 was determined to be a clock but was found without an associated clock assignment.
Warning (332060): Node: OSC_27 was determined to be a clock but was found without an associated clock assignment.
Warning (332060): Node: I2C_AV_Config:u1|mI2C_CTRL_CLK was determined to be a clock but was found without an associated clock assignment.
Warning (332060): Node: TD_HS was determined to be a clock but was found without an associated clock assignment.
Warning (332060): Node: TD_CLK was determined to be a clock but was found without an associated clock assignment.
Warning (332056): PLL cross checking found inconsistent PLL clock settings:
    Warning (332056): Node: u6|sdram_pll1|altpll_component|pll|clk[0] was found missing 1 generated clock that corresponds to a base clock with a period of: 37.037
    Warning (332056): Node: u6|sdram_pll1|altpll_component|pll|clk[1] was found missing 1 generated clock that corresponds to a base clock with a period of: 37.037
    Warning (332056): Node: u6|sdram_pll1|altpll_component|pll|clk[2] was found missing 1 generated clock that corresponds to a base clock with a period of: 37.037
Info (332140): No Setup paths to report
Info (332140): No Hold paths to report
Info (332140): No Recovery paths to report
Info (332140): No Removal paths to report
Info (332146): Worst-case minimum pulse width slack is 97.778
    Info (332119):     Slack End Point TNS Clock 
    Info (332119): ========= ============= =====================
    Info (332119):    97.778         0.000 altera_reserved_tck 
Info (332001): The selected device family is not supported by the report_metastability command.
Info (332102): Design is not fully constrained for setup requirements
Info (332102): Design is not fully constrained for hold requirements
Info: Quartus II 64-Bit TimeQuest Timing Analyzer was successful. 0 errors, 22 warnings
    Info: Peak virtual memory: 422 megabytes
    Info: Processing ended: Tue Dec 30 04:15:54 2014
    Info: Elapsed time: 00:00:02
    Info: Total CPU time (on all processors): 00:00:01


