Archive member included because of file (symbol)

c:/altera/12.0/nios2eds/bin/gnu/h-i686-mingw32/bin/../lib/gcc/nios2-elf/4.1.2\libgcc.a(lib2-divmod.o)
                              obj/default/hello_world.o (__divsi3)
c:/altera/12.0/nios2eds/bin/gnu/h-i686-mingw32/bin/../lib/gcc/nios2-elf/4.1.2/../../../../nios2-elf/lib\libc.a(lib_a-printf.o)
                              obj/default/hello_world.o (printf)
c:/altera/12.0/nios2eds/bin/gnu/h-i686-mingw32/bin/../lib/gcc/nios2-elf/4.1.2/../../../../nios2-elf/lib\libc.a(lib_a-puts.o)
                              obj/default/hello_world.o (puts)
c:/altera/12.0/nios2eds/bin/gnu/h-i686-mingw32/bin/../lib/gcc/nios2-elf/4.1.2/../../../../nios2-elf/lib\libc.a(lib_a-rand.o)
                              obj/default/hello_world.o (rand)
c:/altera/12.0/nios2eds/bin/gnu/h-i686-mingw32/bin/../lib/gcc/nios2-elf/4.1.2/../../../../nios2-elf/lib\libc.a(lib_a-strlen.o)
                              c:/altera/12.0/nios2eds/bin/gnu/h-i686-mingw32/bin/../lib/gcc/nios2-elf/4.1.2/../../../../nios2-elf/lib\libc.a(lib_a-puts.o) (strlen)
c:/altera/12.0/nios2eds/bin/gnu/h-i686-mingw32/bin/../lib/gcc/nios2-elf/4.1.2/../../../../nios2-elf/lib\libc.a(lib_a-vfprintf.o)
                              c:/altera/12.0/nios2eds/bin/gnu/h-i686-mingw32/bin/../lib/gcc/nios2-elf/4.1.2/../../../../nios2-elf/lib\libc.a(lib_a-printf.o) (___vfprintf_internal_r)
c:/altera/12.0/nios2eds/bin/gnu/h-i686-mingw32/bin/../lib/gcc/nios2-elf/4.1.2/../../../../nios2-elf/lib\libc.a(lib_a-wsetup.o)
                              c:/altera/12.0/nios2eds/bin/gnu/h-i686-mingw32/bin/../lib/gcc/nios2-elf/4.1.2/../../../../nios2-elf/lib\libc.a(lib_a-vfprintf.o) (__swsetup_r)
c:/altera/12.0/nios2eds/bin/gnu/h-i686-mingw32/bin/../lib/gcc/nios2-elf/4.1.2/../../../../nios2-elf/lib\libc.a(lib_a-dtoa.o)
                              c:/altera/12.0/nios2eds/bin/gnu/h-i686-mingw32/bin/../lib/gcc/nios2-elf/4.1.2/../../../../nios2-elf/lib\libc.a(lib_a-vfprintf.o) (_dtoa_r)
c:/altera/12.0/nios2eds/bin/gnu/h-i686-mingw32/bin/../lib/gcc/nios2-elf/4.1.2/../../../../nios2-elf/lib\libc.a(lib_a-fflush.o)
                              c:/altera/12.0/nios2eds/bin/gnu/h-i686-mingw32/bin/../lib/gcc/nios2-elf/4.1.2/../../../../nios2-elf/lib\libc.a(lib_a-vfprintf.o) (_fflush_r)
c:/altera/12.0/nios2eds/bin/gnu/h-i686-mingw32/bin/../lib/gcc/nios2-elf/4.1.2/../../../../nios2-elf/lib\libc.a(lib_a-findfp.o)
                              c:/altera/12.0/nios2eds/bin/gnu/h-i686-mingw32/bin/../lib/gcc/nios2-elf/4.1.2/../../../../nios2-elf/lib\libc.a(lib_a-vfprintf.o) (__sinit)
c:/altera/12.0/nios2eds/bin/gnu/h-i686-mingw32/bin/../lib/gcc/nios2-elf/4.1.2/../../../../nios2-elf/lib\libc.a(lib_a-freer.o)
                              c:/altera/12.0/nios2eds/bin/gnu/h-i686-mingw32/bin/../lib/gcc/nios2-elf/4.1.2/../../../../nios2-elf/lib\libc.a(lib_a-wsetup.o) (_free_r)
c:/altera/12.0/nios2eds/bin/gnu/h-i686-mingw32/bin/../lib/gcc/nios2-elf/4.1.2/../../../../nios2-elf/lib\libc.a(lib_a-fvwrite.o)
                              c:/altera/12.0/nios2eds/bin/gnu/h-i686-mingw32/bin/../lib/gcc/nios2-elf/4.1.2/../../../../nios2-elf/lib\libc.a(lib_a-puts.o) (__sfvwrite_r)
c:/altera/12.0/nios2eds/bin/gnu/h-i686-mingw32/bin/../lib/gcc/nios2-elf/4.1.2/../../../../nios2-elf/lib\libc.a(lib_a-fwalk.o)
                              c:/altera/12.0/nios2eds/bin/gnu/h-i686-mingw32/bin/../lib/gcc/nios2-elf/4.1.2/../../../../nios2-elf/lib\libc.a(lib_a-fflush.o) (_fwalk_reent)
c:/altera/12.0/nios2eds/bin/gnu/h-i686-mingw32/bin/../lib/gcc/nios2-elf/4.1.2/../../../../nios2-elf/lib\libc.a(lib_a-impure.o)
                              c:/altera/12.0/nios2eds/bin/gnu/h-i686-mingw32/bin/../lib/gcc/nios2-elf/4.1.2/../../../../nios2-elf/lib\libc.a(lib_a-printf.o) (_impure_ptr)
c:/altera/12.0/nios2eds/bin/gnu/h-i686-mingw32/bin/../lib/gcc/nios2-elf/4.1.2/../../../../nios2-elf/lib\libc.a(lib_a-locale.o)
                              c:/altera/12.0/nios2eds/bin/gnu/h-i686-mingw32/bin/../lib/gcc/nios2-elf/4.1.2/../../../../nios2-elf/lib\libc.a(lib_a-vfprintf.o) (_localeconv_r)
c:/altera/12.0/nios2eds/bin/gnu/h-i686-mingw32/bin/../lib/gcc/nios2-elf/4.1.2/../../../../nios2-elf/lib\libc.a(lib_a-makebuf.o)
                              c:/altera/12.0/nios2eds/bin/gnu/h-i686-mingw32/bin/../lib/gcc/nios2-elf/4.1.2/../../../../nios2-elf/lib\libc.a(lib_a-wsetup.o) (__smakebuf_r)
c:/altera/12.0/nios2eds/bin/gnu/h-i686-mingw32/bin/../lib/gcc/nios2-elf/4.1.2/../../../../nios2-elf/lib\libc.a(lib_a-mallocr.o)
                              c:/altera/12.0/nios2eds/bin/gnu/h-i686-mingw32/bin/../lib/gcc/nios2-elf/4.1.2/../../../../nios2-elf/lib\libc.a(lib_a-findfp.o) (_malloc_r)
c:/altera/12.0/nios2eds/bin/gnu/h-i686-mingw32/bin/../lib/gcc/nios2-elf/4.1.2/../../../../nios2-elf/lib\libc.a(lib_a-memchr.o)
                              c:/altera/12.0/nios2eds/bin/gnu/h-i686-mingw32/bin/../lib/gcc/nios2-elf/4.1.2/../../../../nios2-elf/lib\libc.a(lib_a-vfprintf.o) (memchr)
[...]
Memory Configuration

Name             Origin             Length             Attributes
reset            0x00400000         0x00000020
cfi_flash        0x00400020         0x003fffe0
sram_16bit_512k_0 0x00a80000         0x00080000
onchip_memory_BEFORE_EXCEPTION 0x00b01000         0x00000020
onchip_memory    0x00b01020         0x00000fe0
epcs_flash_controller 0x00b03800         0x00000800
*default*        0x00000000         0xffffffff

Linker script and memory map

LOAD ../game_bsp//obj/HAL/src/crt0.o
LOAD obj/default/VGA.o
LOAD obj/default/hello_world.o
LOAD c:/altera/12.0/nios2eds/bin/gnu/h-i686-mingw32/bin/../lib/gcc/nios2-elf/4.1.2/../../../../nios2-elf/lib\libstdc++.a
LOAD c:/altera/12.0/nios2eds/bin/gnu/h-i686-mingw32/bin/../lib/gcc/nios2-elf/4.1.2/../../../../nios2-elf/lib\libm.a
LOAD c:/altera/12.0/nios2eds/bin/gnu/h-i686-mingw32/bin/../lib/gcc/nios2-elf/4.1.2\libgcc.a
START GROUP
LOAD c:/altera/12.0/nios2eds/bin/gnu/h-i686-mingw32/bin/../lib/gcc/nios2-elf/4.1.2/../../../../nios2-elf/lib\libc.a
LOAD c:/altera/12.0/nios2eds/bin/gnu/h-i686-mingw32/bin/../lib/gcc/nios2-elf/4.1.2\libgcc.a
LOAD ../game_bsp/\libhal_bsp.a
END GROUP
LOAD c:/altera/12.0/nios2eds/bin/gnu/h-i686-mingw32/bin/../lib/gcc/nios2-elf/4.1.2\libgcc.a
                0x00400000                __alt_mem_cfi_flash = 0x400000
                0x00a80000                __alt_mem_sram_16bit_512k_0 = 0xa80000
                0x00b01000                __alt_mem_onchip_memory = 0xb01000
                0x00b03800                __alt_mem_epcs_flash_controller = 0xb03800

.entry          0x00400000        0x0
 *(.entry)
 .entry         0x00400000        0x0 ../game_bsp//obj/HAL/src/crt0.o
                0x00400000                __reset

.exceptions     0x00b01020      0x194
                0x00b01020                PROVIDE (__ram_exceptions_start, ABSOLUTE (.))
                0x00b01020                . = ALIGN (0x20)
 *(.irq)
 *(.exceptions.entry.label)
 .exceptions.entry.label
                0x00b01020        0x0 ../game_bsp/\libhal_bsp.a(alt_irq_entry.o)
                0x00b01020                alt_irq_entry
 .exceptions.entry.label
                0x00b01020        0x0 ../game_bsp/\libhal_bsp.a(alt_exception_entry.o)
                0x00b01020                alt_exception
 *(.exceptions.entry.user)
 *(.exceptions.entry)
 .exceptions.entry
                0x00b01020       0x54 ../game_bsp/\libhal_bsp.a(alt_exception_entry.o)
 *(.exceptions.irqtest.user)
 *(.exceptions.irqtest)
 .exceptions.irqtest
                0x00b01074       0x10 ../game_bsp/\libhal_bsp.a(alt_irq_entry.o)
 *(.exceptions.irqhandler.user)
 *(.exceptions.irqhandler)
 .exceptions.irqhandler
                0x00b01084        0x4 ../game_bsp/\libhal_bsp.a(alt_irq_entry.o)
 *(.exceptions.irqreturn.user)
 *(.exceptions.irqreturn)
 .exceptions.irqreturn
                0x00b01088        0x4 ../game_bsp/\libhal_bsp.a(alt_irq_entry.o)
 *(.exceptions.notirq.label)
 .exceptions.notirq.label
                0x00b0108c        0x0 ../game_bsp/\libhal_bsp.a(alt_irq_entry.o)
 *(.exceptions.notirq.user)
 *(.exceptions.notirq)
 .exceptions.notirq
                0x00b0108c        0x8 ../game_bsp/\libhal_bsp.a(alt_exception_entry.o)
 *(.exceptions.soft.user)
 *(.exceptions.soft)
 *(.exceptions.unknown.user)
 *(.exceptions.unknown)
 .exceptions.unknown
                0x00b01094        0x4 ../game_bsp/\libhal_bsp.a(alt_exception_entry.o)
 *(.exceptions.exit.label)
 .exceptions.exit.label
                0x00b01098        0x0 ../game_bsp/\libhal_bsp.a(alt_irq_entry.o)
 .exceptions.exit.label
                0x00b01098        0x0 ../game_bsp/\libhal_bsp.a(alt_exception_entry.o)
 *(.exceptions.exit.user)
 *(.exceptions.exit)
 .exceptions.exit
                0x00b01098       0x54 ../game_bsp/\libhal_bsp.a(alt_exception_entry.o)
 *(.exceptions)
 .exceptions    0x00b010ec       0xc8 ../game_bsp/\libhal_bsp.a(alt_irq_handler.o)
                0x00b010ec                alt_irq_handler
                0x00b011b4                PROVIDE (__ram_exceptions_end, ABSOLUTE (.))
                0x00b01020                PROVIDE (__flash_exceptions_start, LOADADDR (.exceptions))

.text           0x00a80000    0x1166c
                0x00a80000                PROVIDE (stext, ABSOLUTE (.))
 *(.interp)
 *(.hash)
 *(.dynsym)
 *(.dynstr)
 *(.gnu.version)
 *(.gnu.version_d)
 *(.gnu.version_r)
 *(.rel.init)
 *(.rela.init)
 *(.rel.text .rel.text.* .rel.gnu.linkonce.t.*)
 *(.rela.text .rela.text.* .rela.gnu.linkonce.t.*)
 *(.rel.fini)
 *(.rela.fini)
 *(.rel.rodata .rel.rodata.* .rel.gnu.linkonce.r.*)
 *(.rela.rodata .rela.rodata.* .rela.gnu.linkonce.r.*)
 *(.rel.data .rel.data.* .rel.gnu.linkonce.d.*)
 *(.rela.data .rela.data.* .rela.gnu.linkonce.d.*)
 *(.rel.tdata .rel.tdata.* .rel.gnu.linkonce.td.*)
 *(.rela.tdata .rela.tdata.* .rela.gnu.linkonce.td.*)
 *(.rel.tbss .rel.tbss.* .rel.gnu.linkonce.tb.*)
 *(.rela.tbss .rela.tbss.* .rela.gnu.linkonce.tb.*)
 *(.rel.ctors)
 *(.rela.ctors)
 *(.rel.dtors)
 *(.rela.dtors)
 *(.rel.got)
 *(.rela.got)
 *(.rel.sdata .rel.sdata.* .rel.gnu.linkonce.s.*)
 *(.rela.sdata .rela.sdata.* .rela.gnu.linkonce.s.*)
 *(.rel.sbss .rel.sbss.* .rel.gnu.linkonce.sb.*)
 *(.rela.sbss .rela.sbss.* .rela.gnu.linkonce.sb.*)
 *(.rel.sdata2 .rel.sdata2.* .rel.gnu.linkonce.s2.*)
 *(.rela.sdata2 .rela.sdata2.* .rela.gnu.linkonce.s2.*)
 *(.rel.sbss2 .rel.sbss2.* .rel.gnu.linkonce.sb2.*)
 *(.rela.sbss2 .rela.sbss2.* .rela.gnu.linkonce.sb2.*)
 *(.rel.bss .rel.bss.* .rel.gnu.linkonce.b.*)
 *(.rela.bss .rela.bss.* .rela.gnu.linkonce.b.*)
 *(.rel.plt)
 *(.rela.plt)
 *(.rel.dyn)
 *(.init)
 *(.plt)
 *(.text .stub .text.* .gnu.linkonce.t.*)
 .text          0x00a80000       0x38 ../game_bsp//obj/HAL/src/crt0.o
                0x00a80000                _start
 .text          0x00a80038      0x14c obj/default/VGA.o
                0x00a80038                Set_Cursor_XY
                0x00a8007c                Set_Cursor_Color
                0x00a800d4                Set_Pixel_On_Color
                0x00a8012c                Set_Pixel_Off_Color
 .text          0x00a80184      0xc88 obj/default/hello_world.o
                0x00a80184                max
                0x00a801cc                min
                0x00a80214                Erase_Bird
                0x00a802b8                Print_Bird
                0x00a80364                Shift_Pl
                0x00a80820                Collide
                0x00a808b0                HitGround
                0x00a808f0                main
 .text          0x00a80e0c      0x14c c:/altera/12.0/nios2eds/bin/gnu/h-i686-mingw32/bin/../lib/gcc/nios2-elf/4.1.2\libgcc.a(lib2-divmod.o)
                0x00a80e88                __divsi3
                0x00a80ee8                __modsi3
                0x00a80f48                __udivsi3
                0x00a80f50                __umodsi3
 .text          0x00a80f58       0x78 c:/altera/12.0/nios2eds/bin/gnu/h-i686-mingw32/bin/../lib/gcc/nios2-elf/4.1.2/../../../../nios2-elf/lib\libc.a(lib_a-printf.o)
                0x00a80f58                printf
                0x00a80f9c                _printf_r
 .text          0x00a80fd0       0xb4 c:/altera/12.0/nios2eds/bin/gnu/h-i686-mingw32/bin/../lib/gcc/nios2-elf/4.1.2/../../../../nios2-elf/lib\libc.a(lib_a-puts.o)
                0x00a80fd0                _puts_r
                0x00a81070                puts
 .text          0x00a81084       0x94 c:/altera/12.0/nios2eds/bin/gnu/h-i686-mingw32/bin/../lib/gcc/nios2-elf/4.1.2/../../../../nios2-elf/lib\libc.a(lib_a-rand.o)
                0x00a81084                srand
                0x00a810a0                rand
 .text          0x00a81118       0x74 c:/altera/12.0/nios2eds/bin/gnu/h-i686-mingw32/bin/../lib/gcc/nios2-elf/4.1.2/../../../../nios2-elf/lib\libc.a(lib_a-strlen.o)
                0x00a81118                strlen
 .text          0x00a8118c     0x1f28 c:/altera/12.0/nios2eds/bin/gnu/h-i686-mingw32/bin/../lib/gcc/nios2-elf/4.1.2/../../../../nios2-elf/lib\libc.a(lib_a-vfprintf.o)
                0x00a811e4                ___vfprintf_internal_r
                0x00a83090                __vfprintf_internal
 .text          0x00a830b4      0x13c c:/altera/12.0/nios2eds/bin/gnu/h-i686-mingw32/bin/../lib/gcc/nios2-elf/4.1.2/../../../../nios2-elf/lib\libc.a(lib_a-wsetup.o)
                0x00a830b4                __swsetup_r
 .text          0x00a831f0     0x17cc c:/altera/12.0/nios2eds/bin/gnu/h-i686-mingw32/bin/../lib/gcc/nios2-elf/4.1.2/../../../../nios2-elf/lib\libc.a(lib_a-dtoa.o)
                0x00a83408                _dtoa_r
 .text          0x00a849bc      0x230 c:/altera/12.0/nios2eds/bin/gnu/h-i686-mingw32/bin/../lib/gcc/nios2-elf/4.1.2/../../../../nios2-elf/lib\libc.a(lib_a-fflush.o)
                0x00a849bc                _fflush_r
                0x00a84bb8                fflush
 .text          0x00a84bec      0x2c0 c:/altera/12.0/nios2eds/bin/gnu/h-i686-mingw32/bin/../lib/gcc/nios2-elf/4.1.2/../../../../nios2-elf/lib\libc.a(lib_a-findfp.o)
                0x00a84c44                __sfp_lock_acquire
                0x00a84c48                __sfp_lock_release
                0x00a84c4c                __sinit_lock_acquire
                0x00a84c50                __sinit_lock_release
                0x00a84c54                __sinit
                0x00a84d08                __fp_unlock_all
                0x00a84d20                __fp_lock_all
                0x00a84d38                _cleanup_r
                0x00a84d44                _cleanup
                0x00a84d54                __sfmoreglue
                0x00a84dbc                __sfp
 .text          0x00a84eac      0x440 c:/altera/12.0/nios2eds/bin/gnu/h-i686-mingw32/bin/../lib/gcc/nios2-elf/4.1.2/../../../../nios2-elf/lib\libc.a(lib_a-freer.o)
                0x00a84eac                _malloc_trim_r
                0x00a84fd8                _free_r
 .text          0x00a852ec      0x49c c:/altera/12.0/nios2eds/bin/gnu/h-i686-mingw32/bin/../lib/gcc/nios2-elf/4.1.2/../../../../nios2-elf/lib\libc.a(lib_a-fvwrite.o)
                0x00a852ec                __sfvwrite_r
 .text          0x00a85788      0x180 c:/altera/12.0/nios2eds/bin/gnu/h-i686-mingw32/bin/../lib/gcc/nios2-elf/4.1.2/../../../../nios2-elf/lib\libc.a(lib_a-fwalk.o)
                0x00a85788                _fwalk_reent
                0x00a85850                _fwalk
 .text          0x00a85908        0x0 c:/altera/12.0/nios2eds/bin/gnu/h-i686-mingw32/bin/../lib/gcc/nios2-elf/4.1.2/../../../../nios2-elf/lib\libc.a(lib_a-impure.o)
 .text          0x00a85908       0xc4 c:/altera/12.0/nios2eds/bin/gnu/h-i686-mingw32/bin/../lib/gcc/nios2-elf/4.1.2/../../../../nios2-elf/lib\libc.a(lib_a-locale.o)
                0x00a85908                __locale_charset
                0x00a85910                _localeconv_r
                0x00a8591c                localeconv
                0x00a8592c                _setlocale_r
                0x00a859b0                setlocale
 .text          0x00a859cc      0x194 c:/altera/12.0/nios2eds/bin/gnu/h-i686-mingw32/bin/../lib/gcc/nios2-elf/4.1.2/../../../../nios2-elf/lib\libc.a(lib_a-makebuf.o)
                0x00a859cc                __smakebuf_r
 .text          0x00a85b60      0x740 c:/altera/12.0/nios2eds/bin/gnu/h-i686-mingw32/bin/../lib/gcc/nios2-elf/4.1.2/../../../../nios2-elf/lib\libc.a(lib_a-mallocr.o)
                0x00a85b60                _malloc_r
 .text          0x00a862a0       0xe4 c:/altera/12.0/nios2eds/bin/gnu/h-i686-mingw32/bin/../lib/gcc/nios2-elf/4.1.2/../../../../nios2-elf/lib\libc.a(lib_a-memchr.o)
                0x00a862a0                memchr
 .text          0x00a86384       0xa0 c:/altera/12.0/nios2eds/bin/gnu/h-i686-mingw32/bin/../lib/gcc/nios2-elf/4.1.2/../../../../nios2-elf/lib\libc.a(lib_a-memcpy.o)
                0x00a86384                memcpy
 .text          0x00a86424       0xe0 c:/altera/12.0/nios2eds/bin/gnu/h-i686-mingw32/bin/../lib/gcc/nios2-elf/4.1.2/../../../../nios2-elf/lib\libc.a(lib_a-memmove.o)
                0x00a86424                memmove
 .text          0x00a86504       0x98 c:/altera/12.0/nios2eds/bin/gnu/h-i686-mingw32/bin/../lib/gcc/nios2-elf/4.1.2/../../../../nios2-elf/lib\libc.a(lib_a-memset.o)
                0x00a86504                memset
 .text          0x00a8659c      0xff4 c:/altera/12.0/nios2eds/bin/gnu/h-i686-mingw32/bin/../lib/gcc/nios2-elf/4.1.2/../../../../nios2-elf/lib\libc.a(lib_a-mprec.o)
                0x00a8659c                _Bfree
                0x00a865c4                __hi0bits
                0x00a86634                __lo0bits
                0x00a866f8                __mcmp
                0x00a86758                __ulp
                0x00a867d8                __b2d
                0x00a868f8                __ratio
                0x00a869a8                _mprec_log10
                0x00a86a3c                __copybits
                0x00a86a94                __any_on
                0x00a86b1c                _Balloc
                0x00a86bd8                __d2b
                0x00a86d54                __mdiff
                0x00a86ee0                __lshift
                0x00a8702c                __multiply
                0x00a87214                __i2b
                0x00a87250                __multadd
                0x00a87350                __pow5mult
                0x00a87470                __s2b
 .text          0x00a87590      0x5f4 c:/altera/12.0/nios2eds/bin/gnu/h-i686-mingw32/bin/../lib/gcc/nios2-elf/4.1.2/../../../../nios2-elf/lib\libc.a(lib_a-reallocr.o)
                0x00a87590                _realloc_r
 .text          0x00a87b84       0x40 c:/altera/12.0/nios2eds/bin/gnu/h-i686-mingw32/bin/../lib/gcc/nios2-elf/4.1.2/../../../../nios2-elf/lib\libc.a(lib_a-s_isinfd.o)
                0x00a87b84                __isinfd
 .text          0x00a87bc4       0x30 c:/altera/12.0/nios2eds/bin/gnu/h-i686-mingw32/bin/../lib/gcc/nios2-elf/4.1.2/../../../../nios2-elf/lib\libc.a(lib_a-s_isnand.o)
                0x00a87bc4                __isnand
 .text          0x00a87bf4       0x70 c:/altera/12.0/nios2eds/bin/gnu/h-i686-mingw32/bin/../lib/gcc/nios2-elf/4.1.2/../../../../nios2-elf/lib\libc.a(lib_a-sbrkr.o)
                0x00a87bf4                _sbrk_r
 .text          0x00a87c64      0x14c c:/altera/12.0/nios2eds/bin/gnu/h-i686-mingw32/bin/../lib/gcc/nios2-elf/4.1.2/../../../../nios2-elf/lib\libc.a(lib_a-stdio.o)
                0x00a87c64                __sclose
                0x00a87c6c                __sseek
                0x00a87cd4                __swrite
                0x00a87d50                __sread
 .text          0x00a87db0       0xbc c:/altera/12.0/nios2eds/bin/gnu/h-i686-mingw32/bin/../lib/gcc/nios2-elf/4.1.2/../../../../nios2-elf/lib\libc.a(lib_a-strcmp.o)
                0x00a87db0                strcmp
 .text          0x00a87e6c       0x78 c:/altera/12.0/nios2eds/bin/gnu/h-i686-mingw32/bin/../lib/gcc/nios2-elf/4.1.2/../../../../nios2-elf/lib\libc.a(lib_a-writer.o)
                0x00a87e6c                _write_r
 .text          0x00a87ee4       0xb4 c:/altera/12.0/nios2eds/bin/gnu/h-i686-mingw32/bin/../lib/gcc/nios2-elf/4.1.2/../../../../nios2-elf/lib\libc.a(lib_a-callocr.o)
                0x00a87ee4                _calloc_r
 .text          0x00a87f98       0x70 c:/altera/12.0/nios2eds/bin/gnu/h-i686-mingw32/bin/../lib/gcc/nios2-elf/4.1.2/../../../../nios2-elf/lib\libc.a(lib_a-closer.o)
                0x00a87f98                _close_r
 .text          0x00a88008      0x124 c:/altera/12.0/nios2eds/bin/gnu/h-i686-mingw32/bin/../lib/gcc/nios2-elf/4.1.2/../../../../nios2-elf/lib\libc.a(lib_a-fclose.o)
                0x00a88008                _fclose_r
                0x00a88118                fclose
 .text          0x00a8812c       0x74 c:/altera/12.0/nios2eds/bin/gnu/h-i686-mingw32/bin/../lib/gcc/nios2-elf/4.1.2/../../../../nios2-elf/lib\libc.a(lib_a-fstatr.o)
                0x00a8812c                _fstat_r
 .text          0x00a881a0        0x0 c:/altera/12.0/nios2eds/bin/gnu/h-i686-mingw32/bin/../lib/gcc/nios2-elf/4.1.2/../../../../nios2-elf/lib\libc.a(lib_a-int_errno.o)
 .text          0x00a881a0       0x70 c:/altera/12.0/nios2eds/bin/gnu/h-i686-mingw32/bin/../lib/gcc/nios2-elf/4.1.2/../../../../nios2-elf/lib\libc.a(lib_a-isattyr.o)
                0x00a881a0                _isatty_r
 .text          0x00a88210       0x78 c:/altera/12.0/nios2eds/bin/gnu/h-i686-mingw32/bin/../lib/gcc/nios2-elf/4.1.2/../../../../nios2-elf/lib\libc.a(lib_a-lseekr.o)
                0x00a88210                _lseek_r
 .text          0x00a88288       0x78 c:/altera/12.0/nios2eds/bin/gnu/h-i686-mingw32/bin/../lib/gcc/nios2-elf/4.1.2/../../../../nios2-elf/lib\libc.a(lib_a-readr.o)
                0x00a88288                _read_r
 .text          0x00a88300       0x98 c:/altera/12.0/nios2eds/bin/gnu/h-i686-mingw32/bin/../lib/gcc/nios2-elf/4.1.2\libgcc.a(_muldi3.o)
                0x00a88300                __muldi3
 .text          0x00a88398      0x5dc c:/altera/12.0/nios2eds/bin/gnu/h-i686-mingw32/bin/../lib/gcc/nios2-elf/4.1.2\libgcc.a(_udivdi3.o)
                0x00a88398                __udivdi3
 .text          0x00a88974      0x5b0 c:/altera/12.0/nios2eds/bin/gnu/h-i686-mingw32/bin/../lib/gcc/nios2-elf/4.1.2\libgcc.a(_umoddi3.o)
                0x00a88974                __umoddi3
 .text          0x00a88f24      0x504 c:/altera/12.0/nios2eds/bin/gnu/h-i686-mingw32/bin/../lib/gcc/nios2-elf/4.1.2\libgcc.a(_addsub_df.o)
                0x00a89334                __subdf3
                0x00a893b4                __adddf3
 .text          0x00a89428      0x3c4 c:/altera/12.0/nios2eds/bin/gnu/h-i686-mingw32/bin/../lib/gcc/nios2-elf/4.1.2\libgcc.a(_mul_df.o)
                0x00a89428                __muldf3
 .text          0x00a897ec      0x258 c:/altera/12.0/nios2eds/bin/gnu/h-i686-mingw32/bin/../lib/gcc/nios2-elf/4.1.2\libgcc.a(_div_df.o)
                0x00a897ec                __divdf3
 .text          0x00a89a44       0x88 c:/altera/12.0/nios2eds/bin/gnu/h-i686-mingw32/bin/../lib/gcc/nios2-elf/4.1.2\libgcc.a(_eq_df.o)
                0x00a89a44                __eqdf2
 .text          0x00a89acc       0x88 c:/altera/12.0/nios2eds/bin/gnu/h-i686-mingw32/bin/../lib/gcc/nios2-elf/4.1.2\libgcc.a(_ne_df.o)
                0x00a89acc                __nedf2
 .text          0x00a89b54       0x88 c:/altera/12.0/nios2eds/bin/gnu/h-i686-mingw32/bin/../lib/gcc/nios2-elf/4.1.2\libgcc.a(_gt_df.o)
                0x00a89b54                __gtdf2
 .text          0x00a89bdc       0x88 c:/altera/12.0/nios2eds/bin/gnu/h-i686-mingw32/bin/../lib/gcc/nios2-elf/4.1.2\libgcc.a(_ge_df.o)
                0x00a89bdc                __gedf2
 .text          0x00a89c64       0x88 c:/altera/12.0/nios2eds/bin/gnu/h-i686-mingw32/bin/../lib/gcc/nios2-elf/4.1.2\libgcc.a(_lt_df.o)
                0x00a89c64                __ltdf2
 .text          0x00a89cec       0xf8 c:/altera/12.0/nios2eds/bin/gnu/h-i686-mingw32/bin/../lib/gcc/nios2-elf/4.1.2\libgcc.a(_si_to_df.o)
                0x00a89cec                __floatsidf
 .text          0x00a89de4       0xd8 c:/altera/12.0/nios2eds/bin/gnu/h-i686-mingw32/bin/../lib/gcc/nios2-elf/4.1.2\libgcc.a(_df_to_si.o)
                0x00a89de4                __fixdfsi
 .text          0x00a89ebc        0x0 c:/altera/12.0/nios2eds/bin/gnu/h-i686-mingw32/bin/../lib/gcc/nios2-elf/4.1.2\libgcc.a(_thenan_df.o)
 .text          0x00a89ebc      0x194 c:/altera/12.0/nios2eds/bin/gnu/h-i686-mingw32/bin/../lib/gcc/nios2-elf/4.1.2\libgcc.a(_usi_to_df.o)
                0x00a89ebc                __floatunsidf
 .text          0x00a8a050        0x0 c:/altera/12.0/nios2eds/bin/gnu/h-i686-mingw32/bin/../lib/gcc/nios2-elf/4.1.2\libgcc.a(_clz.o)
 .text          0x00a8a050       0x80 c:/altera/12.0/nios2eds/bin/gnu/h-i686-mingw32/bin/../lib/gcc/nios2-elf/4.1.2\libgcc.a(_clzsi2.o)
                0x00a8a050                __clzsi2
 .text          0x00a8a0d0      0x314 c:/altera/12.0/nios2eds/bin/gnu/h-i686-mingw32/bin/../lib/gcc/nios2-elf/4.1.2\libgcc.a(_pack_df.o)
                0x00a8a0d0                __pack_d
 .text          0x00a8a3e4      0x138 c:/altera/12.0/nios2eds/bin/gnu/h-i686-mingw32/bin/../lib/gcc/nios2-elf/4.1.2\libgcc.a(_unpack_df.o)
                0x00a8a3e4                __unpack_d
 .text          0x00a8a51c       0xc8 c:/altera/12.0/nios2eds/bin/gnu/h-i686-mingw32/bin/../lib/gcc/nios2-elf/4.1.2\libgcc.a(_fpcmp_parts_df.o)
                0x00a8a51c                __fpcmp_parts_d
 .text          0x00a8a5e4      0x15c ../game_bsp/\libhal_bsp.a(alt_close.o)
                0x00a8a5e4                close
 .text          0x00a8a740       0x2c ../game_bsp/\libhal_bsp.a(alt_dev.o)
 .text          0x00a8a76c        0x0 ../game_bsp/\libhal_bsp.a(alt_errno.o)
 .text          0x00a8a76c      0x134 ../game_bsp/\libhal_bsp.a(alt_fstat.o)
                0x00a8a76c                fstat
 .text          0x00a8a8a0      0x120 ../game_bsp/\libhal_bsp.a(alt_isatty.o)
                0x00a8a8a0                isatty
 .text          0x00a8a9c0      0x150 ../game_bsp/\libhal_bsp.a(alt_lseek.o)
                0x00a8a9c0                lseek
 .text          0x00a8ab10       0x6c ../game_bsp/\libhal_bsp.a(alt_main.o)
                0x00a8ab10                alt_main
 .text          0x00a8ab7c       0x40 ../game_bsp/\libhal_bsp.a(alt_malloc_lock.o)
                0x00a8ab7c                __malloc_lock
                0x00a8ab9c                __malloc_unlock
 .text          0x00a8abbc      0x180 ../game_bsp/\libhal_bsp.a(alt_read.o)
                0x00a8abbc                read
 .text          0x00a8ad3c       0x60 ../game_bsp/\libhal_bsp.a(alt_release_fd.o)
                0x00a8ad3c                alt_release_fd
 .text          0x00a8ad9c       0xbc ../game_bsp/\libhal_bsp.a(alt_sbrk.o)
                0x00a8ad9c                sbrk
 .text          0x00a8ae58      0x180 ../game_bsp/\libhal_bsp.a(alt_write.o)
                0x00a8ae58                write
 .text          0x00a8afd8       0xf8 ../game_bsp/\libhal_bsp.a(alt_sys_init.o)
                0x00a8afd8                alt_irq_init
                0x00a8b00c                alt_sys_init
 .text          0x00a8b0d0      0x8c8 ../game_bsp/\libhal_bsp.a(altera_avalon_cfi_flash.o)
                0x00a8b0d0                alt_flash_cfi_init
                0x00a8b1a4                alt_flash_cfi_write
                0x00a8b464                alt_flash_cfi_get_info
                0x00a8b4f4                alt_flash_cfi_read
                0x00a8b55c                alt_write_value_to_flash
                0x00a8b6c0                alt_flash_program_block
 .text          0x00a8b998     0x1448 ../game_bsp/\libhal_bsp.a(altera_avalon_cfi_flash_table.o)
                0x00a8b998                alt_read_query_entry_8bit
                0x00a8b9d8                alt_read_query_entry_16bit
                0x00a8ba1c                alt_read_query_entry_32bit
                0x00a8ba64                alt_write_flash_command_8bit_device_8bit_mode
                0x00a8baa0                alt_write_flash_command_16bit_device_8bit_mode
                0x00a8bb1c                alt_write_flash_command_32bit_device_8bit_mode
                0x00a8bb64                alt_write_flash_command_16bit_device_16bit_mode
                0x00a8bba8                alt_write_flash_command_32bit_device_16bit_mode
                0x00a8bbf0                alt_write_flash_command_32bit_device_32bit_mode
                0x00a8bc38                alt_write_native_8bit
                0x00a8bc6c                alt_write_native_16bit
                0x00a8bca0                alt_write_native_32bit
                0x00a8bcd0                alt_set_flash_width_func
                0x00a8beb0                alt_set_flash_algorithm_func
                0x00a8bfd8                alt_read_cfi_table
                0x00a8c558                alt_read_cfi_width
                0x00a8cd04                alt_check_primary_table
 .text          0x00a8cde0      0x934 ../game_bsp/\libhal_bsp.a(altera_avalon_epcs_flash_controller.o)
                0x00a8cde0                alt_epcs_flash_init
                0x00a8d160                alt_epcs_flash_write
                0x00a8d3e0                alt_epcs_flash_get_info
                0x00a8d470                alt_epcs_flash_erase_block
                0x00a8d578                alt_epcs_flash_write_block
                0x00a8d688                alt_epcs_flash_read
 .text          0x00a8d714      0x148 ../game_bsp/\libhal_bsp.a(altera_avalon_jtag_uart_fd.o)
                0x00a8d714                altera_avalon_jtag_uart_read_fd
                0x00a8d76c                altera_avalon_jtag_uart_write_fd
                0x00a8d7c4                altera_avalon_jtag_uart_close_fd
                0x00a8d80c                altera_avalon_jtag_uart_ioctl_fd
 .text          0x00a8d85c      0x40c ../game_bsp/\libhal_bsp.a(altera_avalon_jtag_uart_init.o)
                0x00a8d85c                altera_avalon_jtag_uart_init
                0x00a8dbf4                altera_avalon_jtag_uart_close
 .text          0x00a8dc68       0xf4 ../game_bsp/\libhal_bsp.a(altera_avalon_jtag_uart_ioctl.o)
                0x00a8dc68                altera_avalon_jtag_uart_ioctl
 .text          0x00a8dd5c      0x224 ../game_bsp/\libhal_bsp.a(altera_avalon_jtag_uart_read.o)
                0x00a8dd5c                altera_avalon_jtag_uart_read
 .text          0x00a8df80      0x240 ../game_bsp/\libhal_bsp.a(altera_avalon_jtag_uart_write.o)
                0x00a8df80                altera_avalon_jtag_uart_write
 .text          0x00a8e1c0      0xee8 ../game_bsp/\libhal_bsp.a(altera_avalon_lcd_16207.o)
                0x00a8e994                altera_avalon_lcd_16207_write
                0x00a8ef6c                altera_avalon_lcd_16207_init
 .text          0x00a8f0a8       0x58 ../game_bsp/\libhal_bsp.a(altera_avalon_lcd_16207_fd.o)
                0x00a8f0a8                altera_avalon_lcd_16207_write_fd
 .text          0x00a8f100      0x100 ../game_bsp/\libhal_bsp.a(altera_avalon_timer_sc.o)
                0x00a8f170                alt_avalon_timer_sc_init
 .text          0x00a8f200      0x460 ../game_bsp/\libhal_bsp.a(epcs_commands.o)
                0x00a8f200                epcs_read_status_register
                0x00a8f260                epcs_sector_erase
                0x00a8f34c                epcs_read_buffer
                0x00a8f400                epcs_write_enable
                0x00a8f450                epcs_write_status_register
                0x00a8f4b4                epcs_write_buffer
                0x00a8f58c                epcs_read_electronic_signature
                0x00a8f5f8                epcs_read_device_id
 .text          0x00a8f660      0x154 ../game_bsp/\libhal_bsp.a(alt_alarm_start.o)
                0x00a8f660                alt_alarm_start
 .text          0x00a8f7b4       0x24 ../game_bsp/\libhal_bsp.a(alt_dcache_flush.o)
                0x00a8f7b4                alt_dcache_flush
 .text          0x00a8f7d8      0x114 ../game_bsp/\libhal_bsp.a(alt_dev_llist_insert.o)
                0x00a8f7d8                alt_dev_llist_insert
 .text          0x00a8f8ec       0x64 ../game_bsp/\libhal_bsp.a(alt_do_ctors.o)
                0x00a8f8ec                _do_ctors
 .text          0x00a8f950       0x64 ../game_bsp/\libhal_bsp.a(alt_do_dtors.o)
                0x00a8f950                _do_dtors
 .text          0x00a8f9b4       0xd0 ../game_bsp/\libhal_bsp.a(alt_flash_dev.o)
                0x00a8f9b4                alt_flash_open_dev
                0x00a8fa30                alt_flash_close_dev
 .text          0x00a8fa84      0x1d4 ../game_bsp/\libhal_bsp.a(alt_iic.o)
                0x00a8fa84                alt_ic_isr_register
                0x00a8fad4                alt_ic_irq_enable
                0x00a8fb70                alt_ic_irq_disable
                0x00a8fc10                alt_ic_irq_enabled
 .text          0x00a8fc58       0xf8 ../game_bsp/\libhal_bsp.a(alt_iic_isr_register.o)
                0x00a8fc58                alt_iic_isr_register
 .text          0x00a8fd50      0x13c ../game_bsp/\libhal_bsp.a(alt_io_redirect.o)
                0x00a8fe14                alt_io_redirect
 .text          0x00a8fe8c        0x0 ../game_bsp/\libhal_bsp.a(alt_irq_entry.o)
 .text          0x00a8fe8c        0x0 ../game_bsp/\libhal_bsp.a(alt_irq_handler.o)
 .text          0x00a8fe8c        0x0 ../game_bsp/\libhal_bsp.a(alt_irq_vars.o)
 .text          0x00a8fe8c      0x2c4 ../game_bsp/\libhal_bsp.a(alt_open.o)
                0x00a8ff68                open
 .text          0x00a90150      0x1a4 ../game_bsp/\libhal_bsp.a(alt_tick.o)
                0x00a90150                alt_alarm_stop
                0x00a901e8                alt_tick
 .text          0x00a902f4       0x30 ../game_bsp/\libhal_bsp.a(alt_usleep.o)
                0x00a902f4                usleep
 .text          0x00a90324       0x20 ../game_bsp/\libhal_bsp.a(altera_nios2_irq.o)
                0x00a90324                altera_nios2_irq_init
 .text          0x00a90344      0x460 ../game_bsp/\libhal_bsp.a(altera_avalon_cfi_flash_amd.o)
                0x00a90344                alt_program_amd
                0x00a903ac                alt_erase_block_amd
 .text          0x00a907a4      0x460 ../game_bsp/\libhal_bsp.a(altera_avalon_cfi_flash_intel.o)
                0x00a907a4                alt_program_intel
                0x00a90828                alt_erase_block_intel
 .text          0x00a90c04      0x238 ../game_bsp/\libhal_bsp.a(altera_avalon_spi.o)
                0x00a90c04                alt_avalon_spi_command
 .text          0x00a90e3c      0x14c ../game_bsp/\libhal_bsp.a(alt_busy_sleep.o)
                0x00a90e3c                alt_busy_sleep
 .text          0x00a90f88        0x0 ../game_bsp/\libhal_bsp.a(alt_exception_entry.o)
 .text          0x00a90f88       0x94 ../game_bsp/\libhal_bsp.a(alt_find_dev.o)
                0x00a90f88                alt_find_dev
 .text          0x00a9101c      0x120 ../game_bsp/\libhal_bsp.a(alt_find_file.o)
                0x00a9101c                alt_find_file
 .text          0x00a9113c       0xb8 ../game_bsp/\libhal_bsp.a(alt_get_fd.o)
                0x00a9113c                alt_get_fd
 .text          0x00a911f4       0x14 c:/altera/12.0/nios2eds/bin/gnu/h-i686-mingw32/bin/../lib/gcc/nios2-elf/4.1.2/../../../../nios2-elf/lib\libc.a(lib_a-atexit.o)
                0x00a911f4                atexit
 .text          0x00a91208        0x0 c:/altera/12.0/nios2eds/bin/gnu/h-i686-mingw32/bin/../lib/gcc/nios2-elf/4.1.2/../../../../nios2-elf/lib\libc.a(lib_a-ctype_.o)
 .text          0x00a91208       0x38 c:/altera/12.0/nios2eds/bin/gnu/h-i686-mingw32/bin/../lib/gcc/nios2-elf/4.1.2/../../../../nios2-elf/lib\libc.a(lib_a-exit.o)
                0x00a91208                exit
 .text          0x00a91240       0x74 c:/altera/12.0/nios2eds/bin/gnu/h-i686-mingw32/bin/../lib/gcc/nios2-elf/4.1.2/../../../../nios2-elf/lib\libc.a(lib_a-memcmp.o)
                0x00a91240                memcmp
 .text          0x00a912b4      0x134 c:/altera/12.0/nios2eds/bin/gnu/h-i686-mingw32/bin/../lib/gcc/nios2-elf/4.1.2/../../../../nios2-elf/lib\libc.a(lib_a-__atexit.o)
                0x00a912b4                __register_exitproc
 .text          0x00a913e8      0x1b4 c:/altera/12.0/nios2eds/bin/gnu/h-i686-mingw32/bin/../lib/gcc/nios2-elf/4.1.2/../../../../nios2-elf/lib\libc.a(lib_a-__call_atexit.o)
                0x00a913ec                __call_exitprocs
 .text          0x00a9159c       0x60 ../game_bsp/\libhal_bsp.a(alt_exit.o)
                0x00a915dc                _exit
 *(.gnu.warning.*)
 *(.fini)
                0x00a915fc                PROVIDE (__etext, ABSOLUTE (.))
                0x00a915fc                PROVIDE (_etext, ABSOLUTE (.))
                0x00a915fc                PROVIDE (etext, ABSOLUTE (.))
 *(.eh_frame_hdr)
                0x00a915fc                . = ALIGN (0x4)
                0x00a915fc                PROVIDE (__preinit_array_start, ABSOLUTE (.))
 *(.preinit_array)
                0x00a915fc                PROVIDE (__preinit_array_end, ABSOLUTE (.))
                0x00a915fc                PROVIDE (__init_array_start, ABSOLUTE (.))
 *(.init_array)
                0x00a915fc                PROVIDE (__init_array_end, ABSOLUTE (.))
                0x00a915fc                PROVIDE (__fini_array_start, ABSOLUTE (.))
 *(.fini_array)
                0x00a915fc                PROVIDE (__fini_array_end, ABSOLUTE (.))
 *(.eh_frame)
 .eh_frame      0x00a915fc       0x40 c:/altera/12.0/nios2eds/bin/gnu/h-i686-mingw32/bin/../lib/gcc/nios2-elf/4.1.2\libgcc.a(_udivdi3.o)
 .eh_frame      0x00a9163c       0x2c c:/altera/12.0/nios2eds/bin/gnu/h-i686-mingw32/bin/../lib/gcc/nios2-elf/4.1.2\libgcc.a(_umoddi3.o)
                                 0x40 (size before relaxing)
 *(.gcc_except_table)
 *(.dynamic)
                0x00a91668                PROVIDE (__CTOR_LIST__, ABSOLUTE (.))
 *(.ctors)
 *(SORT(.ctors.*))
 .ctors.65535   0x00a91668        0x4 c:/altera/12.0/nios2eds/bin/gnu/h-i686-mingw32/bin/../lib/gcc/nios2-elf/4.1.2/../../../../nios2-elf/lib\libc.a(lib_a-__call_atexit.o)
                0x00a9166c                PROVIDE (__CTOR_END__, ABSOLUTE (.))
                0x00a9166c                PROVIDE (__DTOR_LIST__, ABSOLUTE (.))
 *(.dtors)
 *(SORT(.dtors.*))
                0x00a9166c                PROVIDE (__DTOR_END__, ABSOLUTE (.))
 *(.jcr)
                0x00a9166c                . = ALIGN (0x4)

.rodata         0x00a9166c      0x620
                0x00a9166c                PROVIDE (__ram_rodata_start, ABSOLUTE (.))
                0x00a9166c                . = ALIGN (0x4)
 *(.rodata .rodata.* .gnu.linkonce.r.*)
 .rodata        0x00a9166c       0x28 obj/default/hello_world.o
 .rodata.str1.4
                0x00a91694        0x2 c:/altera/12.0/nios2eds/bin/gnu/h-i686-mingw32/bin/../lib/gcc/nios2-elf/4.1.2/../../../../nios2-elf/lib\libc.a(lib_a-puts.o)
                                  0x4 (size before relaxing)
 *fill*         0x00a91696        0x2 00
 .rodata.str1.4
                0x00a91698       0x5e c:/altera/12.0/nios2eds/bin/gnu/h-i686-mingw32/bin/../lib/gcc/nios2-elf/4.1.2/../../../../nios2-elf/lib\libc.a(lib_a-vfprintf.o)
                                 0x60 (size before relaxing)
 .rodata        0x00a916f6       0x20 c:/altera/12.0/nios2eds/bin/gnu/h-i686-mingw32/bin/../lib/gcc/nios2-elf/4.1.2/../../../../nios2-elf/lib\libc.a(lib_a-vfprintf.o)
 *fill*         0x00a91716        0x2 00
 .rodata.str1.4
                0x00a91718       0x10 c:/altera/12.0/nios2eds/bin/gnu/h-i686-mingw32/bin/../lib/gcc/nios2-elf/4.1.2/../../../../nios2-elf/lib\libc.a(lib_a-dtoa.o)
                                 0x14 (size before relaxing)
 .rodata.str1.4
                0x00a91728        0x2 c:/altera/12.0/nios2eds/bin/gnu/h-i686-mingw32/bin/../lib/gcc/nios2-elf/4.1.2/../../../../nios2-elf/lib\libc.a(lib_a-impure.o)
                                  0x4 (size before relaxing)
 *fill*         0x00a9172a        0x2 00
 .rodata.str1.4
                0x00a9172c       0x10 c:/altera/12.0/nios2eds/bin/gnu/h-i686-mingw32/bin/../lib/gcc/nios2-elf/4.1.2/../../../../nios2-elf/lib\libc.a(lib_a-locale.o)
                                 0x18 (size before relaxing)
 .rodata        0x00a9173c       0x30 c:/altera/12.0/nios2eds/bin/gnu/h-i686-mingw32/bin/../lib/gcc/nios2-elf/4.1.2/../../../../nios2-elf/lib\libc.a(lib_a-locale.o)
 .rodata        0x00a9176c      0x124 c:/altera/12.0/nios2eds/bin/gnu/h-i686-mingw32/bin/../lib/gcc/nios2-elf/4.1.2/../../../../nios2-elf/lib\libc.a(lib_a-mprec.o)
                0x00a9176c                __mprec_tens
                0x00a91834                __mprec_bigtens
                0x00a9185c                __mprec_tinytens
 .rodata        0x00a91890       0x14 c:/altera/12.0/nios2eds/bin/gnu/h-i686-mingw32/bin/../lib/gcc/nios2-elf/4.1.2\libgcc.a(_thenan_df.o)
                0x00a91890                __thenan_df
 .rodata        0x00a918a4      0x100 c:/altera/12.0/nios2eds/bin/gnu/h-i686-mingw32/bin/../lib/gcc/nios2-elf/4.1.2\libgcc.a(_clz.o)
                0x00a918a4                __clz_tab
 .rodata        0x00a919a4        0xc ../game_bsp/\libhal_bsp.a(alt_dev.o)
 .rodata        0x00a919b0       0x10 ../game_bsp/\libhal_bsp.a(alt_main.o)
 .rodata        0x00a919c0       0x48 ../game_bsp/\libhal_bsp.a(alt_sys_init.o)
 .rodata        0x00a91a08      0x281 c:/altera/12.0/nios2eds/bin/gnu/h-i686-mingw32/bin/../lib/gcc/nios2-elf/4.1.2/../../../../nios2-elf/lib\libc.a(lib_a-ctype_.o)
                0x00a91a08                _ctype_
 *(.rodata1)
                0x00a91c8c                . = ALIGN (0x4)
 *fill*         0x00a91c89        0x3 00
                0x00a91c8c                PROVIDE (__ram_rodata_end, ABSOLUTE (.))
                0x00a9166c                PROVIDE (__flash_rodata_start, LOADADDR (.rodata))

.rwdata         0x00a91c8c     0x1d2c
                0x00a91c8c                PROVIDE (__ram_rwdata_start, ABSOLUTE (.))
                0x00a91c8c                . = ALIGN (0x4)
 *(.got.plt)
 *(.got)
 *(.data1)
 *(.data .data.* .gnu.linkonce.d.*)
 .data          0x00a91c8c        0x0 ../game_bsp//obj/HAL/src/crt0.o
 .data          0x00a91c8c        0x0 obj/default/VGA.o
 .data          0x00a91c8c        0x0 obj/default/hello_world.o
 .data          0x00a91c8c        0x0 c:/altera/12.0/nios2eds/bin/gnu/h-i686-mingw32/bin/../lib/gcc/nios2-elf/4.1.2\libgcc.a(lib2-divmod.o)
 .data          0x00a91c8c        0x0 c:/altera/12.0/nios2eds/bin/gnu/h-i686-mingw32/bin/../lib/gcc/nios2-elf/4.1.2/../../../../nios2-elf/lib\libc.a(lib_a-printf.o)
 .data          0x00a91c8c        0x0 c:/altera/12.0/nios2eds/bin/gnu/h-i686-mingw32/bin/../lib/gcc/nios2-elf/4.1.2/../../../../nios2-elf/lib\libc.a(lib_a-puts.o)
 .data          0x00a91c8c        0x0 c:/altera/12.0/nios2eds/bin/gnu/h-i686-mingw32/bin/../lib/gcc/nios2-elf/4.1.2/../../../../nios2-elf/lib\libc.a(lib_a-rand.o)
 .data          0x00a91c8c        0x0 c:/altera/12.0/nios2eds/bin/gnu/h-i686-mingw32/bin/../lib/gcc/nios2-elf/4.1.2/../../../../nios2-elf/lib\libc.a(lib_a-strlen.o)
 .data          0x00a91c8c        0x0 c:/altera/12.0/nios2eds/bin/gnu/h-i686-mingw32/bin/../lib/gcc/nios2-elf/4.1.2/../../../../nios2-elf/lib\libc.a(lib_a-vfprintf.o)
 .data          0x00a91c8c        0x0 c:/altera/12.0/nios2eds/bin/gnu/h-i686-mingw32/bin/../lib/gcc/nios2-elf/4.1.2/../../../../nios2-elf/lib\libc.a(lib_a-wsetup.o)
 .data          0x00a91c8c        0x0 c:/altera/12.0/nios2eds/bin/gnu/h-i686-mingw32/bin/../lib/gcc/nios2-elf/4.1.2/../../../../nios2-elf/lib\libc.a(lib_a-dtoa.o)
 .data          0x00a91c8c        0x0 c:/altera/12.0/nios2eds/bin/gnu/h-i686-mingw32/bin/../lib/gcc/nios2-elf/4.1.2/../../../../nios2-elf/lib\libc.a(lib_a-fflush.o)
 .data          0x00a91c8c        0x0 c:/altera/12.0/nios2eds/bin/gnu/h-i686-mingw32/bin/../lib/gcc/nios2-elf/4.1.2/../../../../nios2-elf/lib\libc.a(lib_a-findfp.o)
 .data          0x00a91c8c        0x0 c:/altera/12.0/nios2eds/bin/gnu/h-i686-mingw32/bin/../lib/gcc/nios2-elf/4.1.2/../../../../nios2-elf/lib\libc.a(lib_a-freer.o)
 .data          0x00a91c8c        0x0 c:/altera/12.0/nios2eds/bin/gnu/h-i686-mingw32/bin/../lib/gcc/nios2-elf/4.1.2/../../../../nios2-elf/lib\libc.a(lib_a-fvwrite.o)
 .data          0x00a91c8c        0x0 c:/altera/12.0/nios2eds/bin/gnu/h-i686-mingw32/bin/../lib/gcc/nios2-elf/4.1.2/../../../../nios2-elf/lib\libc.a(lib_a-fwalk.o)
 .data          0x00a91c8c      0x400 c:/altera/12.0/nios2eds/bin/gnu/h-i686-mingw32/bin/../lib/gcc/nios2-elf/4.1.2/../../../../nios2-elf/lib\libc.a(lib_a-impure.o)
 .data          0x00a9208c        0xc c:/altera/12.0/nios2eds/bin/gnu/h-i686-mingw32/bin/../lib/gcc/nios2-elf/4.1.2/../../../../nios2-elf/lib\libc.a(lib_a-locale.o)
                0x00a9208c                __lc_ctype
 .data          0x00a92098        0x0 c:/altera/12.0/nios2eds/bin/gnu/h-i686-mingw32/bin/../lib/gcc/nios2-elf/4.1.2/../../../../nios2-elf/lib\libc.a(lib_a-makebuf.o)
 .data          0x00a92098      0x408 c:/altera/12.0/nios2eds/bin/gnu/h-i686-mingw32/bin/../lib/gcc/nios2-elf/4.1.2/../../../../nios2-elf/lib\libc.a(lib_a-mallocr.o)
                0x00a92098                __malloc_av_
 .data          0x00a924a0        0x0 c:/altera/12.0/nios2eds/bin/gnu/h-i686-mingw32/bin/../lib/gcc/nios2-elf/4.1.2/../../../../nios2-elf/lib\libc.a(lib_a-memchr.o)
 .data          0x00a924a0        0x0 c:/altera/12.0/nios2eds/bin/gnu/h-i686-mingw32/bin/../lib/gcc/nios2-elf/4.1.2/../../../../nios2-elf/lib\libc.a(lib_a-memcpy.o)
 .data          0x00a924a0        0x0 c:/altera/12.0/nios2eds/bin/gnu/h-i686-mingw32/bin/../lib/gcc/nios2-elf/4.1.2/../../../../nios2-elf/lib\libc.a(lib_a-memmove.o)
 .data          0x00a924a0        0x0 c:/altera/12.0/nios2eds/bin/gnu/h-i686-mingw32/bin/../lib/gcc/nios2-elf/4.1.2/../../../../nios2-elf/lib\libc.a(lib_a-memset.o)
 .data          0x00a924a0        0x0 c:/altera/12.0/nios2eds/bin/gnu/h-i686-mingw32/bin/../lib/gcc/nios2-elf/4.1.2/../../../../nios2-elf/lib\libc.a(lib_a-mprec.o)
 .data          0x00a924a0        0x0 c:/altera/12.0/nios2eds/bin/gnu/h-i686-mingw32/bin/../lib/gcc/nios2-elf/4.1.2/../../../../nios2-elf/lib\libc.a(lib_a-reallocr.o)
 .data          0x00a924a0        0x0 c:/altera/12.0/nios2eds/bin/gnu/h-i686-mingw32/bin/../lib/gcc/nios2-elf/4.1.2/../../../../nios2-elf/lib\libc.a(lib_a-s_isinfd.o)
 .data          0x00a924a0        0x0 c:/altera/12.0/nios2eds/bin/gnu/h-i686-mingw32/bin/../lib/gcc/nios2-elf/4.1.2/../../../../nios2-elf/lib\libc.a(lib_a-s_isnand.o)
 .data          0x00a924a0        0x0 c:/altera/12.0/nios2eds/bin/gnu/h-i686-mingw32/bin/../lib/gcc/nios2-elf/4.1.2/../../../../nios2-elf/lib\libc.a(lib_a-sbrkr.o)
 .data          0x00a924a0        0x0 c:/altera/12.0/nios2eds/bin/gnu/h-i686-mingw32/bin/../lib/gcc/nios2-elf/4.1.2/../../../../nios2-elf/lib\libc.a(lib_a-stdio.o)
 .data          0x00a924a0        0x0 c:/altera/12.0/nios2eds/bin/gnu/h-i686-mingw32/bin/../lib/gcc/nios2-elf/4.1.2/../../../../nios2-elf/lib\libc.a(lib_a-strcmp.o)
 .data          0x00a924a0        0x0 c:/altera/12.0/nios2eds/bin/gnu/h-i686-mingw32/bin/../lib/gcc/nios2-elf/4.1.2/../../../../nios2-elf/lib\libc.a(lib_a-writer.o)
 .data          0x00a924a0        0x0 c:/altera/12.0/nios2eds/bin/gnu/h-i686-mingw32/bin/../lib/gcc/nios2-elf/4.1.2/../../../../nios2-elf/lib\libc.a(lib_a-callocr.o)
 .data          0x00a924a0        0x0 c:/altera/12.0/nios2eds/bin/gnu/h-i686-mingw32/bin/../lib/gcc/nios2-elf/4.1.2/../../../../nios2-elf/lib\libc.a(lib_a-closer.o)
 .data          0x00a924a0        0x0 c:/altera/12.0/nios2eds/bin/gnu/h-i686-mingw32/bin/../lib/gcc/nios2-elf/4.1.2/../../../../nios2-elf/lib\libc.a(lib_a-fclose.o)
 .data          0x00a924a0        0x0 c:/altera/12.0/nios2eds/bin/gnu/h-i686-mingw32/bin/../lib/gcc/nios2-elf/4.1.2/../../../../nios2-elf/lib\libc.a(lib_a-fstatr.o)
 .data          0x00a924a0        0x0 c:/altera/12.0/nios2eds/bin/gnu/h-i686-mingw32/bin/../lib/gcc/nios2-elf/4.1.2/../../../../nios2-elf/lib\libc.a(lib_a-int_errno.o)
 .data          0x00a924a0        0x0 c:/altera/12.0/nios2eds/bin/gnu/h-i686-mingw32/bin/../lib/gcc/nios2-elf/4.1.2/../../../../nios2-elf/lib\libc.a(lib_a-isattyr.o)
 .data          0x00a924a0        0x0 c:/altera/12.0/nios2eds/bin/gnu/h-i686-mingw32/bin/../lib/gcc/nios2-elf/4.1.2/../../../../nios2-elf/lib\libc.a(lib_a-lseekr.o)
 .data          0x00a924a0        0x0 c:/altera/12.0/nios2eds/bin/gnu/h-i686-mingw32/bin/../lib/gcc/nios2-elf/4.1.2/../../../../nios2-elf/lib\libc.a(lib_a-readr.o)
 .data          0x00a924a0        0x0 c:/altera/12.0/nios2eds/bin/gnu/h-i686-mingw32/bin/../lib/gcc/nios2-elf/4.1.2\libgcc.a(_muldi3.o)
 .data          0x00a924a0        0x0 c:/altera/12.0/nios2eds/bin/gnu/h-i686-mingw32/bin/../lib/gcc/nios2-elf/4.1.2\libgcc.a(_udivdi3.o)
 .data          0x00a924a0        0x0 c:/altera/12.0/nios2eds/bin/gnu/h-i686-mingw32/bin/../lib/gcc/nios2-elf/4.1.2\libgcc.a(_umoddi3.o)
 .data          0x00a924a0        0x0 c:/altera/12.0/nios2eds/bin/gnu/h-i686-mingw32/bin/../lib/gcc/nios2-elf/4.1.2\libgcc.a(_addsub_df.o)
 .data          0x00a924a0        0x0 c:/altera/12.0/nios2eds/bin/gnu/h-i686-mingw32/bin/../lib/gcc/nios2-elf/4.1.2\libgcc.a(_mul_df.o)
 .data          0x00a924a0        0x0 c:/altera/12.0/nios2eds/bin/gnu/h-i686-mingw32/bin/../lib/gcc/nios2-elf/4.1.2\libgcc.a(_div_df.o)
 .data          0x00a924a0        0x0 c:/altera/12.0/nios2eds/bin/gnu/h-i686-mingw32/bin/../lib/gcc/nios2-elf/4.1.2\libgcc.a(_eq_df.o)
 .data          0x00a924a0        0x0 c:/altera/12.0/nios2eds/bin/gnu/h-i686-mingw32/bin/../lib/gcc/nios2-elf/4.1.2\libgcc.a(_ne_df.o)
 .data          0x00a924a0        0x0 c:/altera/12.0/nios2eds/bin/gnu/h-i686-mingw32/bin/../lib/gcc/nios2-elf/4.1.2\libgcc.a(_gt_df.o)
 .data          0x00a924a0        0x0 c:/altera/12.0/nios2eds/bin/gnu/h-i686-mingw32/bin/../lib/gcc/nios2-elf/4.1.2\libgcc.a(_ge_df.o)
 .data          0x00a924a0        0x0 c:/altera/12.0/nios2eds/bin/gnu/h-i686-mingw32/bin/../lib/gcc/nios2-elf/4.1.2\libgcc.a(_lt_df.o)
 .data          0x00a924a0        0x0 c:/altera/12.0/nios2eds/bin/gnu/h-i686-mingw32/bin/../lib/gcc/nios2-elf/4.1.2\libgcc.a(_si_to_df.o)
 .data          0x00a924a0        0x0 c:/altera/12.0/nios2eds/bin/gnu/h-i686-mingw32/bin/../lib/gcc/nios2-elf/4.1.2\libgcc.a(_df_to_si.o)
 .data          0x00a924a0        0x0 c:/altera/12.0/nios2eds/bin/gnu/h-i686-mingw32/bin/../lib/gcc/nios2-elf/4.1.2\libgcc.a(_thenan_df.o)
 .data          0x00a924a0        0x0 c:/altera/12.0/nios2eds/bin/gnu/h-i686-mingw32/bin/../lib/gcc/nios2-elf/4.1.2\libgcc.a(_usi_to_df.o)
 .data          0x00a924a0        0x0 c:/altera/12.0/nios2eds/bin/gnu/h-i686-mingw32/bin/../lib/gcc/nios2-elf/4.1.2\libgcc.a(_clz.o)
 .data          0x00a924a0        0x0 c:/altera/12.0/nios2eds/bin/gnu/h-i686-mingw32/bin/../lib/gcc/nios2-elf/4.1.2\libgcc.a(_clzsi2.o)
 .data          0x00a924a0        0x0 c:/altera/12.0/nios2eds/bin/gnu/h-i686-mingw32/bin/../lib/gcc/nios2-elf/4.1.2\libgcc.a(_pack_df.o)
 .data          0x00a924a0        0x0 c:/altera/12.0/nios2eds/bin/gnu/h-i686-mingw32/bin/../lib/gcc/nios2-elf/4.1.2\libgcc.a(_unpack_df.o)
 .data          0x00a924a0        0x0 c:/altera/12.0/nios2eds/bin/gnu/h-i686-mingw32/bin/../lib/gcc/nios2-elf/4.1.2\libgcc.a(_fpcmp_parts_df.o)
 .data          0x00a924a0        0x0 ../game_bsp/\libhal_bsp.a(alt_close.o)
 .data          0x00a924a0      0x1a8 ../game_bsp/\libhal_bsp.a(alt_dev.o)
                0x00a924a0                alt_dev_null
                0x00a924c8                alt_fd_list
 .data          0x00a92648        0x0 ../game_bsp/\libhal_bsp.a(alt_errno.o)
 .data          0x00a92648        0x0 ../game_bsp/\libhal_bsp.a(alt_fstat.o)
 .data          0x00a92648        0x0 ../game_bsp/\libhal_bsp.a(alt_isatty.o)
 .data          0x00a92648        0x0 ../game_bsp/\libhal_bsp.a(alt_lseek.o)
 .data          0x00a92648        0x0 ../game_bsp/\libhal_bsp.a(alt_main.o)
 .data          0x00a92648        0x0 ../game_bsp/\libhal_bsp.a(alt_malloc_lock.o)
 .data          0x00a92648        0x0 ../game_bsp/\libhal_bsp.a(alt_read.o)
 .data          0x00a92648        0x0 ../game_bsp/\libhal_bsp.a(alt_release_fd.o)
 .data          0x00a92648        0x0 ../game_bsp/\libhal_bsp.a(alt_sbrk.o)
 .data          0x00a92648        0x0 ../game_bsp/\libhal_bsp.a(alt_write.o)
 .data          0x00a92648     0x131c ../game_bsp/\libhal_bsp.a(alt_sys_init.o)
 .data          0x00a93964        0x0 ../game_bsp/\libhal_bsp.a(altera_avalon_cfi_flash.o)
 .data          0x00a93964        0x0 ../game_bsp/\libhal_bsp.a(altera_avalon_cfi_flash_table.o)
 .data          0x00a93964        0x0 ../game_bsp/\libhal_bsp.a(altera_avalon_epcs_flash_controller.o)
 .data          0x00a93964        0x0 ../game_bsp/\libhal_bsp.a(altera_avalon_jtag_uart_fd.o)
 .data          0x00a93964        0x0 ../game_bsp/\libhal_bsp.a(altera_avalon_jtag_uart_init.o)
 .data          0x00a93964        0x0 ../game_bsp/\libhal_bsp.a(altera_avalon_jtag_uart_ioctl.o)
 .data          0x00a93964        0x0 ../game_bsp/\libhal_bsp.a(altera_avalon_jtag_uart_read.o)
 .data          0x00a93964        0x0 ../game_bsp/\libhal_bsp.a(altera_avalon_jtag_uart_write.o)
 .data          0x00a93964        0x0 ../game_bsp/\libhal_bsp.a(altera_avalon_lcd_16207.o)
 .data          0x00a93964        0x0 ../game_bsp/\libhal_bsp.a(altera_avalon_lcd_16207_fd.o)
 .data          0x00a93964        0x0 ../game_bsp/\libhal_bsp.a(altera_avalon_timer_sc.o)
 .data          0x00a93964        0x0 ../game_bsp/\libhal_bsp.a(epcs_commands.o)
 .data          0x00a93964        0x0 ../game_bsp/\libhal_bsp.a(alt_alarm_start.o)
 .data          0x00a93964        0x0 ../game_bsp/\libhal_bsp.a(alt_dcache_flush.o)
 .data          0x00a93964        0x0 ../game_bsp/\libhal_bsp.a(alt_dev_llist_insert.o)
 .data          0x00a93964        0x0 ../game_bsp/\libhal_bsp.a(alt_do_ctors.o)
 .data          0x00a93964        0x0 ../game_bsp/\libhal_bsp.a(alt_do_dtors.o)
 .data          0x00a93964        0x0 ../game_bsp/\libhal_bsp.a(alt_flash_dev.o)
 .data          0x00a93964        0x0 ../game_bsp/\libhal_bsp.a(alt_iic.o)
 .data          0x00a93964        0x0 ../game_bsp/\libhal_bsp.a(alt_iic_isr_register.o)
 .data          0x00a93964        0x0 ../game_bsp/\libhal_bsp.a(alt_io_redirect.o)
 .data          0x00a93964        0x0 ../game_bsp/\libhal_bsp.a(alt_irq_entry.o)
 .data          0x00a93964        0x0 ../game_bsp/\libhal_bsp.a(alt_irq_handler.o)
 .data          0x00a93964        0x0 ../game_bsp/\libhal_bsp.a(alt_irq_vars.o)
 .data          0x00a93964        0x0 ../game_bsp/\libhal_bsp.a(alt_open.o)
 .data          0x00a93964        0x0 ../game_bsp/\libhal_bsp.a(alt_tick.o)
 .data          0x00a93964        0x0 ../game_bsp/\libhal_bsp.a(alt_usleep.o)
 .data          0x00a93964        0x0 ../game_bsp/\libhal_bsp.a(altera_nios2_irq.o)
 .data          0x00a93964        0x0 ../game_bsp/\libhal_bsp.a(altera_avalon_cfi_flash_amd.o)
 .data          0x00a93964        0x0 ../game_bsp/\libhal_bsp.a(altera_avalon_cfi_flash_intel.o)
 .data          0x00a93964        0x0 ../game_bsp/\libhal_bsp.a(altera_avalon_spi.o)
 .data          0x00a93964        0x0 ../game_bsp/\libhal_bsp.a(alt_busy_sleep.o)
 .data          0x00a93964        0x0 ../game_bsp/\libhal_bsp.a(alt_exception_entry.o)
 .data          0x00a93964        0x0 ../game_bsp/\libhal_bsp.a(alt_find_dev.o)
 .data          0x00a93964        0x0 ../game_bsp/\libhal_bsp.a(alt_find_file.o)
 .data          0x00a93964        0x0 ../game_bsp/\libhal_bsp.a(alt_get_fd.o)
 .data          0x00a93964        0x0 c:/altera/12.0/nios2eds/bin/gnu/h-i686-mingw32/bin/../lib/gcc/nios2-elf/4.1.2/../../../../nios2-elf/lib\libc.a(lib_a-atexit.o)
 .data          0x00a93964        0x0 c:/altera/12.0/nios2eds/bin/gnu/h-i686-mingw32/bin/../lib/gcc/nios2-elf/4.1.2/../../../../nios2-elf/lib\libc.a(lib_a-ctype_.o)
 .data          0x00a93964        0x0 c:/altera/12.0/nios2eds/bin/gnu/h-i686-mingw32/bin/../lib/gcc/nios2-elf/4.1.2/../../../../nios2-elf/lib\libc.a(lib_a-exit.o)
 .data          0x00a93964        0x0 c:/altera/12.0/nios2eds/bin/gnu/h-i686-mingw32/bin/../lib/gcc/nios2-elf/4.1.2/../../../../nios2-elf/lib\libc.a(lib_a-memcmp.o)
 .data          0x00a93964        0x0 c:/altera/12.0/nios2eds/bin/gnu/h-i686-mingw32/bin/../lib/gcc/nios2-elf/4.1.2/../../../../nios2-elf/lib\libc.a(lib_a-__atexit.o)
 .data          0x00a93964        0x0 c:/altera/12.0/nios2eds/bin/gnu/h-i686-mingw32/bin/../lib/gcc/nios2-elf/4.1.2/../../../../nios2-elf/lib\libc.a(lib_a-__call_atexit.o)
 .data          0x00a93964        0x0 ../game_bsp/\libhal_bsp.a(alt_exit.o)
                0x00a9b964                _gp = ABSOLUTE ((. + 0x8000))
                0x00a9b964                PROVIDE (gp, _gp)
 *(.rwdata .rwdata.*)
 *(.sdata .sdata.* .gnu.linkonce.s.*)
 .sdata         0x00a93964        0x4 obj/default/hello_world.o
                0x00a93964                H_H
 .sdata         0x00a93968        0x8 c:/altera/12.0/nios2eds/bin/gnu/h-i686-mingw32/bin/../lib/gcc/nios2-elf/4.1.2/../../../../nios2-elf/lib\libc.a(lib_a-impure.o)
                0x00a93968                _impure_ptr
                0x00a9396c                _global_impure_ptr
 .sdata         0x00a93970        0x8 c:/altera/12.0/nios2eds/bin/gnu/h-i686-mingw32/bin/../lib/gcc/nios2-elf/4.1.2/../../../../nios2-elf/lib\libc.a(lib_a-locale.o)
                0x00a93970                __mb_cur_max
 .sdata         0x00a93978        0x8 c:/altera/12.0/nios2eds/bin/gnu/h-i686-mingw32/bin/../lib/gcc/nios2-elf/4.1.2/../../../../nios2-elf/lib\libc.a(lib_a-mallocr.o)
                0x00a93978                __malloc_trim_threshold
                0x00a9397c                __malloc_sbrk_base
 .sdata         0x00a93980       0x14 ../game_bsp/\libhal_bsp.a(alt_dev.o)
                0x00a93980                alt_fs_list
                0x00a93988                alt_dev_list
                0x00a93990                alt_max_fd
 .sdata         0x00a93994        0x4 ../game_bsp/\libhal_bsp.a(alt_errno.o)
                0x00a93994                alt_errno
 .sdata         0x00a93998        0x4 ../game_bsp/\libhal_bsp.a(alt_sbrk.o)
 .sdata         0x00a9399c        0x4 ../game_bsp/\libhal_bsp.a(altera_avalon_lcd_16207.o)
 .sdata         0x00a939a0        0x8 ../game_bsp/\libhal_bsp.a(alt_flash_dev.o)
                0x00a939a0                alt_flash_dev_list
 .sdata         0x00a939a8        0x4 ../game_bsp/\libhal_bsp.a(alt_irq_vars.o)
                0x00a939a8                alt_priority_mask
 .sdata         0x00a939ac        0x8 ../game_bsp/\libhal_bsp.a(alt_tick.o)
                0x00a939ac                alt_alarm_list
 .sdata         0x00a939b4        0x4 c:/altera/12.0/nios2eds/bin/gnu/h-i686-mingw32/bin/../lib/gcc/nios2-elf/4.1.2/../../../../nios2-elf/lib\libc.a(lib_a-ctype_.o)
                0x00a939b4                __ctype_ptr
 *(.sdata2 .sdata2.* .gnu.linkonce.s2.*)
                0x00a939b8                . = ALIGN (0x4)
                0x00a939b8                _edata = ABSOLUTE (.)
                0x00a939b8                PROVIDE (edata, ABSOLUTE (.))
                0x00a939b8                PROVIDE (__ram_rwdata_end, ABSOLUTE (.))
                0x00a91c8c                PROVIDE (__flash_rwdata_start, LOADADDR (.rwdata))

.bss            0x00a939b8      0x2ec
                0x00a939b8                __bss_start = ABSOLUTE (.)
                0x00a939b8                PROVIDE (__sbss_start, ABSOLUTE (.))
                0x00a939b8                PROVIDE (___sbss_start, ABSOLUTE (.))
 *(.dynsbss)
 *(.sbss .sbss.* .gnu.linkonce.sb.*)
 .sbss          0x00a939b8        0xc c:/altera/12.0/nios2eds/bin/gnu/h-i686-mingw32/bin/../lib/gcc/nios2-elf/4.1.2/../../../../nios2-elf/lib\libc.a(lib_a-locale.o)
                0x00a939b8                __nlocale_changed
                0x00a939bc                __mlocale_changed
                0x00a939c0                _PathLocale
 .sbss          0x00a939c4        0xc c:/altera/12.0/nios2eds/bin/gnu/h-i686-mingw32/bin/../lib/gcc/nios2-elf/4.1.2/../../../../nios2-elf/lib\libc.a(lib_a-mallocr.o)
                0x00a939c4                __malloc_top_pad
                0x00a939c8                __malloc_max_sbrked_mem
                0x00a939cc                __malloc_max_total_mem
 .sbss          0x00a939d0        0x4 c:/altera/12.0/nios2eds/bin/gnu/h-i686-mingw32/bin/../lib/gcc/nios2-elf/4.1.2/../../../../nios2-elf/lib\libc.a(lib_a-int_errno.o)
                0x00a939d0                errno
 .sbss          0x00a939d4        0xc ../game_bsp/\libhal_bsp.a(alt_main.o)
                0x00a939d4                alt_argc
                0x00a939d8                alt_argv
                0x00a939dc                alt_envp
 .sbss          0x00a939e0        0x4 ../game_bsp/\libhal_bsp.a(alt_irq_vars.o)
                0x00a939e0                alt_irq_active
 .sbss          0x00a939e4        0x8 ../game_bsp/\libhal_bsp.a(alt_tick.o)
                0x00a939e4                _alt_tick_rate
                0x00a939e8                _alt_nticks
 *(.sbss2 .sbss2.* .gnu.linkonce.sb2.*)
 *(.scommon)
                0x00a939ec                PROVIDE (__sbss_end, ABSOLUTE (.))
                0x00a939ec                PROVIDE (___sbss_end, ABSOLUTE (.))
 *(.dynbss)
 *(.bss .bss.* .gnu.linkonce.b.*)
 .bss           0x00a939ec        0x0 ../game_bsp//obj/HAL/src/crt0.o
 .bss           0x00a939ec        0x0 obj/default/VGA.o
 .bss           0x00a939ec        0x0 obj/default/hello_world.o
 .bss           0x00a939ec        0x0 c:/altera/12.0/nios2eds/bin/gnu/h-i686-mingw32/bin/../lib/gcc/nios2-elf/4.1.2\libgcc.a(lib2-divmod.o)
 .bss           0x00a939ec        0x0 c:/altera/12.0/nios2eds/bin/gnu/h-i686-mingw32/bin/../lib/gcc/nios2-elf/4.1.2/../../../../nios2-elf/lib\libc.a(lib_a-printf.o)
 .bss           0x00a939ec        0x0 c:/altera/12.0/nios2eds/bin/gnu/h-i686-mingw32/bin/../lib/gcc/nios2-elf/4.1.2/../../../../nios2-elf/lib\libc.a(lib_a-puts.o)
 .bss           0x00a939ec        0x0 c:/altera/12.0/nios2eds/bin/gnu/h-i686-mingw32/bin/../lib/gcc/nios2-elf/4.1.2/../../../../nios2-elf/lib\libc.a(lib_a-rand.o)
 .bss           0x00a939ec        0x0 c:/altera/12.0/nios2eds/bin/gnu/h-i686-mingw32/bin/../lib/gcc/nios2-elf/4.1.2/../../../../nios2-elf/lib\libc.a(lib_a-strlen.o)
 .bss           0x00a939ec        0x0 c:/altera/12.0/nios2eds/bin/gnu/h-i686-mingw32/bin/../lib/gcc/nios2-elf/4.1.2/../../../../nios2-elf/lib\libc.a(lib_a-vfprintf.o)
 .bss           0x00a939ec        0x0 c:/altera/12.0/nios2eds/bin/gnu/h-i686-mingw32/bin/../lib/gcc/nios2-elf/4.1.2/../../../../nios2-elf/lib\libc.a(lib_a-wsetup.o)
 .bss           0x00a939ec        0x0 c:/altera/12.0/nios2eds/bin/gnu/h-i686-mingw32/bin/../lib/gcc/nios2-elf/4.1.2/../../../../nios2-elf/lib\libc.a(lib_a-dtoa.o)
 .bss           0x00a939ec        0x0 c:/altera/12.0/nios2eds/bin/gnu/h-i686-mingw32/bin/../lib/gcc/nios2-elf/4.1.2/../../../../nios2-elf/lib\libc.a(lib_a-fflush.o)
 .bss           0x00a939ec        0x0 c:/altera/12.0/nios2eds/bin/gnu/h-i686-mingw32/bin/../lib/gcc/nios2-elf/4.1.2/../../../../nios2-elf/lib\libc.a(lib_a-findfp.o)
 .bss           0x00a939ec        0x0 c:/altera/12.0/nios2eds/bin/gnu/h-i686-mingw32/bin/../lib/gcc/nios2-elf/4.1.2/../../../../nios2-elf/lib\libc.a(lib_a-freer.o)
 .bss           0x00a939ec        0x0 c:/altera/12.0/nios2eds/bin/gnu/h-i686-mingw32/bin/../lib/gcc/nios2-elf/4.1.2/../../../../nios2-elf/lib\libc.a(lib_a-fvwrite.o)
 .bss           0x00a939ec        0x0 c:/altera/12.0/nios2eds/bin/gnu/h-i686-mingw32/bin/../lib/gcc/nios2-elf/4.1.2/../../../../nios2-elf/lib\libc.a(lib_a-fwalk.o)
 .bss           0x00a939ec        0x0 c:/altera/12.0/nios2eds/bin/gnu/h-i686-mingw32/bin/../lib/gcc/nios2-elf/4.1.2/../../../../nios2-elf/lib\libc.a(lib_a-impure.o)
 .bss           0x00a939ec        0x0 c:/altera/12.0/nios2eds/bin/gnu/h-i686-mingw32/bin/../lib/gcc/nios2-elf/4.1.2/../../../../nios2-elf/lib\libc.a(lib_a-locale.o)
 .bss           0x00a939ec        0x0 c:/altera/12.0/nios2eds/bin/gnu/h-i686-mingw32/bin/../lib/gcc/nios2-elf/4.1.2/../../../../nios2-elf/lib\libc.a(lib_a-makebuf.o)
 .bss           0x00a939ec       0x28 c:/altera/12.0/nios2eds/bin/gnu/h-i686-mingw32/bin/../lib/gcc/nios2-elf/4.1.2/../../../../nios2-elf/lib\libc.a(lib_a-mallocr.o)
                0x00a939ec                __malloc_current_mallinfo
 .bss           0x00a93a14        0x0 c:/altera/12.0/nios2eds/bin/gnu/h-i686-mingw32/bin/../lib/gcc/nios2-elf/4.1.2/../../../../nios2-elf/lib\libc.a(lib_a-memchr.o)
 .bss           0x00a93a14        0x0 c:/altera/12.0/nios2eds/bin/gnu/h-i686-mingw32/bin/../lib/gcc/nios2-elf/4.1.2/../../../../nios2-elf/lib\libc.a(lib_a-memcpy.o)
 .bss           0x00a93a14        0x0 c:/altera/12.0/nios2eds/bin/gnu/h-i686-mingw32/bin/../lib/gcc/nios2-elf/4.1.2/../../../../nios2-elf/lib\libc.a(lib_a-memmove.o)
 .bss           0x00a93a14        0x0 c:/altera/12.0/nios2eds/bin/gnu/h-i686-mingw32/bin/../lib/gcc/nios2-elf/4.1.2/../../../../nios2-elf/lib\libc.a(lib_a-memset.o)
 .bss           0x00a93a14        0x0 c:/altera/12.0/nios2eds/bin/gnu/h-i686-mingw32/bin/../lib/gcc/nios2-elf/4.1.2/../../../../nios2-elf/lib\libc.a(lib_a-mprec.o)
 .bss           0x00a93a14        0x0 c:/altera/12.0/nios2eds/bin/gnu/h-i686-mingw32/bin/../lib/gcc/nios2-elf/4.1.2/../../../../nios2-elf/lib\libc.a(lib_a-reallocr.o)
 .bss           0x00a93a14        0x0 c:/altera/12.0/nios2eds/bin/gnu/h-i686-mingw32/bin/../lib/gcc/nios2-elf/4.1.2/../../../../nios2-elf/lib\libc.a(lib_a-s_isinfd.o)
 .bss           0x00a93a14        0x0 c:/altera/12.0/nios2eds/bin/gnu/h-i686-mingw32/bin/../lib/gcc/nios2-elf/4.1.2/../../../../nios2-elf/lib\libc.a(lib_a-s_isnand.o)
 .bss           0x00a93a14        0x0 c:/altera/12.0/nios2eds/bin/gnu/h-i686-mingw32/bin/../lib/gcc/nios2-elf/4.1.2/../../../../nios2-elf/lib\libc.a(lib_a-sbrkr.o)
 .bss           0x00a93a14        0x0 c:/altera/12.0/nios2eds/bin/gnu/h-i686-mingw32/bin/../lib/gcc/nios2-elf/4.1.2/../../../../nios2-elf/lib\libc.a(lib_a-stdio.o)
 .bss           0x00a93a14        0x0 c:/altera/12.0/nios2eds/bin/gnu/h-i686-mingw32/bin/../lib/gcc/nios2-elf/4.1.2/../../../../nios2-elf/lib\libc.a(lib_a-strcmp.o)
 .bss           0x00a93a14        0x0 c:/altera/12.0/nios2eds/bin/gnu/h-i686-mingw32/bin/../lib/gcc/nios2-elf/4.1.2/../../../../nios2-elf/lib\libc.a(lib_a-writer.o)
 .bss           0x00a93a14        0x0 c:/altera/12.0/nios2eds/bin/gnu/h-i686-mingw32/bin/../lib/gcc/nios2-elf/4.1.2/../../../../nios2-elf/lib\libc.a(lib_a-callocr.o)
 .bss           0x00a93a14        0x0 c:/altera/12.0/nios2eds/bin/gnu/h-i686-mingw32/bin/../lib/gcc/nios2-elf/4.1.2/../../../../nios2-elf/lib\libc.a(lib_a-closer.o)
 .bss           0x00a93a14        0x0 c:/altera/12.0/nios2eds/bin/gnu/h-i686-mingw32/bin/../lib/gcc/nios2-elf/4.1.2/../../../../nios2-elf/lib\libc.a(lib_a-fclose.o)
 .bss           0x00a93a14        0x0 c:/altera/12.0/nios2eds/bin/gnu/h-i686-mingw32/bin/../lib/gcc/nios2-elf/4.1.2/../../../../nios2-elf/lib\libc.a(lib_a-fstatr.o)
 .bss           0x00a93a14        0x0 c:/altera/12.0/nios2eds/bin/gnu/h-i686-mingw32/bin/../lib/gcc/nios2-elf/4.1.2/../../../../nios2-elf/lib\libc.a(lib_a-int_errno.o)
 .bss           0x00a93a14        0x0 c:/altera/12.0/nios2eds/bin/gnu/h-i686-mingw32/bin/../lib/gcc/nios2-elf/4.1.2/../../../../nios2-elf/lib\libc.a(lib_a-isattyr.o)
 .bss           0x00a93a14        0x0 c:/altera/12.0/nios2eds/bin/gnu/h-i686-mingw32/bin/../lib/gcc/nios2-elf/4.1.2/../../../../nios2-elf/lib\libc.a(lib_a-lseekr.o)
 .bss           0x00a93a14        0x0 c:/altera/12.0/nios2eds/bin/gnu/h-i686-mingw32/bin/../lib/gcc/nios2-elf/4.1.2/../../../../nios2-elf/lib\libc.a(lib_a-readr.o)
 .bss           0x00a93a14        0x0 c:/altera/12.0/nios2eds/bin/gnu/h-i686-mingw32/bin/../lib/gcc/nios2-elf/4.1.2\libgcc.a(_muldi3.o)
 .bss           0x00a93a14        0x0 c:/altera/12.0/nios2eds/bin/gnu/h-i686-mingw32/bin/../lib/gcc/nios2-elf/4.1.2\libgcc.a(_udivdi3.o)
 .bss           0x00a93a14        0x0 c:/altera/12.0/nios2eds/bin/gnu/h-i686-mingw32/bin/../lib/gcc/nios2-elf/4.1.2\libgcc.a(_umoddi3.o)
 .bss           0x00a93a14        0x0 c:/altera/12.0/nios2eds/bin/gnu/h-i686-mingw32/bin/../lib/gcc/nios2-elf/4.1.2\libgcc.a(_addsub_df.o)
 .bss           0x00a93a14        0x0 c:/altera/12.0/nios2eds/bin/gnu/h-i686-mingw32/bin/../lib/gcc/nios2-elf/4.1.2\libgcc.a(_mul_df.o)
 .bss           0x00a93a14        0x0 c:/altera/12.0/nios2eds/bin/gnu/h-i686-mingw32/bin/../lib/gcc/nios2-elf/4.1.2\libgcc.a(_div_df.o)
 .bss           0x00a93a14        0x0 c:/altera/12.0/nios2eds/bin/gnu/h-i686-mingw32/bin/../lib/gcc/nios2-elf/4.1.2\libgcc.a(_eq_df.o)
 .bss           0x00a93a14        0x0 c:/altera/12.0/nios2eds/bin/gnu/h-i686-mingw32/bin/../lib/gcc/nios2-elf/4.1.2\libgcc.a(_ne_df.o)
 .bss           0x00a93a14        0x0 c:/altera/12.0/nios2eds/bin/gnu/h-i686-mingw32/bin/../lib/gcc/nios2-elf/4.1.2\libgcc.a(_gt_df.o)
 .bss           0x00a93a14        0x0 c:/altera/12.0/nios2eds/bin/gnu/h-i686-mingw32/bin/../lib/gcc/nios2-elf/4.1.2\libgcc.a(_ge_df.o)
 .bss           0x00a93a14        0x0 c:/altera/12.0/nios2eds/bin/gnu/h-i686-mingw32/bin/../lib/gcc/nios2-elf/4.1.2\libgcc.a(_lt_df.o)
 .bss           0x00a93a14        0x0 c:/altera/12.0/nios2eds/bin/gnu/h-i686-mingw32/bin/../lib/gcc/nios2-elf/4.1.2\libgcc.a(_si_to_df.o)
 .bss           0x00a93a14        0x0 c:/altera/12.0/nios2eds/bin/gnu/h-i686-mingw32/bin/../lib/gcc/nios2-elf/4.1.2\libgcc.a(_df_to_si.o)
 .bss           0x00a93a14        0x0 c:/altera/12.0/nios2eds/bin/gnu/h-i686-mingw32/bin/../lib/gcc/nios2-elf/4.1.2\libgcc.a(_thenan_df.o)
 .bss           0x00a93a14        0x0 c:/altera/12.0/nios2eds/bin/gnu/h-i686-mingw32/bin/../lib/gcc/nios2-elf/4.1.2\libgcc.a(_usi_to_df.o)
 .bss           0x00a93a14        0x0 c:/altera/12.0/nios2eds/bin/gnu/h-i686-mingw32/bin/../lib/gcc/nios2-elf/4.1.2\libgcc.a(_clz.o)
 .bss           0x00a93a14        0x0 c:/altera/12.0/nios2eds/bin/gnu/h-i686-mingw32/bin/../lib/gcc/nios2-elf/4.1.2\libgcc.a(_clzsi2.o)
 .bss           0x00a93a14        0x0 c:/altera/12.0/nios2eds/bin/gnu/h-i686-mingw32/bin/../lib/gcc/nios2-elf/4.1.2\libgcc.a(_pack_df.o)
 .bss           0x00a93a14        0x0 c:/altera/12.0/nios2eds/bin/gnu/h-i686-mingw32/bin/../lib/gcc/nios2-elf/4.1.2\libgcc.a(_unpack_df.o)
 .bss           0x00a93a14        0x0 c:/altera/12.0/nios2eds/bin/gnu/h-i686-mingw32/bin/../lib/gcc/nios2-elf/4.1.2\libgcc.a(_fpcmp_parts_df.o)
 .bss           0x00a93a14        0x0 ../game_bsp/\libhal_bsp.a(alt_close.o)
 .bss           0x00a93a14        0x0 ../game_bsp/\libhal_bsp.a(alt_dev.o)
 .bss           0x00a93a14        0x0 ../game_bsp/\libhal_bsp.a(alt_errno.o)
 .bss           0x00a93a14        0x0 ../game_bsp/\libhal_bsp.a(alt_fstat.o)
 .bss           0x00a93a14        0x0 ../game_bsp/\libhal_bsp.a(alt_isatty.o)
 .bss           0x00a93a14        0x0 ../game_bsp/\libhal_bsp.a(alt_lseek.o)
 .bss           0x00a93a14        0x0 ../game_bsp/\libhal_bsp.a(alt_main.o)
 .bss           0x00a93a14        0x0 ../game_bsp/\libhal_bsp.a(alt_malloc_lock.o)
 .bss           0x00a93a14        0x0 ../game_bsp/\libhal_bsp.a(alt_read.o)
 .bss           0x00a93a14        0x0 ../game_bsp/\libhal_bsp.a(alt_release_fd.o)
 .bss           0x00a93a14        0x0 ../game_bsp/\libhal_bsp.a(alt_sbrk.o)
 .bss           0x00a93a14        0x0 ../game_bsp/\libhal_bsp.a(alt_write.o)
 .bss           0x00a93a14        0x0 ../game_bsp/\libhal_bsp.a(alt_sys_init.o)
 .bss           0x00a93a14        0x0 ../game_bsp/\libhal_bsp.a(altera_avalon_cfi_flash.o)
 .bss           0x00a93a14        0x0 ../game_bsp/\libhal_bsp.a(altera_avalon_cfi_flash_table.o)
 .bss           0x00a93a14        0x0 ../game_bsp/\libhal_bsp.a(altera_avalon_epcs_flash_controller.o)
 .bss           0x00a93a14        0x0 ../game_bsp/\libhal_bsp.a(altera_avalon_jtag_uart_fd.o)
 .bss           0x00a93a14        0x0 ../game_bsp/\libhal_bsp.a(altera_avalon_jtag_uart_init.o)
 .bss           0x00a93a14        0x0 ../game_bsp/\libhal_bsp.a(altera_avalon_jtag_uart_ioctl.o)
 .bss           0x00a93a14        0x0 ../game_bsp/\libhal_bsp.a(altera_avalon_jtag_uart_read.o)
 .bss           0x00a93a14        0x0 ../game_bsp/\libhal_bsp.a(altera_avalon_jtag_uart_write.o)
 .bss           0x00a93a14        0x0 ../game_bsp/\libhal_bsp.a(altera_avalon_lcd_16207.o)
 .bss           0x00a93a14        0x0 ../game_bsp/\libhal_bsp.a(altera_avalon_lcd_16207_fd.o)
 .bss           0x00a93a14        0x0 ../game_bsp/\libhal_bsp.a(altera_avalon_timer_sc.o)
 .bss           0x00a93a14        0x0 ../game_bsp/\libhal_bsp.a(epcs_commands.o)
 .bss           0x00a93a14        0x0 ../game_bsp/\libhal_bsp.a(alt_alarm_start.o)
 .bss           0x00a93a14        0x0 ../game_bsp/\libhal_bsp.a(alt_dcache_flush.o)
 .bss           0x00a93a14        0x0 ../game_bsp/\libhal_bsp.a(alt_dev_llist_insert.o)
 .bss           0x00a93a14        0x0 ../game_bsp/\libhal_bsp.a(alt_do_ctors.o)
 .bss           0x00a93a14        0x0 ../game_bsp/\libhal_bsp.a(alt_do_dtors.o)
 .bss           0x00a93a14        0x0 ../game_bsp/\libhal_bsp.a(alt_flash_dev.o)
 .bss           0x00a93a14        0x0 ../game_bsp/\libhal_bsp.a(alt_iic.o)
 .bss           0x00a93a14        0x0 ../game_bsp/\libhal_bsp.a(alt_iic_isr_register.o)
 .bss           0x00a93a14        0x0 ../game_bsp/\libhal_bsp.a(alt_io_redirect.o)
 .bss           0x00a93a14        0x0 ../game_bsp/\libhal_bsp.a(alt_irq_entry.o)
 .bss           0x00a93a14        0x0 ../game_bsp/\libhal_bsp.a(alt_irq_handler.o)
 .bss           0x00a93a14        0x0 ../game_bsp/\libhal_bsp.a(alt_irq_vars.o)
 .bss           0x00a93a14        0x0 ../game_bsp/\libhal_bsp.a(alt_open.o)
 .bss           0x00a93a14        0x0 ../game_bsp/\libhal_bsp.a(alt_tick.o)
 .bss           0x00a93a14        0x0 ../game_bsp/\libhal_bsp.a(alt_usleep.o)
 .bss           0x00a93a14        0x0 ../game_bsp/\libhal_bsp.a(altera_nios2_irq.o)
 .bss           0x00a93a14        0x0 ../game_bsp/\libhal_bsp.a(altera_avalon_cfi_flash_amd.o)
 .bss           0x00a93a14        0x0 ../game_bsp/\libhal_bsp.a(altera_avalon_cfi_flash_intel.o)
 .bss           0x00a93a14        0x0 ../game_bsp/\libhal_bsp.a(altera_avalon_spi.o)
 .bss           0x00a93a14        0x0 ../game_bsp/\libhal_bsp.a(alt_busy_sleep.o)
 .bss           0x00a93a14        0x0 ../game_bsp/\libhal_bsp.a(alt_exception_entry.o)
 .bss           0x00a93a14        0x0 ../game_bsp/\libhal_bsp.a(alt_find_dev.o)
 .bss           0x00a93a14        0x0 ../game_bsp/\libhal_bsp.a(alt_find_file.o)
 .bss           0x00a93a14        0x0 ../game_bsp/\libhal_bsp.a(alt_get_fd.o)
 .bss           0x00a93a14        0x0 c:/altera/12.0/nios2eds/bin/gnu/h-i686-mingw32/bin/../lib/gcc/nios2-elf/4.1.2/../../../../nios2-elf/lib\libc.a(lib_a-atexit.o)
 .bss           0x00a93a14        0x0 c:/altera/12.0/nios2eds/bin/gnu/h-i686-mingw32/bin/../lib/gcc/nios2-elf/4.1.2/../../../../nios2-elf/lib\libc.a(lib_a-ctype_.o)
 .bss           0x00a93a14        0x0 c:/altera/12.0/nios2eds/bin/gnu/h-i686-mingw32/bin/../lib/gcc/nios2-elf/4.1.2/../../../../nios2-elf/lib\libc.a(lib_a-exit.o)
 .bss           0x00a93a14        0x0 c:/altera/12.0/nios2eds/bin/gnu/h-i686-mingw32/bin/../lib/gcc/nios2-elf/4.1.2/../../../../nios2-elf/lib\libc.a(lib_a-memcmp.o)
 .bss           0x00a93a14        0x0 c:/altera/12.0/nios2eds/bin/gnu/h-i686-mingw32/bin/../lib/gcc/nios2-elf/4.1.2/../../../../nios2-elf/lib\libc.a(lib_a-__atexit.o)
 .bss           0x00a93a14        0x0 c:/altera/12.0/nios2eds/bin/gnu/h-i686-mingw32/bin/../lib/gcc/nios2-elf/4.1.2/../../../../nios2-elf/lib\libc.a(lib_a-__call_atexit.o)
 .bss           0x00a93a14        0x0 ../game_bsp/\libhal_bsp.a(alt_exit.o)
 *(COMMON)
 COMMON         0x00a93a14      0x100 ../game_bsp/\libhal_bsp.a(alt_irq_handler.o)
                0x00a93a14                alt_irq
 COMMON         0x00a93b14      0x190 c:/altera/12.0/nios2eds/bin/gnu/h-i686-mingw32/bin/../lib/gcc/nios2-elf/4.1.2/../../../../nios2-elf/lib\libc.a(lib_a-atexit.o)
                0x00a93b14                _atexit0
                0x00a93ca4                . = ALIGN (0x4)
                0x00a93ca4                __bss_end = ABSOLUTE (.)

.cfi_flash      0x00400020        0x0
                0x00400020                PROVIDE (_alt_partition_cfi_flash_start, ABSOLUTE (.))
 *(.cfi_flash. cfi_flash.*)
                0x00400020                . = ALIGN (0x4)
                0x00400020                PROVIDE (_alt_partition_cfi_flash_end, ABSOLUTE (.))
                0x00400020                PROVIDE (_alt_partition_cfi_flash_load_addr, LOADADDR (.cfi_flash))

.sram_16bit_512k_0
                0x00a93ca4        0x0
                0x00a93ca4                PROVIDE (_alt_partition_sram_16bit_512k_0_start, ABSOLUTE (.))
 *(.sram_16bit_512k_0. sram_16bit_512k_0.*)
                0x00a93ca4                . = ALIGN (0x4)
                0x00a93ca4                PROVIDE (_alt_partition_sram_16bit_512k_0_end, ABSOLUTE (.))
                0x00a93ca4                _end = ABSOLUTE (.)
                0x00a93ca4                end = ABSOLUTE (.)
                0x00a93ca4                __alt_stack_base = ABSOLUTE (.)
                0x00a93ca4                PROVIDE (_alt_partition_sram_16bit_512k_0_load_addr, LOADADDR (.sram_16bit_512k_0))

.onchip_memory  0x00b011b4        0x0
                0x00b011b4                PROVIDE (_alt_partition_onchip_memory_start, ABSOLUTE (.))
 *(.onchip_memory. onchip_memory.*)
                0x00b011b4                . = ALIGN (0x4)
                0x00b011b4                PROVIDE (_alt_partition_onchip_memory_end, ABSOLUTE (.))
                0x00b011b4                PROVIDE (_alt_partition_onchip_memory_load_addr, LOADADDR (.onchip_memory))

.epcs_flash_controller
                0x00b03800        0x0
                0x00b03800                PROVIDE (_alt_partition_epcs_flash_controller_start, ABSOLUTE (.))
 *(.epcs_flash_controller. epcs_flash_controller.*)
                0x00b03800                . = ALIGN (0x4)
                0x00b03800                PROVIDE (_alt_partition_epcs_flash_controller_end, ABSOLUTE (.))
                0x00b03800                PROVIDE (_alt_partition_epcs_flash_controller_load_addr, LOADADDR (.epcs_flash_controller))

.stab
 *(.stab)

.stabstr
 *(.stabstr)

.stab.excl
 *(.stab.excl)

.stab.exclstr
 *(.stab.exclstr)

.stab.index
 *(.stab.index)

.stab.indexstr
 *(.stab.indexstr)

.comment        0x00000000       0x23
 *(.comment)
 .comment       0x00000000       0x23 obj/default/VGA.o
                                 0x24 (size before relaxing)
 .comment       0x00000000       0x24 obj/default/hello_world.o
 .comment       0x00000000       0x24 c:/altera/12.0/nios2eds/bin/gnu/h-i686-mingw32/bin/../lib/gcc/nios2-elf/4.1.2\libgcc.a(lib2-divmod.o)
 .comment       0x00000000       0x24 c:/altera/12.0/nios2eds/bin/gnu/h-i686-mingw32/bin/../lib/gcc/nios2-elf/4.1.2/../../../../nios2-elf/lib\libc.a(lib_a-printf.o)
 .comment       0x00000000       0x24 c:/altera/12.0/nios2eds/bin/gnu/h-i686-mingw32/bin/../lib/gcc/nios2-elf/4.1.2/../../../../nios2-elf/lib\libc.a(lib_a-puts.o)
 .comment       0x00000000       0x24 c:/altera/12.0/nios2eds/bin/gnu/h-i686-mingw32/bin/../lib/gcc/nios2-elf/4.1.2/../../../../nios2-elf/lib\libc.a(lib_a-rand.o)
 .comment       0x00000000       0x24 c:/altera/12.0/nios2eds/bin/gnu/h-i686-mingw32/bin/../lib/gcc/nios2-elf/4.1.2/../../../../nios2-elf/lib\libc.a(lib_a-strlen.o)
 .comment       0x00000000       0x24 c:/altera/12.0/nios2eds/bin/gnu/h-i686-mingw32/bin/../lib/gcc/nios2-elf/4.1.2/../../../../nios2-elf/lib\libc.a(lib_a-vfprintf.o)
 .comment       0x00000000       0x24 c:/altera/12.0/nios2eds/bin/gnu/h-i686-mingw32/bin/../lib/gcc/nios2-elf/4.1.2/../../../../nios2-elf/lib\libc.a(lib_a-wsetup.o)
 .comment       0x00000000       0x24 c:/altera/12.0/nios2eds/bin/gnu/h-i686-mingw32/bin/../lib/gcc/nios2-elf/4.1.2/../../../../nios2-elf/lib\libc.a(lib_a-dtoa.o)
 .comment       0x00000000       0x24 c:/altera/12.0/nios2eds/bin/gnu/h-i686-mingw32/bin/../lib/gcc/nios2-elf/4.1.2/../../../../nios2-elf/lib\libc.a(lib_a-fflush.o)
 .comment       0x00000000       0x24 c:/altera/12.0/nios2eds/bin/gnu/h-i686-mingw32/bin/../lib/gcc/nios2-elf/4.1.2/../../../../nios2-elf/lib\libc.a(lib_a-findfp.o)
 .comment       0x00000000       0x24 c:/altera/12.0/nios2eds/bin/gnu/h-i686-mingw32/bin/../lib/gcc/nios2-elf/4.1.2/../../../../nios2-elf/lib\libc.a(lib_a-freer.o)
 .comment       0x00000000       0x24 c:/altera/12.0/nios2eds/bin/gnu/h-i686-mingw32/bin/../lib/gcc/nios2-elf/4.1.2/../../../../nios2-elf/lib\libc.a(lib_a-fvwrite.o)
 .comment       0x00000000       0x24 c:/altera/12.0/nios2eds/bin/gnu/h-i686-mingw32/bin/../lib/gcc/nios2-elf/4.1.2/../../../../nios2-elf/lib\libc.a(lib_a-fwalk.o)
 .comment       0x00000000       0x24 c:/altera/12.0/nios2eds/bin/gnu/h-i686-mingw32/bin/../lib/gcc/nios2-elf/4.1.2/../../../../nios2-elf/lib\libc.a(lib_a-impure.o)
 .comment       0x00000000       0x24 c:/altera/12.0/nios2eds/bin/gnu/h-i686-mingw32/bin/../lib/gcc/nios2-elf/4.1.2/../../../../nios2-elf/lib\libc.a(lib_a-locale.o)
 .comment       0x00000000       0x24 c:/altera/12.0/nios2eds/bin/gnu/h-i686-mingw32/bin/../lib/gcc/nios2-elf/4.1.2/../../../../nios2-elf/lib\libc.a(lib_a-makebuf.o)
 .comment       0x00000000       0x24 c:/altera/12.0/nios2eds/bin/gnu/h-i686-mingw32/bin/../lib/gcc/nios2-elf/4.1.2/../../../../nios2-elf/lib\libc.a(lib_a-mallocr.o)
 .comment       0x00000000       0x24 c:/altera/12.0/nios2eds/bin/gnu/h-i686-mingw32/bin/../lib/gcc/nios2-elf/4.1.2/../../../../nios2-elf/lib\libc.a(lib_a-memchr.o)
 .comment       0x00000000       0x24 c:/altera/12.0/nios2eds/bin/gnu/h-i686-mingw32/bin/../lib/gcc/nios2-elf/4.1.2/../../../../nios2-elf/lib\libc.a(lib_a-memcpy.o)
 .comment       0x00000000       0x24 c:/altera/12.0/nios2eds/bin/gnu/h-i686-mingw32/bin/../lib/gcc/nios2-elf/4.1.2/../../../../nios2-elf/lib\libc.a(lib_a-memmove.o)
 .comment       0x00000000       0x24 c:/altera/12.0/nios2eds/bin/gnu/h-i686-mingw32/bin/../lib/gcc/nios2-elf/4.1.2/../../../../nios2-elf/lib\libc.a(lib_a-memset.o)
 .comment       0x00000000       0x24 c:/altera/12.0/nios2eds/bin/gnu/h-i686-mingw32/bin/../lib/gcc/nios2-elf/4.1.2/../../../../nios2-elf/lib\libc.a(lib_a-mprec.o)
 .comment       0x00000000       0x24 c:/altera/12.0/nios2eds/bin/gnu/h-i686-mingw32/bin/../lib/gcc/nios2-elf/4.1.2/../../../../nios2-elf/lib\libc.a(lib_a-reallocr.o)
 .comment       0x00000000       0x24 c:/altera/12.0/nios2eds/bin/gnu/h-i686-mingw32/bin/../lib/gcc/nios2-elf/4.1.2/../../../../nios2-elf/lib\libc.a(lib_a-s_isinfd.o)
 .comment       0x00000000       0x24 c:/altera/12.0/nios2eds/bin/gnu/h-i686-mingw32/bin/../lib/gcc/nios2-elf/4.1.2/../../../../nios2-elf/lib\libc.a(lib_a-s_isnand.o)
 .comment       0x00000000       0x24 c:/altera/12.0/nios2eds/bin/gnu/h-i686-mingw32/bin/../lib/gcc/nios2-elf/4.1.2/../../../../nios2-elf/lib\libc.a(lib_a-sbrkr.o)
 .comment       0x00000000       0x24 c:/altera/12.0/nios2eds/bin/gnu/h-i686-mingw32/bin/../lib/gcc/nios2-elf/4.1.2/../../../../nios2-elf/lib\libc.a(lib_a-stdio.o)
 .comment       0x00000000       0x24 c:/altera/12.0/nios2eds/bin/gnu/h-i686-mingw32/bin/../lib/gcc/nios2-elf/4.1.2/../../../../nios2-elf/lib\libc.a(lib_a-strcmp.o)
 .comment       0x00000000       0x24 c:/altera/12.0/nios2eds/bin/gnu/h-i686-mingw32/bin/../lib/gcc/nios2-elf/4.1.2/../../../../nios2-elf/lib\libc.a(lib_a-writer.o)
 .comment       0x00000000       0x24 c:/altera/12.0/nios2eds/bin/gnu/h-i686-mingw32/bin/../lib/gcc/nios2-elf/4.1.2/../../../../nios2-elf/lib\libc.a(lib_a-callocr.o)
 .comment       0x00000000       0x24 c:/altera/12.0/nios2eds/bin/gnu/h-i686-mingw32/bin/../lib/gcc/nios2-elf/4.1.2/../../../../nios2-elf/lib\libc.a(lib_a-closer.o)
 .comment       0x00000000       0x24 c:/altera/12.0/nios2eds/bin/gnu/h-i686-mingw32/bin/../lib/gcc/nios2-elf/4.1.2/../../../../nios2-elf/lib\libc.a(lib_a-fclose.o)
 .comment       0x00000000       0x24 c:/altera/12.0/nios2eds/bin/gnu/h-i686-mingw32/bin/../lib/gcc/nios2-elf/4.1.2/../../../../nios2-elf/lib\libc.a(lib_a-fstatr.o)
 .comment       0x00000000       0x24 c:/altera/12.0/nios2eds/bin/gnu/h-i686-mingw32/bin/../lib/gcc/nios2-elf/4.1.2/../../../../nios2-elf/lib\libc.a(lib_a-int_errno.o)
 .comment       0x00000000       0x24 c:/altera/12.0/nios2eds/bin/gnu/h-i686-mingw32/bin/../lib/gcc/nios2-elf/4.1.2/../../../../nios2-elf/lib\libc.a(lib_a-isattyr.o)
 .comment       0x00000000       0x24 c:/altera/12.0/nios2eds/bin/gnu/h-i686-mingw32/bin/../lib/gcc/nios2-elf/4.1.2/../../../../nios2-elf/lib\libc.a(lib_a-lseekr.o)
 .comment       0x00000000       0x24 c:/altera/12.0/nios2eds/bin/gnu/h-i686-mingw32/bin/../lib/gcc/nios2-elf/4.1.2/../../../../nios2-elf/lib\libc.a(lib_a-readr.o)
 .comment       0x00000000       0x24 c:/altera/12.0/nios2eds/bin/gnu/h-i686-mingw32/bin/../lib/gcc/nios2-elf/4.1.2\libgcc.a(_muldi3.o)
 .comment       0x00000000       0x24 c:/altera/12.0/nios2eds/bin/gnu/h-i686-mingw32/bin/../lib/gcc/nios2-elf/4.1.2\libgcc.a(_udivdi3.o)
 .comment       0x00000000       0x24 c:/altera/12.0/nios2eds/bin/gnu/h-i686-mingw32/bin/../lib/gcc/nios2-elf/4.1.2\libgcc.a(_umoddi3.o)
 .comment       0x00000000       0x24 c:/altera/12.0/nios2eds/bin/gnu/h-i686-mingw32/bin/../lib/gcc/nios2-elf/4.1.2\libgcc.a(_addsub_df.o)
 .comment       0x00000000       0x24 c:/altera/12.0/nios2eds/bin/gnu/h-i686-mingw32/bin/../lib/gcc/nios2-elf/4.1.2\libgcc.a(_mul_df.o)
 .comment       0x00000000       0x24 c:/altera/12.0/nios2eds/bin/gnu/h-i686-mingw32/bin/../lib/gcc/nios2-elf/4.1.2\libgcc.a(_div_df.o)
 .comment       0x00000000       0x24 c:/altera/12.0/nios2eds/bin/gnu/h-i686-mingw32/bin/../lib/gcc/nios2-elf/4.1.2\libgcc.a(_eq_df.o)
 .comment       0x00000000       0x24 c:/altera/12.0/nios2eds/bin/gnu/h-i686-mingw32/bin/../lib/gcc/nios2-elf/4.1.2\libgcc.a(_ne_df.o)
 .comment       0x00000000       0x24 c:/altera/12.0/nios2eds/bin/gnu/h-i686-mingw32/bin/../lib/gcc/nios2-elf/4.1.2\libgcc.a(_gt_df.o)
 .comment       0x00000000       0x24 c:/altera/12.0/nios2eds/bin/gnu/h-i686-mingw32/bin/../lib/gcc/nios2-elf/4.1.2\libgcc.a(_ge_df.o)
 .comment       0x00000000       0x24 c:/altera/12.0/nios2eds/bin/gnu/h-i686-mingw32/bin/../lib/gcc/nios2-elf/4.1.2\libgcc.a(_lt_df.o)
 .comment       0x00000000       0x24 c:/altera/12.0/nios2eds/bin/gnu/h-i686-mingw32/bin/../lib/gcc/nios2-elf/4.1.2\libgcc.a(_si_to_df.o)
 .comment       0x00000000       0x24 c:/altera/12.0/nios2eds/bin/gnu/h-i686-mingw32/bin/../lib/gcc/nios2-elf/4.1.2\libgcc.a(_df_to_si.o)
 .comment       0x00000000       0x24 c:/altera/12.0/nios2eds/bin/gnu/h-i686-mingw32/bin/../lib/gcc/nios2-elf/4.1.2\libgcc.a(_thenan_df.o)
 .comment       0x00000000       0x24 c:/altera/12.0/nios2eds/bin/gnu/h-i686-mingw32/bin/../lib/gcc/nios2-elf/4.1.2\libgcc.a(_usi_to_df.o)
 .comment       0x00000000       0x24 c:/altera/12.0/nios2eds/bin/gnu/h-i686-mingw32/bin/../lib/gcc/nios2-elf/4.1.2\libgcc.a(_clz.o)
 .comment       0x00000000       0x24 c:/altera/12.0/nios2eds/bin/gnu/h-i686-mingw32/bin/../lib/gcc/nios2-elf/4.1.2\libgcc.a(_clzsi2.o)
 .comment       0x00000000       0x24 c:/altera/12.0/nios2eds/bin/gnu/h-i686-mingw32/bin/../lib/gcc/nios2-elf/4.1.2\libgcc.a(_pack_df.o)
 .comment       0x00000000       0x24 c:/altera/12.0/nios2eds/bin/gnu/h-i686-mingw32/bin/../lib/gcc/nios2-elf/4.1.2\libgcc.a(_unpack_df.o)
 .comment       0x00000000       0x24 c:/altera/12.0/nios2eds/bin/gnu/h-i686-mingw32/bin/../lib/gcc/nios2-elf/4.1.2\libgcc.a(_fpcmp_parts_df.o)
 .comment       0x00000000       0x24 ../game_bsp/\libhal_bsp.a(alt_close.o)
 .comment       0x00000000       0x24 ../game_bsp/\libhal_bsp.a(alt_dev.o)
 .comment       0x00000000       0x24 ../game_bsp/\libhal_bsp.a(alt_errno.o)
 .comment       0x00000000       0x24 ../game_bsp/\libhal_bsp.a(alt_fstat.o)
 .comment       0x00000000       0x24 ../game_bsp/\libhal_bsp.a(alt_isatty.o)
 .comment       0x00000000       0x24 ../game_bsp/\libhal_bsp.a(alt_lseek.o)
 .comment       0x00000000       0x24 ../game_bsp/\libhal_bsp.a(alt_main.o)
 .comment       0x00000000       0x24 ../game_bsp/\libhal_bsp.a(alt_malloc_lock.o)
 .comment       0x00000000       0x24 ../game_bsp/\libhal_bsp.a(alt_read.o)
 .comment       0x00000000       0x24 ../game_bsp/\libhal_bsp.a(alt_release_fd.o)
 .comment       0x00000000       0x24 ../game_bsp/\libhal_bsp.a(alt_sbrk.o)
 .comment       0x00000000       0x24 ../game_bsp/\libhal_bsp.a(alt_write.o)
 .comment       0x00000000       0x24 ../game_bsp/\libhal_bsp.a(alt_sys_init.o)
 .comment       0x00000000       0x24 ../game_bsp/\libhal_bsp.a(altera_avalon_cfi_flash.o)
 .comment       0x00000000       0x24 ../game_bsp/\libhal_bsp.a(altera_avalon_cfi_flash_table.o)
 .comment       0x00000000       0x24 ../game_bsp/\libhal_bsp.a(altera_avalon_epcs_flash_controller.o)
 .comment       0x00000000       0x24 ../game_bsp/\libhal_bsp.a(altera_avalon_jtag_uart_fd.o)
 .comment       0x00000000       0x24 ../game_bsp/\libhal_bsp.a(altera_avalon_jtag_uart_init.o)
 .comment       0x00000000       0x24 ../game_bsp/\libhal_bsp.a(altera_avalon_jtag_uart_ioctl.o)
 .comment       0x00000000       0x24 ../game_bsp/\libhal_bsp.a(altera_avalon_jtag_uart_read.o)
 .comment       0x00000000       0x24 ../game_bsp/\libhal_bsp.a(altera_avalon_jtag_uart_write.o)
 .comment       0x00000000       0x24 ../game_bsp/\libhal_bsp.a(altera_avalon_lcd_16207.o)
 .comment       0x00000000       0x24 ../game_bsp/\libhal_bsp.a(altera_avalon_lcd_16207_fd.o)
 .comment       0x00000000       0x24 ../game_bsp/\libhal_bsp.a(altera_avalon_timer_sc.o)
 .comment       0x00000000       0x24 ../game_bsp/\libhal_bsp.a(epcs_commands.o)
 .comment       0x00000000       0x24 ../game_bsp/\libhal_bsp.a(alt_alarm_start.o)
 .comment       0x00000000       0x24 ../game_bsp/\libhal_bsp.a(alt_dcache_flush.o)
 .comment       0x00000000       0x24 ../game_bsp/\libhal_bsp.a(alt_dev_llist_insert.o)
 .comment       0x00000000       0x24 ../game_bsp/\libhal_bsp.a(alt_do_ctors.o)
 .comment       0x00000000       0x24 ../game_bsp/\libhal_bsp.a(alt_do_dtors.o)
 .comment       0x00000000       0x24 ../game_bsp/\libhal_bsp.a(alt_flash_dev.o)
 .comment       0x00000000       0x24 ../game_bsp/\libhal_bsp.a(alt_iic.o)
 .comment       0x00000000       0x24 ../game_bsp/\libhal_bsp.a(alt_iic_isr_register.o)
 .comment       0x00000000       0x24 ../game_bsp/\libhal_bsp.a(alt_io_redirect.o)
 .comment       0x00000000       0x24 ../game_bsp/\libhal_bsp.a(alt_irq_handler.o)
 .comment       0x00000000       0x24 ../game_bsp/\libhal_bsp.a(alt_irq_vars.o)
 .comment       0x00000000       0x24 ../game_bsp/\libhal_bsp.a(alt_open.o)
 .comment       0x00000000       0x24 ../game_bsp/\libhal_bsp.a(alt_tick.o)
 .comment       0x00000000       0x24 ../game_bsp/\libhal_bsp.a(alt_usleep.o)
 .comment       0x00000000       0x24 ../game_bsp/\libhal_bsp.a(altera_nios2_irq.o)
 .comment       0x00000000       0x24 ../game_bsp/\libhal_bsp.a(altera_avalon_cfi_flash_amd.o)
 .comment       0x00000000       0x24 ../game_bsp/\libhal_bsp.a(altera_avalon_cfi_flash_intel.o)
 .comment       0x00000000       0x24 ../game_bsp/\libhal_bsp.a(altera_avalon_spi.o)
 .comment       0x00000000       0x24 ../game_bsp/\libhal_bsp.a(alt_busy_sleep.o)
 .comment       0x00000000       0x24 ../game_bsp/\libhal_bsp.a(alt_find_dev.o)
 .comment       0x00000000       0x24 ../game_bsp/\libhal_bsp.a(alt_find_file.o)
 .comment       0x00000000       0x24 ../game_bsp/\libhal_bsp.a(alt_get_fd.o)
 .comment       0x00000000       0x24 c:/altera/12.0/nios2eds/bin/gnu/h-i686-mingw32/bin/../lib/gcc/nios2-elf/4.1.2/../../../../nios2-elf/lib\libc.a(lib_a-atexit.o)
 .comment       0x00000000       0x24 c:/altera/12.0/nios2eds/bin/gnu/h-i686-mingw32/bin/../lib/gcc/nios2-elf/4.1.2/../../../../nios2-elf/lib\libc.a(lib_a-ctype_.o)
 .comment       0x00000000       0x24 c:/altera/12.0/nios2eds/bin/gnu/h-i686-mingw32/bin/../lib/gcc/nios2-elf/4.1.2/../../../../nios2-elf/lib\libc.a(lib_a-exit.o)
 .comment       0x00000000       0x24 c:/altera/12.0/nios2eds/bin/gnu/h-i686-mingw32/bin/../lib/gcc/nios2-elf/4.1.2/../../../../nios2-elf/lib\libc.a(lib_a-memcmp.o)
 .comment       0x00000000       0x24 c:/altera/12.0/nios2eds/bin/gnu/h-i686-mingw32/bin/../lib/gcc/nios2-elf/4.1.2/../../../../nios2-elf/lib\libc.a(lib_a-__atexit.o)
 .comment       0x00000000       0x24 c:/altera/12.0/nios2eds/bin/gnu/h-i686-mingw32/bin/../lib/gcc/nios2-elf/4.1.2/../../../../nios2-elf/lib\libc.a(lib_a-__call_atexit.o)
 .comment       0x00000000       0x24 ../game_bsp/\libhal_bsp.a(alt_exit.o)

.debug
 *(.debug)

.line
 *(.line)

.debug_srcinfo
 *(.debug_srcinfo)

.debug_sfnames
 *(.debug_sfnames)

.debug_aranges  0x00000000      0xdd0
 *(.debug_aranges)
 .debug_aranges
                0x00000000       0x20 ../game_bsp//obj/HAL/src/crt0.o
 .debug_aranges
                0x00000020       0x20 obj/default/VGA.o
 .debug_aranges
                0x00000040       0x20 obj/default/hello_world.o
 .debug_aranges
                0x00000060       0x20 c:/altera/12.0/nios2eds/bin/gnu/h-i686-mingw32/bin/../lib/gcc/nios2-elf/4.1.2\libgcc.a(lib2-divmod.o)
 .debug_aranges
                0x00000080       0x20 c:/altera/12.0/nios2eds/bin/gnu/h-i686-mingw32/bin/../lib/gcc/nios2-elf/4.1.2/../../../../nios2-elf/lib\libc.a(lib_a-printf.o)
 .debug_aranges
                0x000000a0       0x20 c:/altera/12.0/nios2eds/bin/gnu/h-i686-mingw32/bin/../lib/gcc/nios2-elf/4.1.2/../../../../nios2-elf/lib\libc.a(lib_a-puts.o)
 .debug_aranges
                0x000000c0       0x20 c:/altera/12.0/nios2eds/bin/gnu/h-i686-mingw32/bin/../lib/gcc/nios2-elf/4.1.2/../../../../nios2-elf/lib\libc.a(lib_a-rand.o)
 .debug_aranges
                0x000000e0       0x20 c:/altera/12.0/nios2eds/bin/gnu/h-i686-mingw32/bin/../lib/gcc/nios2-elf/4.1.2/../../../../nios2-elf/lib\libc.a(lib_a-strlen.o)
 .debug_aranges
                0x00000100       0x20 c:/altera/12.0/nios2eds/bin/gnu/h-i686-mingw32/bin/../lib/gcc/nios2-elf/4.1.2/../../../../nios2-elf/lib\libc.a(lib_a-vfprintf.o)
 .debug_aranges
                0x00000120       0x20 c:/altera/12.0/nios2eds/bin/gnu/h-i686-mingw32/bin/../lib/gcc/nios2-elf/4.1.2/../../../../nios2-elf/lib\libc.a(lib_a-wsetup.o)
 .debug_aranges
                0x00000140       0x20 c:/altera/12.0/nios2eds/bin/gnu/h-i686-mingw32/bin/../lib/gcc/nios2-elf/4.1.2/../../../../nios2-elf/lib\libc.a(lib_a-dtoa.o)
 .debug_aranges
                0x00000160       0x20 c:/altera/12.0/nios2eds/bin/gnu/h-i686-mingw32/bin/../lib/gcc/nios2-elf/4.1.2/../../../../nios2-elf/lib\libc.a(lib_a-fflush.o)
 .debug_aranges
                0x00000180       0x20 c:/altera/12.0/nios2eds/bin/gnu/h-i686-mingw32/bin/../lib/gcc/nios2-elf/4.1.2/../../../../nios2-elf/lib\libc.a(lib_a-findfp.o)
 .debug_aranges
                0x000001a0       0x20 c:/altera/12.0/nios2eds/bin/gnu/h-i686-mingw32/bin/../lib/gcc/nios2-elf/4.1.2/../../../../nios2-elf/lib\libc.a(lib_a-freer.o)
 .debug_aranges
                0x000001c0       0x20 c:/altera/12.0/nios2eds/bin/gnu/h-i686-mingw32/bin/../lib/gcc/nios2-elf/4.1.2/../../../../nios2-elf/lib\libc.a(lib_a-fvwrite.o)
 .debug_aranges
                0x000001e0       0x20 c:/altera/12.0/nios2eds/bin/gnu/h-i686-mingw32/bin/../lib/gcc/nios2-elf/4.1.2/../../../../nios2-elf/lib\libc.a(lib_a-fwalk.o)
 .debug_aranges
                0x00000200       0x20 c:/altera/12.0/nios2eds/bin/gnu/h-i686-mingw32/bin/../lib/gcc/nios2-elf/4.1.2/../../../../nios2-elf/lib\libc.a(lib_a-locale.o)
 .debug_aranges
                0x00000220       0x20 c:/altera/12.0/nios2eds/bin/gnu/h-i686-mingw32/bin/../lib/gcc/nios2-elf/4.1.2/../../../../nios2-elf/lib\libc.a(lib_a-makebuf.o)
 .debug_aranges
                0x00000240       0x20 c:/altera/12.0/nios2eds/bin/gnu/h-i686-mingw32/bin/../lib/gcc/nios2-elf/4.1.2/../../../../nios2-elf/lib\libc.a(lib_a-mallocr.o)
 .debug_aranges
                0x00000260       0x20 c:/altera/12.0/nios2eds/bin/gnu/h-i686-mingw32/bin/../lib/gcc/nios2-elf/4.1.2/../../../../nios2-elf/lib\libc.a(lib_a-memchr.o)
 .debug_aranges
                0x00000280       0x20 c:/altera/12.0/nios2eds/bin/gnu/h-i686-mingw32/bin/../lib/gcc/nios2-elf/4.1.2/../../../../nios2-elf/lib\libc.a(lib_a-memcpy.o)
 .debug_aranges
                0x000002a0       0x20 c:/altera/12.0/nios2eds/bin/gnu/h-i686-mingw32/bin/../lib/gcc/nios2-elf/4.1.2/../../../../nios2-elf/lib\libc.a(lib_a-memmove.o)
 .debug_aranges
                0x000002c0       0x20 c:/altera/12.0/nios2eds/bin/gnu/h-i686-mingw32/bin/../lib/gcc/nios2-elf/4.1.2/../../../../nios2-elf/lib\libc.a(lib_a-memset.o)
 .debug_aranges
                0x000002e0       0x20 c:/altera/12.0/nios2eds/bin/gnu/h-i686-mingw32/bin/../lib/gcc/nios2-elf/4.1.2/../../../../nios2-elf/lib\libc.a(lib_a-mprec.o)
 .debug_aranges
                0x00000300       0x20 c:/altera/12.0/nios2eds/bin/gnu/h-i686-mingw32/bin/../lib/gcc/nios2-elf/4.1.2/../../../../nios2-elf/lib\libc.a(lib_a-reallocr.o)
 .debug_aranges
                0x00000320       0x20 c:/altera/12.0/nios2eds/bin/gnu/h-i686-mingw32/bin/../lib/gcc/nios2-elf/4.1.2/../../../../nios2-elf/lib\libc.a(lib_a-s_isinfd.o)
 .debug_aranges
                0x00000340       0x20 c:/altera/12.0/nios2eds/bin/gnu/h-i686-mingw32/bin/../lib/gcc/nios2-elf/4.1.2/../../../../nios2-elf/lib\libc.a(lib_a-s_isnand.o)
 .debug_aranges
                0x00000360       0x20 c:/altera/12.0/nios2eds/bin/gnu/h-i686-mingw32/bin/../lib/gcc/nios2-elf/4.1.2/../../../../nios2-elf/lib\libc.a(lib_a-sbrkr.o)
 .debug_aranges
                0x00000380       0x20 c:/altera/12.0/nios2eds/bin/gnu/h-i686-mingw32/bin/../lib/gcc/nios2-elf/4.1.2/../../../../nios2-elf/lib\libc.a(lib_a-stdio.o)
 .debug_aranges
                0x000003a0       0x20 c:/altera/12.0/nios2eds/bin/gnu/h-i686-mingw32/bin/../lib/gcc/nios2-elf/4.1.2/../../../../nios2-elf/lib\libc.a(lib_a-strcmp.o)
 .debug_aranges
                0x000003c0       0x20 c:/altera/12.0/nios2eds/bin/gnu/h-i686-mingw32/bin/../lib/gcc/nios2-elf/4.1.2/../../../../nios2-elf/lib\libc.a(lib_a-writer.o)
 .debug_aranges
                0x000003e0       0x20 c:/altera/12.0/nios2eds/bin/gnu/h-i686-mingw32/bin/../lib/gcc/nios2-elf/4.1.2/../../../../nios2-elf/lib\libc.a(lib_a-callocr.o)
 .debug_aranges
                0x00000400       0x20 c:/altera/12.0/nios2eds/bin/gnu/h-i686-mingw32/bin/../lib/gcc/nios2-elf/4.1.2/../../../../nios2-elf/lib\libc.a(lib_a-closer.o)
 .debug_aranges
                0x00000420       0x20 c:/altera/12.0/nios2eds/bin/gnu/h-i686-mingw32/bin/../lib/gcc/nios2-elf/4.1.2/../../../../nios2-elf/lib\libc.a(lib_a-fclose.o)
 .debug_aranges
                0x00000440       0x20 c:/altera/12.0/nios2eds/bin/gnu/h-i686-mingw32/bin/../lib/gcc/nios2-elf/4.1.2/../../../../nios2-elf/lib\libc.a(lib_a-fstatr.o)
 .debug_aranges
                0x00000460       0x20 c:/altera/12.0/nios2eds/bin/gnu/h-i686-mingw32/bin/../lib/gcc/nios2-elf/4.1.2/../../../../nios2-elf/lib\libc.a(lib_a-isattyr.o)
 .debug_aranges
                0x00000480       0x20 c:/altera/12.0/nios2eds/bin/gnu/h-i686-mingw32/bin/../lib/gcc/nios2-elf/4.1.2/../../../../nios2-elf/lib\libc.a(lib_a-lseekr.o)
 .debug_aranges
                0x000004a0       0x20 c:/altera/12.0/nios2eds/bin/gnu/h-i686-mingw32/bin/../lib/gcc/nios2-elf/4.1.2/../../../../nios2-elf/lib\libc.a(lib_a-readr.o)
 .debug_aranges
                0x000004c0       0x20 c:/altera/12.0/nios2eds/bin/gnu/h-i686-mingw32/bin/../lib/gcc/nios2-elf/4.1.2\libgcc.a(_muldi3.o)
 .debug_aranges
                0x000004e0       0x20 c:/altera/12.0/nios2eds/bin/gnu/h-i686-mingw32/bin/../lib/gcc/nios2-elf/4.1.2\libgcc.a(_udivdi3.o)
 .debug_aranges
                0x00000500       0x20 c:/altera/12.0/nios2eds/bin/gnu/h-i686-mingw32/bin/../lib/gcc/nios2-elf/4.1.2\libgcc.a(_umoddi3.o)
 .debug_aranges
                0x00000520       0x20 c:/altera/12.0/nios2eds/bin/gnu/h-i686-mingw32/bin/../lib/gcc/nios2-elf/4.1.2\libgcc.a(_addsub_df.o)
 .debug_aranges