Archive member included because of file (symbol)

c:/altera/12.0/nios2eds/bin/gnu/h-i686-mingw32/bin/../lib/gcc/nios2-elf/4.1.2/../../../../nios2-elf/lib\libc.a(lib_a-printf.o)
                              obj/default/hello_world.o (printf)
c:/altera/12.0/nios2eds/bin/gnu/h-i686-mingw32/bin/../lib/gcc/nios2-elf/4.1.2/../../../../nios2-elf/lib\libc.a(lib_a-vfprintf.o)
                              c:/altera/12.0/nios2eds/bin/gnu/h-i686-mingw32/bin/../lib/gcc/nios2-elf/4.1.2/../../../../nios2-elf/lib\libc.a(lib_a-printf.o) (___vfprintf_internal_r)
c:/altera/12.0/nios2eds/bin/gnu/h-i686-mingw32/bin/../lib/gcc/nios2-elf/4.1.2/../../../../nios2-elf/lib\libc.a(lib_a-wsetup.o)
                              c:/altera/12.0/nios2eds/bin/gnu/h-i686-mingw32/bin/../lib/gcc/nios2-elf/4.1.2/../../../../nios2-elf/lib\libc.a(lib_a-vfprintf.o) (__swsetup_r)
c:/altera/12.0/nios2eds/bin/gnu/h-i686-mingw32/bin/../lib/gcc/nios2-elf/4.1.2/../../../../nios2-elf/lib\libc.a(lib_a-dtoa.o)
                              c:/altera/12.0/nios2eds/bin/gnu/h-i686-mingw32/bin/../lib/gcc/nios2-elf/4.1.2/../../../../nios2-elf/lib\libc.a(lib_a-vfprintf.o) (_dtoa_r)
c:/altera/12.0/nios2eds/bin/gnu/h-i686-mingw32/bin/../lib/gcc/nios2-elf/4.1.2/../../../../nios2-elf/lib\libc.a(lib_a-fflush.o)
                              c:/altera/12.0/nios2eds/bin/gnu/h-i686-mingw32/bin/../lib/gcc/nios2-elf/4.1.2/../../../../nios2-elf/lib\libc.a(lib_a-vfprintf.o) (_fflush_r)
c:/altera/12.0/nios2eds/bin/gnu/h-i686-mingw32/bin/../lib/gcc/nios2-elf/4.1.2/../../../../nios2-elf/lib\libc.a(lib_a-findfp.o)
                              c:/altera/12.0/nios2eds/bin/gnu/h-i686-mingw32/bin/../lib/gcc/nios2-elf/4.1.2/../../../../nios2-elf/lib\libc.a(lib_a-vfprintf.o) (__sinit)
c:/altera/12.0/nios2eds/bin/gnu/h-i686-mingw32/bin/../lib/gcc/nios2-elf/4.1.2/../../../../nios2-elf/lib\libc.a(lib_a-freer.o)
                              c:/altera/12.0/nios2eds/bin/gnu/h-i686-mingw32/bin/../lib/gcc/nios2-elf/4.1.2/../../../../nios2-elf/lib\libc.a(lib_a-wsetup.o) (_free_r)
c:/altera/12.0/nios2eds/bin/gnu/h-i686-mingw32/bin/../lib/gcc/nios2-elf/4.1.2/../../../../nios2-elf/lib\libc.a(lib_a-fvwrite.o)
                              c:/altera/12.0/nios2eds/bin/gnu/h-i686-mingw32/bin/../lib/gcc/nios2-elf/4.1.2/../../../../nios2-elf/lib\libc.a(lib_a-vfprintf.o) (__sfvwrite_r)
c:/altera/12.0/nios2eds/bin/gnu/h-i686-mingw32/bin/../lib/gcc/nios2-elf/4.1.2/../../../../nios2-elf/lib\libc.a(lib_a-fwalk.o)
                              c:/altera/12.0/nios2eds/bin/gnu/h-i686-mingw32/bin/../lib/gcc/nios2-elf/4.1.2/../../../../nios2-elf/lib\libc.a(lib_a-fflush.o) (_fwalk_reent)
c:/altera/12.0/nios2eds/bin/gnu/h-i686-mingw32/bin/../lib/gcc/nios2-elf/4.1.2/../../../../nios2-elf/lib\libc.a(lib_a-impure.o)
                              c:/altera/12.0/nios2eds/bin/gnu/h-i686-mingw32/bin/../lib/gcc/nios2-elf/4.1.2/../../../../nios2-elf/lib\libc.a(lib_a-printf.o) (_impure_ptr)
c:/altera/12.0/nios2eds/bin/gnu/h-i686-mingw32/bin/../lib/gcc/nios2-elf/4.1.2/../../../../nios2-elf/lib\libc.a(lib_a-locale.o)
                              c:/altera/12.0/nios2eds/bin/gnu/h-i686-mingw32/bin/../lib/gcc/nios2-elf/4.1.2/../../../../nios2-elf/lib\libc.a(lib_a-vfprintf.o) (_localeconv_r)
c:/altera/12.0/nios2eds/bin/gnu/h-i686-mingw32/bin/../lib/gcc/nios2-elf/4.1.2/../../../../nios2-elf/lib\libc.a(lib_a-makebuf.o)
                              c:/altera/12.0/nios2eds/bin/gnu/h-i686-mingw32/bin/../lib/gcc/nios2-elf/4.1.2/../../../../nios2-elf/lib\libc.a(lib_a-wsetup.o) (__smakebuf_r)
c:/altera/12.0/nios2eds/bin/gnu/h-i686-mingw32/bin/../lib/gcc/nios2-elf/4.1.2/../../../../nios2-elf/lib\libc.a(lib_a-mallocr.o)
                              c:/altera/12.0/nios2eds/bin/gnu/h-i686-mingw32/bin/../lib/gcc/nios2-elf/4.1.2/../../../../nios2-elf/lib\libc.a(lib_a-findfp.o) (_malloc_r)
c:/altera/12.0/nios2eds/bin/gnu/h-i686-mingw32/bin/../lib/gcc/nios2-elf/4.1.2/../../../../nios2-elf/lib\libc.a(lib_a-memchr.o)
                              c:/altera/12.0/nios2eds/bin/gnu/h-i686-mingw32/bin/../lib/gcc/nios2-elf/4.1.2/../../../../nios2-elf/lib\libc.a(lib_a-vfprintf.o) (memchr)
c:/altera/12.0/nios2eds/bin/gnu/h-i686-mingw32/bin/../lib/gcc/nios2-elf/4.1.2/../../../../nios2-elf/lib\libc.a(lib_a-memcpy.o)
                              c:/altera/12.0/nios2eds/bin/gnu/h-i686-mingw32/bin/../lib/gcc/nios2-elf/4.1.2/../../../../nios2-elf/lib\libc.a(lib_a-dtoa.o) (memcpy)
c:/altera/12.0/nios2eds/bin/gnu/h-i686-mingw32/bin/../lib/gcc/nios2-elf/4.1.2/../../../../nios2-elf/lib\libc.a(lib_a-memmove.o)
                              c:/altera/12.0/nios2eds/bin/gnu/h-i686-mingw32/bin/../lib/gcc/nios2-elf/4.1.2/../../../../nios2-elf/lib\libc.a(lib_a-fvwrite.o) (memmove)
c:/altera/12.0/nios2eds/bin/gnu/h-i686-mingw32/bin/../lib/gcc/nios2-elf/4.1.2/../../../../nios2-elf/lib\libc.a(lib_a-memset.o)
[...]
Memory Configuration

Name             Origin             Length             Attributes
reset            0x00400000         0x00000020
cfi_flash        0x00400020         0x003fffe0
sram_16bit_512k_0 0x00a80000         0x00080000
onchip_memory_BEFORE_EXCEPTION 0x00b01000         0x00000020
onchip_memory    0x00b01020         0x00000fe0
epcs_flash_controller 0x00b03800         0x00000800
*default*        0x00000000         0xffffffff

Linker script and memory map

LOAD ../game_bsp//obj/HAL/src/crt0.o
LOAD obj/default/VGA.o
LOAD obj/default/hello_world.o
LOAD c:/altera/12.0/nios2eds/bin/gnu/h-i686-mingw32/bin/../lib/gcc/nios2-elf/4.1.2/../../../../nios2-elf/lib\libstdc++.a
LOAD c:/altera/12.0/nios2eds/bin/gnu/h-i686-mingw32/bin/../lib/gcc/nios2-elf/4.1.2/../../../../nios2-elf/lib\libm.a
LOAD c:/altera/12.0/nios2eds/bin/gnu/h-i686-mingw32/bin/../lib/gcc/nios2-elf/4.1.2\libgcc.a
START GROUP
LOAD c:/altera/12.0/nios2eds/bin/gnu/h-i686-mingw32/bin/../lib/gcc/nios2-elf/4.1.2/../../../../nios2-elf/lib\libc.a
LOAD c:/altera/12.0/nios2eds/bin/gnu/h-i686-mingw32/bin/../lib/gcc/nios2-elf/4.1.2\libgcc.a
LOAD ../game_bsp/\libhal_bsp.a
END GROUP
LOAD c:/altera/12.0/nios2eds/bin/gnu/h-i686-mingw32/bin/../lib/gcc/nios2-elf/4.1.2\libgcc.a
                0x00400000                __alt_mem_cfi_flash = 0x400000
                0x00a80000                __alt_mem_sram_16bit_512k_0 = 0xa80000
                0x00b01000                __alt_mem_onchip_memory = 0xb01000
                0x00b03800                __alt_mem_epcs_flash_controller = 0xb03800

.entry          0x00400000        0x0
 *(.entry)
 .entry         0x00400000        0x0 ../game_bsp//obj/HAL/src/crt0.o
                0x00400000                __reset

.exceptions     0x00b01020      0x194
                0x00b01020                PROVIDE (__ram_exceptions_start, ABSOLUTE (.))
                0x00b01020                . = ALIGN (0x20)
 *(.irq)
 *(.exceptions.entry.label)
 .exceptions.entry.label
                0x00b01020        0x0 ../game_bsp/\libhal_bsp.a(alt_irq_entry.o)
                0x00b01020                alt_irq_entry
 .exceptions.entry.label
                0x00b01020        0x0 ../game_bsp/\libhal_bsp.a(alt_exception_entry.o)
                0x00b01020                alt_exception
 *(.exceptions.entry.user)
 *(.exceptions.entry)
 .exceptions.entry
                0x00b01020       0x54 ../game_bsp/\libhal_bsp.a(alt_exception_entry.o)
 *(.exceptions.irqtest.user)
 *(.exceptions.irqtest)
 .exceptions.irqtest
                0x00b01074       0x10 ../game_bsp/\libhal_bsp.a(alt_irq_entry.o)
 *(.exceptions.irqhandler.user)
 *(.exceptions.irqhandler)
 .exceptions.irqhandler
                0x00b01084        0x4 ../game_bsp/\libhal_bsp.a(alt_irq_entry.o)
 *(.exceptions.irqreturn.user)
 *(.exceptions.irqreturn)
 .exceptions.irqreturn
                0x00b01088        0x4 ../game_bsp/\libhal_bsp.a(alt_irq_entry.o)
 *(.exceptions.notirq.label)
 .exceptions.notirq.label
                0x00b0108c        0x0 ../game_bsp/\libhal_bsp.a(alt_irq_entry.o)
 *(.exceptions.notirq.user)
 *(.exceptions.notirq)
 .exceptions.notirq
                0x00b0108c        0x8 ../game_bsp/\libhal_bsp.a(alt_exception_entry.o)
 *(.exceptions.soft.user)
 *(.exceptions.soft)
 *(.exceptions.unknown.user)
 *(.exceptions.unknown)
 .exceptions.unknown
                0x00b01094        0x4 ../game_bsp/\libhal_bsp.a(alt_exception_entry.o)
 *(.exceptions.exit.label)
 .exceptions.exit.label
                0x00b01098        0x0 ../game_bsp/\libhal_bsp.a(alt_irq_entry.o)
 .exceptions.exit.label
                0x00b01098        0x0 ../game_bsp/\libhal_bsp.a(alt_exception_entry.o)
 *(.exceptions.exit.user)
 *(.exceptions.exit)
 .exceptions.exit
                0x00b01098       0x54 ../game_bsp/\libhal_bsp.a(alt_exception_entry.o)
 *(.exceptions)
 .exceptions    0x00b010ec       0xc8 ../game_bsp/\libhal_bsp.a(alt_irq_handler.o)
                0x00b010ec                alt_irq_handler
                0x00b011b4                PROVIDE (__ram_exceptions_end, ABSOLUTE (.))
                0x00b01020                PROVIDE (__flash_exceptions_start, LOADADDR (.exceptions))

.text           0x00a80000    0x10988
                0x00a80000                PROVIDE (stext, ABSOLUTE (.))
 *(.interp)
 *(.hash)
 *(.dynsym)
 *(.dynstr)
 *(.gnu.version)
 *(.gnu.version_d)
 *(.gnu.version_r)
 *(.rel.init)
 *(.rela.init)
 *(.rel.text .rel.text.* .rel.gnu.linkonce.t.*)
 *(.rela.text .rela.text.* .rela.gnu.linkonce.t.*)
 *(.rel.fini)
 *(.rela.fini)
 *(.rel.rodata .rel.rodata.* .rel.gnu.linkonce.r.*)
 *(.rela.rodata .rela.rodata.* .rela.gnu.linkonce.r.*)
 *(.rel.data .rel.data.* .rel.gnu.linkonce.d.*)
 *(.rela.data .rela.data.* .rela.gnu.linkonce.d.*)
 *(.rel.tdata .rel.tdata.* .rel.gnu.linkonce.td.*)
 *(.rela.tdata .rela.tdata.* .rela.gnu.linkonce.td.*)
 *(.rel.tbss .rel.tbss.* .rel.gnu.linkonce.tb.*)
 *(.rela.tbss .rela.tbss.* .rela.gnu.linkonce.tb.*)
 *(.rel.ctors)
 *(.rela.ctors)
 *(.rel.dtors)
 *(.rela.dtors)
 *(.rel.got)
 *(.rela.got)
 *(.rel.sdata .rel.sdata.* .rel.gnu.linkonce.s.*)
 *(.rela.sdata .rela.sdata.* .rela.gnu.linkonce.s.*)
 *(.rel.sbss .rel.sbss.* .rel.gnu.linkonce.sb.*)
 *(.rela.sbss .rela.sbss.* .rela.gnu.linkonce.sb.*)
 *(.rel.sdata2 .rel.sdata2.* .rel.gnu.linkonce.s2.*)
 *(.rela.sdata2 .rela.sdata2.* .rela.gnu.linkonce.s2.*)
 *(.rel.sbss2 .rel.sbss2.* .rel.gnu.linkonce.sb2.*)
 *(.rela.sbss2 .rela.sbss2.* .rela.gnu.linkonce.sb2.*)
 *(.rel.bss .rel.bss.* .rel.gnu.linkonce.b.*)
 *(.rela.bss .rela.bss.* .rela.gnu.linkonce.b.*)
 *(.rel.plt)
 *(.rela.plt)
 *(.rel.dyn)
 *(.init)
 *(.plt)
 *(.text .stub .text.* .gnu.linkonce.t.*)
 .text          0x00a80000       0x38 ../game_bsp//obj/HAL/src/crt0.o
                0x00a80000                _start
 .text          0x00a80038      0x14c obj/default/VGA.o
                0x00a80038                Set_Cursor_XY
                0x00a8007c                Set_Cursor_Color
                0x00a800d4                Set_Pixel_On_Color
                0x00a8012c                Set_Pixel_Off_Color
 .text          0x00a80184       0xec obj/default/hello_world.o
                0x00a80184                main
 .text          0x00a80270       0x78 c:/altera/12.0/nios2eds/bin/gnu/h-i686-mingw32/bin/../lib/gcc/nios2-elf/4.1.2/../../../../nios2-elf/lib\libc.a(lib_a-printf.o)
                0x00a80270                printf
                0x00a802b4                _printf_r
 .text          0x00a802e8     0x1f28 c:/altera/12.0/nios2eds/bin/gnu/h-i686-mingw32/bin/../lib/gcc/nios2-elf/4.1.2/../../../../nios2-elf/lib\libc.a(lib_a-vfprintf.o)
                0x00a80340                ___vfprintf_internal_r
                0x00a821ec                __vfprintf_internal
 .text          0x00a82210      0x13c c:/altera/12.0/nios2eds/bin/gnu/h-i686-mingw32/bin/../lib/gcc/nios2-elf/4.1.2/../../../../nios2-elf/lib\libc.a(lib_a-wsetup.o)
                0x00a82210                __swsetup_r
 .text          0x00a8234c     0x17cc c:/altera/12.0/nios2eds/bin/gnu/h-i686-mingw32/bin/../lib/gcc/nios2-elf/4.1.2/../../../../nios2-elf/lib\libc.a(lib_a-dtoa.o)
                0x00a82564                _dtoa_r
 .text          0x00a83b18      0x230 c:/altera/12.0/nios2eds/bin/gnu/h-i686-mingw32/bin/../lib/gcc/nios2-elf/4.1.2/../../../../nios2-elf/lib\libc.a(lib_a-fflush.o)
                0x00a83b18                _fflush_r
                0x00a83d14                fflush
 .text          0x00a83d48      0x2c0 c:/altera/12.0/nios2eds/bin/gnu/h-i686-mingw32/bin/../lib/gcc/nios2-elf/4.1.2/../../../../nios2-elf/lib\libc.a(lib_a-findfp.o)
                0x00a83da0                __sfp_lock_acquire
                0x00a83da4                __sfp_lock_release
                0x00a83da8                __sinit_lock_acquire
                0x00a83dac                __sinit_lock_release
                0x00a83db0                __sinit
                0x00a83e64                __fp_unlock_all
                0x00a83e7c                __fp_lock_all
                0x00a83e94                _cleanup_r
                0x00a83ea0                _cleanup
                0x00a83eb0                __sfmoreglue
                0x00a83f18                __sfp
 .text          0x00a84008      0x440 c:/altera/12.0/nios2eds/bin/gnu/h-i686-mingw32/bin/../lib/gcc/nios2-elf/4.1.2/../../../../nios2-elf/lib\libc.a(lib_a-freer.o)
                0x00a84008                _malloc_trim_r
                0x00a84134                _free_r
 .text          0x00a84448      0x49c c:/altera/12.0/nios2eds/bin/gnu/h-i686-mingw32/bin/../lib/gcc/nios2-elf/4.1.2/../../../../nios2-elf/lib\libc.a(lib_a-fvwrite.o)
                0x00a84448                __sfvwrite_r
 .text          0x00a848e4      0x180 c:/altera/12.0/nios2eds/bin/gnu/h-i686-mingw32/bin/../lib/gcc/nios2-elf/4.1.2/../../../../nios2-elf/lib\libc.a(lib_a-fwalk.o)
                0x00a848e4                _fwalk_reent
                0x00a849ac                _fwalk
 .text          0x00a84a64        0x0 c:/altera/12.0/nios2eds/bin/gnu/h-i686-mingw32/bin/../lib/gcc/nios2-elf/4.1.2/../../../../nios2-elf/lib\libc.a(lib_a-impure.o)
 .text          0x00a84a64       0xc4 c:/altera/12.0/nios2eds/bin/gnu/h-i686-mingw32/bin/../lib/gcc/nios2-elf/4.1.2/../../../../nios2-elf/lib\libc.a(lib_a-locale.o)
                0x00a84a64                __locale_charset
                0x00a84a6c                _localeconv_r
                0x00a84a78                localeconv
                0x00a84a88                _setlocale_r
                0x00a84b0c                setlocale
 .text          0x00a84b28      0x194 c:/altera/12.0/nios2eds/bin/gnu/h-i686-mingw32/bin/../lib/gcc/nios2-elf/4.1.2/../../../../nios2-elf/lib\libc.a(lib_a-makebuf.o)
                0x00a84b28                __smakebuf_r
 .text          0x00a84cbc      0x740 c:/altera/12.0/nios2eds/bin/gnu/h-i686-mingw32/bin/../lib/gcc/nios2-elf/4.1.2/../../../../nios2-elf/lib\libc.a(lib_a-mallocr.o)
                0x00a84cbc                _malloc_r
 .text          0x00a853fc       0xe4 c:/altera/12.0/nios2eds/bin/gnu/h-i686-mingw32/bin/../lib/gcc/nios2-elf/4.1.2/../../../../nios2-elf/lib\libc.a(lib_a-memchr.o)
                0x00a853fc                memchr
 .text          0x00a854e0       0xa0 c:/altera/12.0/nios2eds/bin/gnu/h-i686-mingw32/bin/../lib/gcc/nios2-elf/4.1.2/../../../../nios2-elf/lib\libc.a(lib_a-memcpy.o)
                0x00a854e0                memcpy
 .text          0x00a85580       0xe0 c:/altera/12.0/nios2eds/bin/gnu/h-i686-mingw32/bin/../lib/gcc/nios2-elf/4.1.2/../../../../nios2-elf/lib\libc.a(lib_a-memmove.o)
                0x00a85580                memmove
 .text          0x00a85660       0x98 c:/altera/12.0/nios2eds/bin/gnu/h-i686-mingw32/bin/../lib/gcc/nios2-elf/4.1.2/../../../../nios2-elf/lib\libc.a(lib_a-memset.o)
                0x00a85660                memset
 .text          0x00a856f8      0xff4 c:/altera/12.0/nios2eds/bin/gnu/h-i686-mingw32/bin/../lib/gcc/nios2-elf/4.1.2/../../../../nios2-elf/lib\libc.a(lib_a-mprec.o)
                0x00a856f8                _Bfree
                0x00a85720                __hi0bits
                0x00a85790                __lo0bits
                0x00a85854                __mcmp
                0x00a858b4                __ulp
                0x00a85934                __b2d
                0x00a85a54                __ratio
                0x00a85b04                _mprec_log10
                0x00a85b98                __copybits
                0x00a85bf0                __any_on
                0x00a85c78                _Balloc
                0x00a85d34                __d2b
                0x00a85eb0                __mdiff
                0x00a8603c                __lshift
                0x00a86188                __multiply
                0x00a86370                __i2b
                0x00a863ac                __multadd
                0x00a864ac                __pow5mult
                0x00a865cc                __s2b
 .text          0x00a866ec      0x5f4 c:/altera/12.0/nios2eds/bin/gnu/h-i686-mingw32/bin/../lib/gcc/nios2-elf/4.1.2/../../../../nios2-elf/lib\libc.a(lib_a-reallocr.o)
                0x00a866ec                _realloc_r
 .text          0x00a86ce0       0x40 c:/altera/12.0/nios2eds/bin/gnu/h-i686-mingw32/bin/../lib/gcc/nios2-elf/4.1.2/../../../../nios2-elf/lib\libc.a(lib_a-s_isinfd.o)
                0x00a86ce0                __isinfd
 .text          0x00a86d20       0x30 c:/altera/12.0/nios2eds/bin/gnu/h-i686-mingw32/bin/../lib/gcc/nios2-elf/4.1.2/../../../../nios2-elf/lib\libc.a(lib_a-s_isnand.o)
                0x00a86d20                __isnand
 .text          0x00a86d50       0x70 c:/altera/12.0/nios2eds/bin/gnu/h-i686-mingw32/bin/../lib/gcc/nios2-elf/4.1.2/../../../../nios2-elf/lib\libc.a(lib_a-sbrkr.o)
                0x00a86d50                _sbrk_r
 .text          0x00a86dc0      0x14c c:/altera/12.0/nios2eds/bin/gnu/h-i686-mingw32/bin/../lib/gcc/nios2-elf/4.1.2/../../../../nios2-elf/lib\libc.a(lib_a-stdio.o)
                0x00a86dc0                __sclose
                0x00a86dc8                __sseek
                0x00a86e30                __swrite
                0x00a86eac                __sread
 .text          0x00a86f0c       0xbc c:/altera/12.0/nios2eds/bin/gnu/h-i686-mingw32/bin/../lib/gcc/nios2-elf/4.1.2/../../../../nios2-elf/lib\libc.a(lib_a-strcmp.o)
                0x00a86f0c                strcmp
 .text          0x00a86fc8       0x74 c:/altera/12.0/nios2eds/bin/gnu/h-i686-mingw32/bin/../lib/gcc/nios2-elf/4.1.2/../../../../nios2-elf/lib\libc.a(lib_a-strlen.o)
                0x00a86fc8                strlen
 .text          0x00a8703c       0x78 c:/altera/12.0/nios2eds/bin/gnu/h-i686-mingw32/bin/../lib/gcc/nios2-elf/4.1.2/../../../../nios2-elf/lib\libc.a(lib_a-writer.o)
                0x00a8703c                _write_r
 .text          0x00a870b4       0xb4 c:/altera/12.0/nios2eds/bin/gnu/h-i686-mingw32/bin/../lib/gcc/nios2-elf/4.1.2/../../../../nios2-elf/lib\libc.a(lib_a-callocr.o)
                0x00a870b4                _calloc_r
 .text          0x00a87168       0x70 c:/altera/12.0/nios2eds/bin/gnu/h-i686-mingw32/bin/../lib/gcc/nios2-elf/4.1.2/../../../../nios2-elf/lib\libc.a(lib_a-closer.o)
                0x00a87168                _close_r
 .text          0x00a871d8      0x124 c:/altera/12.0/nios2eds/bin/gnu/h-i686-mingw32/bin/../lib/gcc/nios2-elf/4.1.2/../../../../nios2-elf/lib\libc.a(lib_a-fclose.o)
                0x00a871d8                _fclose_r
                0x00a872e8                fclose
 .text          0x00a872fc       0x74 c:/altera/12.0/nios2eds/bin/gnu/h-i686-mingw32/bin/../lib/gcc/nios2-elf/4.1.2/../../../../nios2-elf/lib\libc.a(lib_a-fstatr.o)
                0x00a872fc                _fstat_r
 .text          0x00a87370        0x0 c:/altera/12.0/nios2eds/bin/gnu/h-i686-mingw32/bin/../lib/gcc/nios2-elf/4.1.2/../../../../nios2-elf/lib\libc.a(lib_a-int_errno.o)
 .text          0x00a87370       0x70 c:/altera/12.0/nios2eds/bin/gnu/h-i686-mingw32/bin/../lib/gcc/nios2-elf/4.1.2/../../../../nios2-elf/lib\libc.a(lib_a-isattyr.o)
                0x00a87370                _isatty_r
 .text          0x00a873e0       0x78 c:/altera/12.0/nios2eds/bin/gnu/h-i686-mingw32/bin/../lib/gcc/nios2-elf/4.1.2/../../../../nios2-elf/lib\libc.a(lib_a-lseekr.o)
                0x00a873e0                _lseek_r
 .text          0x00a87458       0x78 c:/altera/12.0/nios2eds/bin/gnu/h-i686-mingw32/bin/../lib/gcc/nios2-elf/4.1.2/../../../../nios2-elf/lib\libc.a(lib_a-readr.o)
                0x00a87458                _read_r
 .text          0x00a874d0      0x5dc c:/altera/12.0/nios2eds/bin/gnu/h-i686-mingw32/bin/../lib/gcc/nios2-elf/4.1.2\libgcc.a(_udivdi3.o)
                0x00a874d0                __udivdi3
 .text          0x00a87aac      0x5b0 c:/altera/12.0/nios2eds/bin/gnu/h-i686-mingw32/bin/../lib/gcc/nios2-elf/4.1.2\libgcc.a(_umoddi3.o)
                0x00a87aac                __umoddi3
 .text          0x00a8805c      0x504 c:/altera/12.0/nios2eds/bin/gnu/h-i686-mingw32/bin/../lib/gcc/nios2-elf/4.1.2\libgcc.a(_addsub_df.o)
                0x00a8846c                __subdf3
                0x00a884ec                __adddf3
 .text          0x00a88560      0x3c4 c:/altera/12.0/nios2eds/bin/gnu/h-i686-mingw32/bin/../lib/gcc/nios2-elf/4.1.2\libgcc.a(_mul_df.o)
                0x00a88560                __muldf3
 .text          0x00a88924      0x258 c:/altera/12.0/nios2eds/bin/gnu/h-i686-mingw32/bin/../lib/gcc/nios2-elf/4.1.2\libgcc.a(_div_df.o)
                0x00a88924                __divdf3
 .text          0x00a88b7c       0x88 c:/altera/12.0/nios2eds/bin/gnu/h-i686-mingw32/bin/../lib/gcc/nios2-elf/4.1.2\libgcc.a(_eq_df.o)
                0x00a88b7c                __eqdf2
 .text          0x00a88c04       0x88 c:/altera/12.0/nios2eds/bin/gnu/h-i686-mingw32/bin/../lib/gcc/nios2-elf/4.1.2\libgcc.a(_ne_df.o)
                0x00a88c04                __nedf2
 .text          0x00a88c8c       0x88 c:/altera/12.0/nios2eds/bin/gnu/h-i686-mingw32/bin/../lib/gcc/nios2-elf/4.1.2\libgcc.a(_gt_df.o)
                0x00a88c8c                __gtdf2
 .text          0x00a88d14       0x88 c:/altera/12.0/nios2eds/bin/gnu/h-i686-mingw32/bin/../lib/gcc/nios2-elf/4.1.2\libgcc.a(_ge_df.o)
                0x00a88d14                __gedf2
 .text          0x00a88d9c       0x88 c:/altera/12.0/nios2eds/bin/gnu/h-i686-mingw32/bin/../lib/gcc/nios2-elf/4.1.2\libgcc.a(_lt_df.o)
                0x00a88d9c                __ltdf2
 .text          0x00a88e24       0xf8 c:/altera/12.0/nios2eds/bin/gnu/h-i686-mingw32/bin/../lib/gcc/nios2-elf/4.1.2\libgcc.a(_si_to_df.o)
                0x00a88e24                __floatsidf
 .text          0x00a88f1c       0xd8 c:/altera/12.0/nios2eds/bin/gnu/h-i686-mingw32/bin/../lib/gcc/nios2-elf/4.1.2\libgcc.a(_df_to_si.o)
                0x00a88f1c                __fixdfsi
 .text          0x00a88ff4        0x0 c:/altera/12.0/nios2eds/bin/gnu/h-i686-mingw32/bin/../lib/gcc/nios2-elf/4.1.2\libgcc.a(_thenan_df.o)
 .text          0x00a88ff4      0x194 c:/altera/12.0/nios2eds/bin/gnu/h-i686-mingw32/bin/../lib/gcc/nios2-elf/4.1.2\libgcc.a(_usi_to_df.o)
                0x00a88ff4                __floatunsidf
 .text          0x00a89188      0x14c c:/altera/12.0/nios2eds/bin/gnu/h-i686-mingw32/bin/../lib/gcc/nios2-elf/4.1.2\libgcc.a(lib2-divmod.o)
                0x00a89204                __divsi3
                0x00a89264                __modsi3
                0x00a892c4                __udivsi3
                0x00a892cc                __umodsi3
 .text          0x00a892d4       0x98 c:/altera/12.0/nios2eds/bin/gnu/h-i686-mingw32/bin/../lib/gcc/nios2-elf/4.1.2\libgcc.a(_muldi3.o)
                0x00a892d4                __muldi3
 .text          0x00a8936c        0x0 c:/altera/12.0/nios2eds/bin/gnu/h-i686-mingw32/bin/../lib/gcc/nios2-elf/4.1.2\libgcc.a(_clz.o)
 .text          0x00a8936c       0x80 c:/altera/12.0/nios2eds/bin/gnu/h-i686-mingw32/bin/../lib/gcc/nios2-elf/4.1.2\libgcc.a(_clzsi2.o)
                0x00a8936c                __clzsi2
 .text          0x00a893ec      0x314 c:/altera/12.0/nios2eds/bin/gnu/h-i686-mingw32/bin/../lib/gcc/nios2-elf/4.1.2\libgcc.a(_pack_df.o)
                0x00a893ec                __pack_d
 .text          0x00a89700      0x138 c:/altera/12.0/nios2eds/bin/gnu/h-i686-mingw32/bin/../lib/gcc/nios2-elf/4.1.2\libgcc.a(_unpack_df.o)
                0x00a89700                __unpack_d
 .text          0x00a89838       0xc8 c:/altera/12.0/nios2eds/bin/gnu/h-i686-mingw32/bin/../lib/gcc/nios2-elf/4.1.2\libgcc.a(_fpcmp_parts_df.o)
                0x00a89838                __fpcmp_parts_d
 .text          0x00a89900      0x15c ../game_bsp/\libhal_bsp.a(alt_close.o)
                0x00a89900                close
 .text          0x00a89a5c       0x2c ../game_bsp/\libhal_bsp.a(alt_dev.o)
 .text          0x00a89a88        0x0 ../game_bsp/\libhal_bsp.a(alt_errno.o)
 .text          0x00a89a88      0x134 ../game_bsp/\libhal_bsp.a(alt_fstat.o)
                0x00a89a88                fstat
 .text          0x00a89bbc      0x120 ../game_bsp/\libhal_bsp.a(alt_isatty.o)
                0x00a89bbc                isatty
 .text          0x00a89cdc      0x150 ../game_bsp/\libhal_bsp.a(alt_lseek.o)
                0x00a89cdc                lseek
 .text          0x00a89e2c       0x6c ../game_bsp/\libhal_bsp.a(alt_main.o)
                0x00a89e2c                alt_main
 .text          0x00a89e98       0x40 ../game_bsp/\libhal_bsp.a(alt_malloc_lock.o)
                0x00a89e98                __malloc_lock
                0x00a89eb8                __malloc_unlock
 .text          0x00a89ed8      0x180 ../game_bsp/\libhal_bsp.a(alt_read.o)
                0x00a89ed8                read
 .text          0x00a8a058       0x60 ../game_bsp/\libhal_bsp.a(alt_release_fd.o)
                0x00a8a058                alt_release_fd
 .text          0x00a8a0b8       0xbc ../game_bsp/\libhal_bsp.a(alt_sbrk.o)
                0x00a8a0b8                sbrk
 .text          0x00a8a174       0x30 ../game_bsp/\libhal_bsp.a(alt_usleep.o)
                0x00a8a174                usleep
 .text          0x00a8a1a4      0x180 ../game_bsp/\libhal_bsp.a(alt_write.o)
                0x00a8a1a4                write
 .text          0x00a8a324       0xf8 ../game_bsp/\libhal_bsp.a(alt_sys_init.o)
                0x00a8a324                alt_irq_init
                0x00a8a358                alt_sys_init
 .text          0x00a8a41c      0x8c8 ../game_bsp/\libhal_bsp.a(altera_avalon_cfi_flash.o)
                0x00a8a41c                alt_flash_cfi_init
                0x00a8a4f0                alt_flash_cfi_write
                0x00a8a7b0                alt_flash_cfi_get_info
                0x00a8a840                alt_flash_cfi_read
                0x00a8a8a8                alt_write_value_to_flash
                0x00a8aa0c                alt_flash_program_block
 .text          0x00a8ace4     0x1448 ../game_bsp/\libhal_bsp.a(altera_avalon_cfi_flash_table.o)
                0x00a8ace4                alt_read_query_entry_8bit
                0x00a8ad24                alt_read_query_entry_16bit
                0x00a8ad68                alt_read_query_entry_32bit
                0x00a8adb0                alt_write_flash_command_8bit_device_8bit_mode
                0x00a8adec                alt_write_flash_command_16bit_device_8bit_mode
                0x00a8ae68                alt_write_flash_command_32bit_device_8bit_mode
                0x00a8aeb0                alt_write_flash_command_16bit_device_16bit_mode
                0x00a8aef4                alt_write_flash_command_32bit_device_16bit_mode
                0x00a8af3c                alt_write_flash_command_32bit_device_32bit_mode
                0x00a8af84                alt_write_native_8bit
                0x00a8afb8                alt_write_native_16bit
                0x00a8afec                alt_write_native_32bit
                0x00a8b01c                alt_set_flash_width_func
                0x00a8b1fc                alt_set_flash_algorithm_func
                0x00a8b324                alt_read_cfi_table
                0x00a8b8a4                alt_read_cfi_width
                0x00a8c050                alt_check_primary_table
 .text          0x00a8c12c      0x934 ../game_bsp/\libhal_bsp.a(altera_avalon_epcs_flash_controller.o)
                0x00a8c12c                alt_epcs_flash_init
                0x00a8c4ac                alt_epcs_flash_write
                0x00a8c72c                alt_epcs_flash_get_info
                0x00a8c7bc                alt_epcs_flash_erase_block
                0x00a8c8c4                alt_epcs_flash_write_block
                0x00a8c9d4                alt_epcs_flash_read
 .text          0x00a8ca60      0x148 ../game_bsp/\libhal_bsp.a(altera_avalon_jtag_uart_fd.o)
                0x00a8ca60                altera_avalon_jtag_uart_read_fd
                0x00a8cab8                altera_avalon_jtag_uart_write_fd
                0x00a8cb10                altera_avalon_jtag_uart_close_fd
                0x00a8cb58                altera_avalon_jtag_uart_ioctl_fd
 .text          0x00a8cba8      0x40c ../game_bsp/\libhal_bsp.a(altera_avalon_jtag_uart_init.o)
                0x00a8cba8                altera_avalon_jtag_uart_init
                0x00a8cf40                altera_avalon_jtag_uart_close
 .text          0x00a8cfb4       0xf4 ../game_bsp/\libhal_bsp.a(altera_avalon_jtag_uart_ioctl.o)
                0x00a8cfb4                altera_avalon_jtag_uart_ioctl
 .text          0x00a8d0a8      0x224 ../game_bsp/\libhal_bsp.a(altera_avalon_jtag_uart_read.o)
                0x00a8d0a8                altera_avalon_jtag_uart_read
 .text          0x00a8d2cc      0x240 ../game_bsp/\libhal_bsp.a(altera_avalon_jtag_uart_write.o)
                0x00a8d2cc                altera_avalon_jtag_uart_write
 .text          0x00a8d50c      0xee8 ../game_bsp/\libhal_bsp.a(altera_avalon_lcd_16207.o)
                0x00a8dce0                altera_avalon_lcd_16207_write
                0x00a8e2b8                altera_avalon_lcd_16207_init
 .text          0x00a8e3f4       0x58 ../game_bsp/\libhal_bsp.a(altera_avalon_lcd_16207_fd.o)
                0x00a8e3f4                altera_avalon_lcd_16207_write_fd
 .text          0x00a8e44c      0x100 ../game_bsp/\libhal_bsp.a(altera_avalon_timer_sc.o)
                0x00a8e4bc                alt_avalon_timer_sc_init
 .text          0x00a8e54c      0x460 ../game_bsp/\libhal_bsp.a(epcs_commands.o)
                0x00a8e54c                epcs_read_status_register
                0x00a8e5ac                epcs_sector_erase
                0x00a8e698                epcs_read_buffer
                0x00a8e74c                epcs_write_enable
                0x00a8e79c                epcs_write_status_register
                0x00a8e800                epcs_write_buffer
                0x00a8e8d8                epcs_read_electronic_signature
                0x00a8e944                epcs_read_device_id
 .text          0x00a8e9ac      0x154 ../game_bsp/\libhal_bsp.a(alt_alarm_start.o)
                0x00a8e9ac                alt_alarm_start
 .text          0x00a8eb00      0x14c ../game_bsp/\libhal_bsp.a(alt_busy_sleep.o)
                0x00a8eb00                alt_busy_sleep
 .text          0x00a8ec4c       0x24 ../game_bsp/\libhal_bsp.a(alt_dcache_flush.o)
                0x00a8ec4c                alt_dcache_flush
 .text          0x00a8ec70      0x114 ../game_bsp/\libhal_bsp.a(alt_dev_llist_insert.o)
                0x00a8ec70                alt_dev_llist_insert
 .text          0x00a8ed84       0x64 ../game_bsp/\libhal_bsp.a(alt_do_ctors.o)
                0x00a8ed84                _do_ctors
 .text          0x00a8ede8       0x64 ../game_bsp/\libhal_bsp.a(alt_do_dtors.o)
                0x00a8ede8                _do_dtors
 .text          0x00a8ee4c       0xd0 ../game_bsp/\libhal_bsp.a(alt_flash_dev.o)
                0x00a8ee4c                alt_flash_open_dev
                0x00a8eec8                alt_flash_close_dev
 .text          0x00a8ef1c      0x1d4 ../game_bsp/\libhal_bsp.a(alt_iic.o)
                0x00a8ef1c                alt_ic_isr_register
                0x00a8ef6c                alt_ic_irq_enable
                0x00a8f008                alt_ic_irq_disable
                0x00a8f0a8                alt_ic_irq_enabled
 .text          0x00a8f0f0       0xf8 ../game_bsp/\libhal_bsp.a(alt_iic_isr_register.o)
                0x00a8f0f0                alt_iic_isr_register
 .text          0x00a8f1e8      0x13c ../game_bsp/\libhal_bsp.a(alt_io_redirect.o)
                0x00a8f2ac                alt_io_redirect
 .text          0x00a8f324        0x0 ../game_bsp/\libhal_bsp.a(alt_irq_entry.o)
 .text          0x00a8f324        0x0 ../game_bsp/\libhal_bsp.a(alt_irq_handler.o)
 .text          0x00a8f324        0x0 ../game_bsp/\libhal_bsp.a(alt_irq_vars.o)
 .text          0x00a8f324      0x2c4 ../game_bsp/\libhal_bsp.a(alt_open.o)
                0x00a8f400                open
 .text          0x00a8f5e8      0x1a4 ../game_bsp/\libhal_bsp.a(alt_tick.o)
                0x00a8f5e8                alt_alarm_stop
                0x00a8f680                alt_tick
 .text          0x00a8f78c       0x20 ../game_bsp/\libhal_bsp.a(altera_nios2_irq.o)
                0x00a8f78c                altera_nios2_irq_init
 .text          0x00a8f7ac      0x460 ../game_bsp/\libhal_bsp.a(altera_avalon_cfi_flash_amd.o)
                0x00a8f7ac                alt_program_amd
                0x00a8f814                alt_erase_block_amd
 .text          0x00a8fc0c      0x460 ../game_bsp/\libhal_bsp.a(altera_avalon_cfi_flash_intel.o)
                0x00a8fc0c                alt_program_intel
                0x00a8fc90                alt_erase_block_intel
 .text          0x00a9006c      0x238 ../game_bsp/\libhal_bsp.a(altera_avalon_spi.o)
                0x00a9006c                alt_avalon_spi_command
 .text          0x00a902a4        0x0 ../game_bsp/\libhal_bsp.a(alt_exception_entry.o)
 .text          0x00a902a4       0x94 ../game_bsp/\libhal_bsp.a(alt_find_dev.o)
                0x00a902a4                alt_find_dev
 .text          0x00a90338      0x120 ../game_bsp/\libhal_bsp.a(alt_find_file.o)
                0x00a90338                alt_find_file
 .text          0x00a90458       0xb8 ../game_bsp/\libhal_bsp.a(alt_get_fd.o)
                0x00a90458                alt_get_fd
 .text          0x00a90510       0x14 c:/altera/12.0/nios2eds/bin/gnu/h-i686-mingw32/bin/../lib/gcc/nios2-elf/4.1.2/../../../../nios2-elf/lib\libc.a(lib_a-atexit.o)
                0x00a90510                atexit
 .text          0x00a90524        0x0 c:/altera/12.0/nios2eds/bin/gnu/h-i686-mingw32/bin/../lib/gcc/nios2-elf/4.1.2/../../../../nios2-elf/lib\libc.a(lib_a-ctype_.o)
 .text          0x00a90524       0x38 c:/altera/12.0/nios2eds/bin/gnu/h-i686-mingw32/bin/../lib/gcc/nios2-elf/4.1.2/../../../../nios2-elf/lib\libc.a(lib_a-exit.o)
                0x00a90524                exit
 .text          0x00a9055c       0x74 c:/altera/12.0/nios2eds/bin/gnu/h-i686-mingw32/bin/../lib/gcc/nios2-elf/4.1.2/../../../../nios2-elf/lib\libc.a(lib_a-memcmp.o)
                0x00a9055c                memcmp
 .text          0x00a905d0      0x134 c:/altera/12.0/nios2eds/bin/gnu/h-i686-mingw32/bin/../lib/gcc/nios2-elf/4.1.2/../../../../nios2-elf/lib\libc.a(lib_a-__atexit.o)
                0x00a905d0                __register_exitproc
 .text          0x00a90704      0x1b4 c:/altera/12.0/nios2eds/bin/gnu/h-i686-mingw32/bin/../lib/gcc/nios2-elf/4.1.2/../../../../nios2-elf/lib\libc.a(lib_a-__call_atexit.o)
                0x00a90708                __call_exitprocs
 .text          0x00a908b8       0x60 ../game_bsp/\libhal_bsp.a(alt_exit.o)
                0x00a908f8                _exit
 *(.gnu.warning.*)
 *(.fini)
                0x00a90918                PROVIDE (__etext, ABSOLUTE (.))
                0x00a90918                PROVIDE (_etext, ABSOLUTE (.))
                0x00a90918                PROVIDE (etext, ABSOLUTE (.))
 *(.eh_frame_hdr)
                0x00a90918                . = ALIGN (0x4)
                0x00a90918                PROVIDE (__preinit_array_start, ABSOLUTE (.))
 *(.preinit_array)
                0x00a90918                PROVIDE (__preinit_array_end, ABSOLUTE (.))
                0x00a90918                PROVIDE (__init_array_start, ABSOLUTE (.))
 *(.init_array)
                0x00a90918                PROVIDE (__init_array_end, ABSOLUTE (.))
                0x00a90918                PROVIDE (__fini_array_start, ABSOLUTE (.))
 *(.fini_array)
                0x00a90918                PROVIDE (__fini_array_end, ABSOLUTE (.))
 *(.eh_frame)
 .eh_frame      0x00a90918       0x40 c:/altera/12.0/nios2eds/bin/gnu/h-i686-mingw32/bin/../lib/gcc/nios2-elf/4.1.2\libgcc.a(_udivdi3.o)
 .eh_frame      0x00a90958       0x2c c:/altera/12.0/nios2eds/bin/gnu/h-i686-mingw32/bin/../lib/gcc/nios2-elf/4.1.2\libgcc.a(_umoddi3.o)
                                 0x40 (size before relaxing)
 *(.gcc_except_table)
 *(.dynamic)
                0x00a90984                PROVIDE (__CTOR_LIST__, ABSOLUTE (.))
 *(.ctors)
 *(SORT(.ctors.*))
 .ctors.65535   0x00a90984        0x4 c:/altera/12.0/nios2eds/bin/gnu/h-i686-mingw32/bin/../lib/gcc/nios2-elf/4.1.2/../../../../nios2-elf/lib\libc.a(lib_a-__call_atexit.o)
                0x00a90988                PROVIDE (__CTOR_END__, ABSOLUTE (.))
                0x00a90988                PROVIDE (__DTOR_LIST__, ABSOLUTE (.))
 *(.dtors)
 *(SORT(.dtors.*))
                0x00a90988                PROVIDE (__DTOR_END__, ABSOLUTE (.))
 *(.jcr)
                0x00a90988                . = ALIGN (0x4)

.rodata         0x00a90988      0x5fc
                0x00a90988                PROVIDE (__ram_rodata_start, ABSOLUTE (.))
                0x00a90988                . = ALIGN (0x4)
 *(.rodata .rodata.* .gnu.linkonce.r.*)
 .rodata        0x00a90988        0x8 obj/default/hello_world.o
 .rodata.str1.4
                0x00a90990       0x5e c:/altera/12.0/nios2eds/bin/gnu/h-i686-mingw32/bin/../lib/gcc/nios2-elf/4.1.2/../../../../nios2-elf/lib\libc.a(lib_a-vfprintf.o)
                                 0x60 (size before relaxing)
 .rodata        0x00a909ee       0x20 c:/altera/12.0/nios2eds/bin/gnu/h-i686-mingw32/bin/../lib/gcc/nios2-elf/4.1.2/../../../../nios2-elf/lib\libc.a(lib_a-vfprintf.o)
 *fill*         0x00a90a0e        0x2 00
 .rodata.str1.4
                0x00a90a10       0x10 c:/altera/12.0/nios2eds/bin/gnu/h-i686-mingw32/bin/../lib/gcc/nios2-elf/4.1.2/../../../../nios2-elf/lib\libc.a(lib_a-dtoa.o)
                                 0x14 (size before relaxing)
 .rodata.str1.4
                0x00a90a20        0x2 c:/altera/12.0/nios2eds/bin/gnu/h-i686-mingw32/bin/../lib/gcc/nios2-elf/4.1.2/../../../../nios2-elf/lib\libc.a(lib_a-impure.o)
                                  0x4 (size before relaxing)
 *fill*         0x00a90a22        0x2 00
 .rodata.str1.4
                0x00a90a24       0x10 c:/altera/12.0/nios2eds/bin/gnu/h-i686-mingw32/bin/../lib/gcc/nios2-elf/4.1.2/../../../../nios2-elf/lib\libc.a(lib_a-locale.o)
                                 0x18 (size before relaxing)
 .rodata        0x00a90a34       0x30 c:/altera/12.0/nios2eds/bin/gnu/h-i686-mingw32/bin/../lib/gcc/nios2-elf/4.1.2/../../../../nios2-elf/lib\libc.a(lib_a-locale.o)
 .rodata        0x00a90a64      0x124 c:/altera/12.0/nios2eds/bin/gnu/h-i686-mingw32/bin/../lib/gcc/nios2-elf/4.1.2/../../../../nios2-elf/lib\libc.a(lib_a-mprec.o)
                0x00a90a64                __mprec_tens
                0x00a90b2c                __mprec_bigtens
                0x00a90b54                __mprec_tinytens
 .rodata        0x00a90b88       0x14 c:/altera/12.0/nios2eds/bin/gnu/h-i686-mingw32/bin/../lib/gcc/nios2-elf/4.1.2\libgcc.a(_thenan_df.o)
                0x00a90b88                __thenan_df
 .rodata        0x00a90b9c      0x100 c:/altera/12.0/nios2eds/bin/gnu/h-i686-mingw32/bin/../lib/gcc/nios2-elf/4.1.2\libgcc.a(_clz.o)
                0x00a90b9c                __clz_tab
 .rodata        0x00a90c9c        0xc ../game_bsp/\libhal_bsp.a(alt_dev.o)
 .rodata        0x00a90ca8       0x10 ../game_bsp/\libhal_bsp.a(alt_main.o)
 .rodata        0x00a90cb8       0x48 ../game_bsp/\libhal_bsp.a(alt_sys_init.o)
 .rodata        0x00a90d00      0x281 c:/altera/12.0/nios2eds/bin/gnu/h-i686-mingw32/bin/../lib/gcc/nios2-elf/4.1.2/../../../../nios2-elf/lib\libc.a(lib_a-ctype_.o)
                0x00a90d00                _ctype_
 *(.rodata1)
                0x00a90f84                . = ALIGN (0x4)
 *fill*         0x00a90f81        0x3 00
                0x00a90f84                PROVIDE (__ram_rodata_end, ABSOLUTE (.))
                0x00a90988                PROVIDE (__flash_rodata_start, LOADADDR (.rodata))

.rwdata         0x00a90f84     0x1d28
                0x00a90f84                PROVIDE (__ram_rwdata_start, ABSOLUTE (.))
                0x00a90f84                . = ALIGN (0x4)
 *(.got.plt)
 *(.got)
 *(.data1)
 *(.data .data.* .gnu.linkonce.d.*)
 .data          0x00a90f84        0x0 ../game_bsp//obj/HAL/src/crt0.o
 .data          0x00a90f84        0x0 obj/default/VGA.o
 .data          0x00a90f84        0x0 obj/default/hello_world.o
 .data          0x00a90f84        0x0 c:/altera/12.0/nios2eds/bin/gnu/h-i686-mingw32/bin/../lib/gcc/nios2-elf/4.1.2/../../../../nios2-elf/lib\libc.a(lib_a-printf.o)
 .data          0x00a90f84        0x0 c:/altera/12.0/nios2eds/bin/gnu/h-i686-mingw32/bin/../lib/gcc/nios2-elf/4.1.2/../../../../nios2-elf/lib\libc.a(lib_a-vfprintf.o)
 .data          0x00a90f84        0x0 c:/altera/12.0/nios2eds/bin/gnu/h-i686-mingw32/bin/../lib/gcc/nios2-elf/4.1.2/../../../../nios2-elf/lib\libc.a(lib_a-wsetup.o)
 .data          0x00a90f84        0x0 c:/altera/12.0/nios2eds/bin/gnu/h-i686-mingw32/bin/../lib/gcc/nios2-elf/4.1.2/../../../../nios2-elf/lib\libc.a(lib_a-dtoa.o)
 .data          0x00a90f84        0x0 c:/altera/12.0/nios2eds/bin/gnu/h-i686-mingw32/bin/../lib/gcc/nios2-elf/4.1.2/../../../../nios2-elf/lib\libc.a(lib_a-fflush.o)
 .data          0x00a90f84        0x0 c:/altera/12.0/nios2eds/bin/gnu/h-i686-mingw32/bin/../lib/gcc/nios2-elf/4.1.2/../../../../nios2-elf/lib\libc.a(lib_a-findfp.o)
 .data          0x00a90f84        0x0 c:/altera/12.0/nios2eds/bin/gnu/h-i686-mingw32/bin/../lib/gcc/nios2-elf/4.1.2/../../../../nios2-elf/lib\libc.a(lib_a-freer.o)
 .data          0x00a90f84        0x0 c:/altera/12.0/nios2eds/bin/gnu/h-i686-mingw32/bin/../lib/gcc/nios2-elf/4.1.2/../../../../nios2-elf/lib\libc.a(lib_a-fvwrite.o)
 .data          0x00a90f84        0x0 c:/altera/12.0/nios2eds/bin/gnu/h-i686-mingw32/bin/../lib/gcc/nios2-elf/4.1.2/../../../../nios2-elf/lib\libc.a(lib_a-fwalk.o)
 .data          0x00a90f84      0x400 c:/altera/12.0/nios2eds/bin/gnu/h-i686-mingw32/bin/../lib/gcc/nios2-elf/4.1.2/../../../../nios2-elf/lib\libc.a(lib_a-impure.o)
 .data          0x00a91384        0xc c:/altera/12.0/nios2eds/bin/gnu/h-i686-mingw32/bin/../lib/gcc/nios2-elf/4.1.2/../../../../nios2-elf/lib\libc.a(lib_a-locale.o)
                0x00a91384                __lc_ctype
 .data          0x00a91390        0x0 c:/altera/12.0/nios2eds/bin/gnu/h-i686-mingw32/bin/../lib/gcc/nios2-elf/4.1.2/../../../../nios2-elf/lib\libc.a(lib_a-makebuf.o)
 .data          0x00a91390      0x408 c:/altera/12.0/nios2eds/bin/gnu/h-i686-mingw32/bin/../lib/gcc/nios2-elf/4.1.2/../../../../nios2-elf/lib\libc.a(lib_a-mallocr.o)
                0x00a91390                __malloc_av_
 .data          0x00a91798        0x0 c:/altera/12.0/nios2eds/bin/gnu/h-i686-mingw32/bin/../lib/gcc/nios2-elf/4.1.2/../../../../nios2-elf/lib\libc.a(lib_a-memchr.o)
 .data          0x00a91798        0x0 c:/altera/12.0/nios2eds/bin/gnu/h-i686-mingw32/bin/../lib/gcc/nios2-elf/4.1.2/../../../../nios2-elf/lib\libc.a(lib_a-memcpy.o)
 .data          0x00a91798        0x0 c:/altera/12.0/nios2eds/bin/gnu/h-i686-mingw32/bin/../lib/gcc/nios2-elf/4.1.2/../../../../nios2-elf/lib\libc.a(lib_a-memmove.o)
 .data          0x00a91798        0x0 c:/altera/12.0/nios2eds/bin/gnu/h-i686-mingw32/bin/../lib/gcc/nios2-elf/4.1.2/../../../../nios2-elf/lib\libc.a(lib_a-memset.o)
 .data          0x00a91798        0x0 c:/altera/12.0/nios2eds/bin/gnu/h-i686-mingw32/bin/../lib/gcc/nios2-elf/4.1.2/../../../../nios2-elf/lib\libc.a(lib_a-mprec.o)
 .data          0x00a91798        0x0 c:/altera/12.0/nios2eds/bin/gnu/h-i686-mingw32/bin/../lib/gcc/nios2-elf/4.1.2/../../../../nios2-elf/lib\libc.a(lib_a-reallocr.o)
 .data          0x00a91798        0x0 c:/altera/12.0/nios2eds/bin/gnu/h-i686-mingw32/bin/../lib/gcc/nios2-elf/4.1.2/../../../../nios2-elf/lib\libc.a(lib_a-s_isinfd.o)
 .data          0x00a91798        0x0 c:/altera/12.0/nios2eds/bin/gnu/h-i686-mingw32/bin/../lib/gcc/nios2-elf/4.1.2/../../../../nios2-elf/lib\libc.a(lib_a-s_isnand.o)
 .data          0x00a91798        0x0 c:/altera/12.0/nios2eds/bin/gnu/h-i686-mingw32/bin/../lib/gcc/nios2-elf/4.1.2/../../../../nios2-elf/lib\libc.a(lib_a-sbrkr.o)
 .data          0x00a91798        0x0 c:/altera/12.0/nios2eds/bin/gnu/h-i686-mingw32/bin/../lib/gcc/nios2-elf/4.1.2/../../../../nios2-elf/lib\libc.a(lib_a-stdio.o)
 .data          0x00a91798        0x0 c:/altera/12.0/nios2eds/bin/gnu/h-i686-mingw32/bin/../lib/gcc/nios2-elf/4.1.2/../../../../nios2-elf/lib\libc.a(lib_a-strcmp.o)
 .data          0x00a91798        0x0 c:/altera/12.0/nios2eds/bin/gnu/h-i686-mingw32/bin/../lib/gcc/nios2-elf/4.1.2/../../../../nios2-elf/lib\libc.a(lib_a-strlen.o)
 .data          0x00a91798        0x0 c:/altera/12.0/nios2eds/bin/gnu/h-i686-mingw32/bin/../lib/gcc/nios2-elf/4.1.2/../../../../nios2-elf/lib\libc.a(lib_a-writer.o)
 .data          0x00a91798        0x0 c:/altera/12.0/nios2eds/bin/gnu/h-i686-mingw32/bin/../lib/gcc/nios2-elf/4.1.2/../../../../nios2-elf/lib\libc.a(lib_a-callocr.o)
 .data          0x00a91798        0x0 c:/altera/12.0/nios2eds/bin/gnu/h-i686-mingw32/bin/../lib/gcc/nios2-elf/4.1.2/../../../../nios2-elf/lib\libc.a(lib_a-closer.o)
 .data          0x00a91798        0x0 c:/altera/12.0/nios2eds/bin/gnu/h-i686-mingw32/bin/../lib/gcc/nios2-elf/4.1.2/../../../../nios2-elf/lib\libc.a(lib_a-fclose.o)
 .data          0x00a91798        0x0 c:/altera/12.0/nios2eds/bin/gnu/h-i686-mingw32/bin/../lib/gcc/nios2-elf/4.1.2/../../../../nios2-elf/lib\libc.a(lib_a-fstatr.o)
 .data          0x00a91798        0x0 c:/altera/12.0/nios2eds/bin/gnu/h-i686-mingw32/bin/../lib/gcc/nios2-elf/4.1.2/../../../../nios2-elf/lib\libc.a(lib_a-int_errno.o)
 .data          0x00a91798        0x0 c:/altera/12.0/nios2eds/bin/gnu/h-i686-mingw32/bin/../lib/gcc/nios2-elf/4.1.2/../../../../nios2-elf/lib\libc.a(lib_a-isattyr.o)
 .data          0x00a91798        0x0 c:/altera/12.0/nios2eds/bin/gnu/h-i686-mingw32/bin/../lib/gcc/nios2-elf/4.1.2/../../../../nios2-elf/lib\libc.a(lib_a-lseekr.o)
 .data          0x00a91798        0x0 c:/altera/12.0/nios2eds/bin/gnu/h-i686-mingw32/bin/../lib/gcc/nios2-elf/4.1.2/../../../../nios2-elf/lib\libc.a(lib_a-readr.o)
 .data          0x00a91798        0x0 c:/altera/12.0/nios2eds/bin/gnu/h-i686-mingw32/bin/../lib/gcc/nios2-elf/4.1.2\libgcc.a(_udivdi3.o)
 .data          0x00a91798        0x0 c:/altera/12.0/nios2eds/bin/gnu/h-i686-mingw32/bin/../lib/gcc/nios2-elf/4.1.2\libgcc.a(_umoddi3.o)
 .data          0x00a91798        0x0 c:/altera/12.0/nios2eds/bin/gnu/h-i686-mingw32/bin/../lib/gcc/nios2-elf/4.1.2\libgcc.a(_addsub_df.o)
 .data          0x00a91798        0x0 c:/altera/12.0/nios2eds/bin/gnu/h-i686-mingw32/bin/../lib/gcc/nios2-elf/4.1.2\libgcc.a(_mul_df.o)
 .data          0x00a91798        0x0 c:/altera/12.0/nios2eds/bin/gnu/h-i686-mingw32/bin/../lib/gcc/nios2-elf/4.1.2\libgcc.a(_div_df.o)
 .data          0x00a91798        0x0 c:/altera/12.0/nios2eds/bin/gnu/h-i686-mingw32/bin/../lib/gcc/nios2-elf/4.1.2\libgcc.a(_eq_df.o)
 .data          0x00a91798        0x0 c:/altera/12.0/nios2eds/bin/gnu/h-i686-mingw32/bin/../lib/gcc/nios2-elf/4.1.2\libgcc.a(_ne_df.o)
 .data          0x00a91798        0x0 c:/altera/12.0/nios2eds/bin/gnu/h-i686-mingw32/bin/../lib/gcc/nios2-elf/4.1.2\libgcc.a(_gt_df.o)
 .data          0x00a91798        0x0 c:/altera/12.0/nios2eds/bin/gnu/h-i686-mingw32/bin/../lib/gcc/nios2-elf/4.1.2\libgcc.a(_ge_df.o)
 .data          0x00a91798        0x0 c:/altera/12.0/nios2eds/bin/gnu/h-i686-mingw32/bin/../lib/gcc/nios2-elf/4.1.2\libgcc.a(_lt_df.o)
 .data          0x00a91798        0x0 c:/altera/12.0/nios2eds/bin/gnu/h-i686-mingw32/bin/../lib/gcc/nios2-elf/4.1.2\libgcc.a(_si_to_df.o)
 .data          0x00a91798        0x0 c:/altera/12.0/nios2eds/bin/gnu/h-i686-mingw32/bin/../lib/gcc/nios2-elf/4.1.2\libgcc.a(_df_to_si.o)
 .data          0x00a91798        0x0 c:/altera/12.0/nios2eds/bin/gnu/h-i686-mingw32/bin/../lib/gcc/nios2-elf/4.1.2\libgcc.a(_thenan_df.o)
 .data          0x00a91798        0x0 c:/altera/12.0/nios2eds/bin/gnu/h-i686-mingw32/bin/../lib/gcc/nios2-elf/4.1.2\libgcc.a(_usi_to_df.o)
 .data          0x00a91798        0x0 c:/altera/12.0/nios2eds/bin/gnu/h-i686-mingw32/bin/../lib/gcc/nios2-elf/4.1.2\libgcc.a(lib2-divmod.o)
 .data          0x00a91798        0x0 c:/altera/12.0/nios2eds/bin/gnu/h-i686-mingw32/bin/../lib/gcc/nios2-elf/4.1.2\libgcc.a(_muldi3.o)
 .data          0x00a91798        0x0 c:/altera/12.0/nios2eds/bin/gnu/h-i686-mingw32/bin/../lib/gcc/nios2-elf/4.1.2\libgcc.a(_clz.o)
 .data          0x00a91798        0x0 c:/altera/12.0/nios2eds/bin/gnu/h-i686-mingw32/bin/../lib/gcc/nios2-elf/4.1.2\libgcc.a(_clzsi2.o)
 .data          0x00a91798        0x0 c:/altera/12.0/nios2eds/bin/gnu/h-i686-mingw32/bin/../lib/gcc/nios2-elf/4.1.2\libgcc.a(_pack_df.o)
 .data          0x00a91798        0x0 c:/altera/12.0/nios2eds/bin/gnu/h-i686-mingw32/bin/../lib/gcc/nios2-elf/4.1.2\libgcc.a(_unpack_df.o)
 .data          0x00a91798        0x0 c:/altera/12.0/nios2eds/bin/gnu/h-i686-mingw32/bin/../lib/gcc/nios2-elf/4.1.2\libgcc.a(_fpcmp_parts_df.o)
 .data          0x00a91798        0x0 ../game_bsp/\libhal_bsp.a(alt_close.o)
 .data          0x00a91798      0x1a8 ../game_bsp/\libhal_bsp.a(alt_dev.o)
                0x00a91798                alt_dev_null
                0x00a917c0                alt_fd_list
 .data          0x00a91940        0x0 ../game_bsp/\libhal_bsp.a(alt_errno.o)
 .data          0x00a91940        0x0 ../game_bsp/\libhal_bsp.a(alt_fstat.o)
 .data          0x00a91940        0x0 ../game_bsp/\libhal_bsp.a(alt_isatty.o)
 .data          0x00a91940        0x0 ../game_bsp/\libhal_bsp.a(alt_lseek.o)
 .data          0x00a91940        0x0 ../game_bsp/\libhal_bsp.a(alt_main.o)
 .data          0x00a91940        0x0 ../game_bsp/\libhal_bsp.a(alt_malloc_lock.o)
 .data          0x00a91940        0x0 ../game_bsp/\libhal_bsp.a(alt_read.o)
 .data          0x00a91940        0x0 ../game_bsp/\libhal_bsp.a(alt_release_fd.o)
 .data          0x00a91940        0x0 ../game_bsp/\libhal_bsp.a(alt_sbrk.o)
 .data          0x00a91940        0x0 ../game_bsp/\libhal_bsp.a(alt_usleep.o)
 .data          0x00a91940        0x0 ../game_bsp/\libhal_bsp.a(alt_write.o)
 .data          0x00a91940     0x131c ../game_bsp/\libhal_bsp.a(alt_sys_init.o)
 .data          0x00a92c5c        0x0 ../game_bsp/\libhal_bsp.a(altera_avalon_cfi_flash.o)
 .data          0x00a92c5c        0x0 ../game_bsp/\libhal_bsp.a(altera_avalon_cfi_flash_table.o)
 .data          0x00a92c5c        0x0 ../game_bsp/\libhal_bsp.a(altera_avalon_epcs_flash_controller.o)
 .data          0x00a92c5c        0x0 ../game_bsp/\libhal_bsp.a(altera_avalon_jtag_uart_fd.o)
 .data          0x00a92c5c        0x0 ../game_bsp/\libhal_bsp.a(altera_avalon_jtag_uart_init.o)
 .data          0x00a92c5c        0x0 ../game_bsp/\libhal_bsp.a(altera_avalon_jtag_uart_ioctl.o)
 .data          0x00a92c5c        0x0 ../game_bsp/\libhal_bsp.a(altera_avalon_jtag_uart_read.o)
 .data          0x00a92c5c        0x0 ../game_bsp/\libhal_bsp.a(altera_avalon_jtag_uart_write.o)
 .data          0x00a92c5c        0x0 ../game_bsp/\libhal_bsp.a(altera_avalon_lcd_16207.o)
 .data          0x00a92c5c        0x0 ../game_bsp/\libhal_bsp.a(altera_avalon_lcd_16207_fd.o)
 .data          0x00a92c5c        0x0 ../game_bsp/\libhal_bsp.a(altera_avalon_timer_sc.o)
 .data          0x00a92c5c        0x0 ../game_bsp/\libhal_bsp.a(epcs_commands.o)
 .data          0x00a92c5c        0x0 ../game_bsp/\libhal_bsp.a(alt_alarm_start.o)
 .data          0x00a92c5c        0x0 ../game_bsp/\libhal_bsp.a(alt_busy_sleep.o)
 .data          0x00a92c5c        0x0 ../game_bsp/\libhal_bsp.a(alt_dcache_flush.o)
 .data          0x00a92c5c        0x0 ../game_bsp/\libhal_bsp.a(alt_dev_llist_insert.o)
 .data          0x00a92c5c        0x0 ../game_bsp/\libhal_bsp.a(alt_do_ctors.o)
 .data          0x00a92c5c        0x0 ../game_bsp/\libhal_bsp.a(alt_do_dtors.o)
 .data          0x00a92c5c        0x0 ../game_bsp/\libhal_bsp.a(alt_flash_dev.o)
 .data          0x00a92c5c        0x0 ../game_bsp/\libhal_bsp.a(alt_iic.o)
 .data          0x00a92c5c        0x0 ../game_bsp/\libhal_bsp.a(alt_iic_isr_register.o)
 .data          0x00a92c5c        0x0 ../game_bsp/\libhal_bsp.a(alt_io_redirect.o)
 .data          0x00a92c5c        0x0 ../game_bsp/\libhal_bsp.a(alt_irq_entry.o)
 .data          0x00a92c5c        0x0 ../game_bsp/\libhal_bsp.a(alt_irq_handler.o)
 .data          0x00a92c5c        0x0 ../game_bsp/\libhal_bsp.a(alt_irq_vars.o)
 .data          0x00a92c5c        0x0 ../game_bsp/\libhal_bsp.a(alt_open.o)
 .data          0x00a92c5c        0x0 ../game_bsp/\libhal_bsp.a(alt_tick.o)
 .data          0x00a92c5c        0x0 ../game_bsp/\libhal_bsp.a(altera_nios2_irq.o)
 .data          0x00a92c5c        0x0 ../game_bsp/\libhal_bsp.a(altera_avalon_cfi_flash_amd.o)
 .data          0x00a92c5c        0x0 ../game_bsp/\libhal_bsp.a(altera_avalon_cfi_flash_intel.o)
 .data          0x00a92c5c        0x0 ../game_bsp/\libhal_bsp.a(altera_avalon_spi.o)
 .data          0x00a92c5c        0x0 ../game_bsp/\libhal_bsp.a(alt_exception_entry.o)
 .data          0x00a92c5c        0x0 ../game_bsp/\libhal_bsp.a(alt_find_dev.o)
 .data          0x00a92c5c        0x0 ../game_bsp/\libhal_bsp.a(alt_find_file.o)
 .data          0x00a92c5c        0x0 ../game_bsp/\libhal_bsp.a(alt_get_fd.o)
 .data          0x00a92c5c        0x0 c:/altera/12.0/nios2eds/bin/gnu/h-i686-mingw32/bin/../lib/gcc/nios2-elf/4.1.2/../../../../nios2-elf/lib\libc.a(lib_a-atexit.o)
 .data          0x00a92c5c        0x0 c:/altera/12.0/nios2eds/bin/gnu/h-i686-mingw32/bin/../lib/gcc/nios2-elf/4.1.2/../../../../nios2-elf/lib\libc.a(lib_a-ctype_.o)
 .data          0x00a92c5c        0x0 c:/altera/12.0/nios2eds/bin/gnu/h-i686-mingw32/bin/../lib/gcc/nios2-elf/4.1.2/../../../../nios2-elf/lib\libc.a(lib_a-exit.o)
 .data          0x00a92c5c        0x0 c:/altera/12.0/nios2eds/bin/gnu/h-i686-mingw32/bin/../lib/gcc/nios2-elf/4.1.2/../../../../nios2-elf/lib\libc.a(lib_a-memcmp.o)
 .data          0x00a92c5c        0x0 c:/altera/12.0/nios2eds/bin/gnu/h-i686-mingw32/bin/../lib/gcc/nios2-elf/4.1.2/../../../../nios2-elf/lib\libc.a(lib_a-__atexit.o)
 .data          0x00a92c5c        0x0 c:/altera/12.0/nios2eds/bin/gnu/h-i686-mingw32/bin/../lib/gcc/nios2-elf/4.1.2/../../../../nios2-elf/lib\libc.a(lib_a-__call_atexit.o)
 .data          0x00a92c5c        0x0 ../game_bsp/\libhal_bsp.a(alt_exit.o)
                0x00a9ac5c                _gp = ABSOLUTE ((. + 0x8000))
                0x00a9ac5c                PROVIDE (gp, _gp)
 *(.rwdata .rwdata.*)
 *(.sdata .sdata.* .gnu.linkonce.s.*)
 .sdata         0x00a92c5c        0x8 c:/altera/12.0/nios2eds/bin/gnu/h-i686-mingw32/bin/../lib/gcc/nios2-elf/4.1.2/../../../../nios2-elf/lib\libc.a(lib_a-impure.o)
                0x00a92c5c                _impure_ptr
                0x00a92c60                _global_impure_ptr
 .sdata         0x00a92c64        0x8 c:/altera/12.0/nios2eds/bin/gnu/h-i686-mingw32/bin/../lib/gcc/nios2-elf/4.1.2/../../../../nios2-elf/lib\libc.a(lib_a-locale.o)
                0x00a92c64                __mb_cur_max
 .sdata         0x00a92c6c        0x8 c:/altera/12.0/nios2eds/bin/gnu/h-i686-mingw32/bin/../lib/gcc/nios2-elf/4.1.2/../../../../nios2-elf/lib\libc.a(lib_a-mallocr.o)
                0x00a92c6c                __malloc_trim_threshold
                0x00a92c70                __malloc_sbrk_base
 .sdata         0x00a92c74       0x14 ../game_bsp/\libhal_bsp.a(alt_dev.o)
                0x00a92c74                alt_fs_list
                0x00a92c7c                alt_dev_list
                0x00a92c84                alt_max_fd
 .sdata         0x00a92c88        0x4 ../game_bsp/\libhal_bsp.a(alt_errno.o)
                0x00a92c88                alt_errno
 .sdata         0x00a92c8c        0x4 ../game_bsp/\libhal_bsp.a(alt_sbrk.o)
 .sdata         0x00a92c90        0x4 ../game_bsp/\libhal_bsp.a(altera_avalon_lcd_16207.o)
 .sdata         0x00a92c94        0x8 ../game_bsp/\libhal_bsp.a(alt_flash_dev.o)
                0x00a92c94                alt_flash_dev_list
 .sdata         0x00a92c9c        0x4 ../game_bsp/\libhal_bsp.a(alt_irq_vars.o)
                0x00a92c9c                alt_priority_mask
 .sdata         0x00a92ca0        0x8 ../game_bsp/\libhal_bsp.a(alt_tick.o)
                0x00a92ca0                alt_alarm_list
 .sdata         0x00a92ca8        0x4 c:/altera/12.0/nios2eds/bin/gnu/h-i686-mingw32/bin/../lib/gcc/nios2-elf/4.1.2/../../../../nios2-elf/lib\libc.a(lib_a-ctype_.o)
                0x00a92ca8                __ctype_ptr
 *(.sdata2 .sdata2.* .gnu.linkonce.s2.*)
                0x00a92cac                . = ALIGN (0x4)
                0x00a92cac                _edata = ABSOLUTE (.)
                0x00a92cac                PROVIDE (edata, ABSOLUTE (.))
                0x00a92cac                PROVIDE (__ram_rwdata_end, ABSOLUTE (.))
                0x00a90f84                PROVIDE (__flash_rwdata_start, LOADADDR (.rwdata))

.bss            0x00a92cac      0x2ec
                0x00a92cac                __bss_start = ABSOLUTE (.)
                0x00a92cac                PROVIDE (__sbss_start, ABSOLUTE (.))
                0x00a92cac                PROVIDE (___sbss_start, ABSOLUTE (.))
 *(.dynsbss)
 *(.sbss .sbss.* .gnu.linkonce.sb.*)
 .sbss          0x00a92cac        0xc c:/altera/12.0/nios2eds/bin/gnu/h-i686-mingw32/bin/../lib/gcc/nios2-elf/4.1.2/../../../../nios2-elf/lib\libc.a(lib_a-locale.o)
                0x00a92cac                __nlocale_changed
                0x00a92cb0                __mlocale_changed
                0x00a92cb4                _PathLocale
 .sbss          0x00a92cb8        0xc c:/altera/12.0/nios2eds/bin/gnu/h-i686-mingw32/bin/../lib/gcc/nios2-elf/4.1.2/../../../../nios2-elf/lib\libc.a(lib_a-mallocr.o)
                0x00a92cb8                __malloc_top_pad
                0x00a92cbc                __malloc_max_sbrked_mem
                0x00a92cc0                __malloc_max_total_mem
 .sbss          0x00a92cc4        0x4 c:/altera/12.0/nios2eds/bin/gnu/h-i686-mingw32/bin/../lib/gcc/nios2-elf/4.1.2/../../../../nios2-elf/lib\libc.a(lib_a-int_errno.o)
                0x00a92cc4                errno
 .sbss          0x00a92cc8        0xc ../game_bsp/\libhal_bsp.a(alt_main.o)
                0x00a92cc8                alt_argc
                0x00a92ccc                alt_argv
                0x00a92cd0                alt_envp
 .sbss          0x00a92cd4        0x4 ../game_bsp/\libhal_bsp.a(alt_irq_vars.o)
                0x00a92cd4                alt_irq_active
 .sbss          0x00a92cd8        0x8 ../game_bsp/\libhal_bsp.a(alt_tick.o)
                0x00a92cd8                _alt_tick_rate
                0x00a92cdc                _alt_nticks
 *(.sbss2 .sbss2.* .gnu.linkonce.sb2.*)
 *(.scommon)
                0x00a92ce0                PROVIDE (__sbss_end, ABSOLUTE (.))
                0x00a92ce0                PROVIDE (___sbss_end, ABSOLUTE (.))
 *(.dynbss)
 *(.bss .bss.* .gnu.linkonce.b.*)
 .bss           0x00a92ce0        0x0 ../game_bsp//obj/HAL/src/crt0.o
 .bss           0x00a92ce0        0x0 obj/default/VGA.o
 .bss           0x00a92ce0        0x0 obj/default/hello_world.o
 .bss           0x00a92ce0        0x0 c:/altera/12.0/nios2eds/bin/gnu/h-i686-mingw32/bin/../lib/gcc/nios2-elf/4.1.2/../../../../nios2-elf/lib\libc.a(lib_a-printf.o)
 .bss           0x00a92ce0        0x0 c:/altera/12.0/nios2eds/bin/gnu/h-i686-mingw32/bin/../lib/gcc/nios2-elf/4.1.2/../../../../nios2-elf/lib\libc.a(lib_a-vfprintf.o)
 .bss           0x00a92ce0        0x0 c:/altera/12.0/nios2eds/bin/gnu/h-i686-mingw32/bin/../lib/gcc/nios2-elf/4.1.2/../../../../nios2-elf/lib\libc.a(lib_a-wsetup.o)
 .bss           0x00a92ce0        0x0 c:/altera/12.0/nios2eds/bin/gnu/h-i686-mingw32/bin/../lib/gcc/nios2-elf/4.1.2/../../../../nios2-elf/lib\libc.a(lib_a-dtoa.o)
 .bss           0x00a92ce0        0x0 c:/altera/12.0/nios2eds/bin/gnu/h-i686-mingw32/bin/../lib/gcc/nios2-elf/4.1.2/../../../../nios2-elf/lib\libc.a(lib_a-fflush.o)
 .bss           0x00a92ce0        0x0 c:/altera/12.0/nios2eds/bin/gnu/h-i686-mingw32/bin/../lib/gcc/nios2-elf/4.1.2/../../../../nios2-elf/lib\libc.a(lib_a-findfp.o)
 .bss           0x00a92ce0        0x0 c:/altera/12.0/nios2eds/bin/gnu/h-i686-mingw32/bin/../lib/gcc/nios2-elf/4.1.2/../../../../nios2-elf/lib\libc.a(lib_a-freer.o)
 .bss           0x00a92ce0        0x0 c:/altera/12.0/nios2eds/bin/gnu/h-i686-mingw32/bin/../lib/gcc/nios2-elf/4.1.2/../../../../nios2-elf/lib\libc.a(lib_a-fvwrite.o)
 .bss           0x00a92ce0        0x0 c:/altera/12.0/nios2eds/bin/gnu/h-i686-mingw32/bin/../lib/gcc/nios2-elf/4.1.2/../../../../nios2-elf/lib\libc.a(lib_a-fwalk.o)
 .bss           0x00a92ce0        0x0 c:/altera/12.0/nios2eds/bin/gnu/h-i686-mingw32/bin/../lib/gcc/nios2-elf/4.1.2/../../../../nios2-elf/lib\libc.a(lib_a-impure.o)
 .bss           0x00a92ce0        0x0 c:/altera/12.0/nios2eds/bin/gnu/h-i686-mingw32/bin/../lib/gcc/nios2-elf/4.1.2/../../../../nios2-elf/lib\libc.a(lib_a-locale.o)
 .bss           0x00a92ce0        0x0 c:/altera/12.0/nios2eds/bin/gnu/h-i686-mingw32/bin/../lib/gcc/nios2-elf/4.1.2/../../../../nios2-elf/lib\libc.a(lib_a-makebuf.o)
 .bss           0x00a92ce0       0x28 c:/altera/12.0/nios2eds/bin/gnu/h-i686-mingw32/bin/../lib/gcc/nios2-elf/4.1.2/../../../../nios2-elf/lib\libc.a(lib_a-mallocr.o)
                0x00a92ce0                __malloc_current_mallinfo
 .bss           0x00a92d08        0x0 c:/altera/12.0/nios2eds/bin/gnu/h-i686-mingw32/bin/../lib/gcc/nios2-elf/4.1.2/../../../../nios2-elf/lib\libc.a(lib_a-memchr.o)
 .bss           0x00a92d08        0x0 c:/altera/12.0/nios2eds/bin/gnu/h-i686-mingw32/bin/../lib/gcc/nios2-elf/4.1.2/../../../../nios2-elf/lib\libc.a(lib_a-memcpy.o)
 .bss           0x00a92d08        0x0 c:/altera/12.0/nios2eds/bin/gnu/h-i686-mingw32/bin/../lib/gcc/nios2-elf/4.1.2/../../../../nios2-elf/lib\libc.a(lib_a-memmove.o)
 .bss           0x00a92d08        0x0 c:/altera/12.0/nios2eds/bin/gnu/h-i686-mingw32/bin/../lib/gcc/nios2-elf/4.1.2/../../../../nios2-elf/lib\libc.a(lib_a-memset.o)
 .bss           0x00a92d08        0x0 c:/altera/12.0/nios2eds/bin/gnu/h-i686-mingw32/bin/../lib/gcc/nios2-elf/4.1.2/../../../../nios2-elf/lib\libc.a(lib_a-mprec.o)
 .bss           0x00a92d08        0x0 c:/altera/12.0/nios2eds/bin/gnu/h-i686-mingw32/bin/../lib/gcc/nios2-elf/4.1.2/../../../../nios2-elf/lib\libc.a(lib_a-reallocr.o)
 .bss           0x00a92d08        0x0 c:/altera/12.0/nios2eds/bin/gnu/h-i686-mingw32/bin/../lib/gcc/nios2-elf/4.1.2/../../../../nios2-elf/lib\libc.a(lib_a-s_isinfd.o)
 .bss           0x00a92d08        0x0 c:/altera/12.0/nios2eds/bin/gnu/h-i686-mingw32/bin/../lib/gcc/nios2-elf/4.1.2/../../../../nios2-elf/lib\libc.a(lib_a-s_isnand.o)
 .bss           0x00a92d08        0x0 c:/altera/12.0/nios2eds/bin/gnu/h-i686-mingw32/bin/../lib/gcc/nios2-elf/4.1.2/../../../../nios2-elf/lib\libc.a(lib_a-sbrkr.o)
 .bss           0x00a92d08        0x0 c:/altera/12.0/nios2eds/bin/gnu/h-i686-mingw32/bin/../lib/gcc/nios2-elf/4.1.2/../../../../nios2-elf/lib\libc.a(lib_a-stdio.o)
 .bss           0x00a92d08        0x0 c:/altera/12.0/nios2eds/bin/gnu/h-i686-mingw32/bin/../lib/gcc/nios2-elf/4.1.2/../../../../nios2-elf/lib\libc.a(lib_a-strcmp.o)
 .bss           0x00a92d08        0x0 c:/altera/12.0/nios2eds/bin/gnu/h-i686-mingw32/bin/../lib/gcc/nios2-elf/4.1.2/../../../../nios2-elf/lib\libc.a(lib_a-strlen.o)
 .bss           0x00a92d08        0x0 c:/altera/12.0/nios2eds/bin/gnu/h-i686-mingw32/bin/../lib/gcc/nios2-elf/4.1.2/../../../../nios2-elf/lib\libc.a(lib_a-writer.o)
 .bss           0x00a92d08        0x0 c:/altera/12.0/nios2eds/bin/gnu/h-i686-mingw32/bin/../lib/gcc/nios2-elf/4.1.2/../../../../nios2-elf/lib\libc.a(lib_a-callocr.o)
 .bss           0x00a92d08        0x0 c:/altera/12.0/nios2eds/bin/gnu/h-i686-mingw32/bin/../lib/gcc/nios2-elf/4.1.2/../../../../nios2-elf/lib\libc.a(lib_a-closer.o)
 .bss           0x00a92d08        0x0 c:/altera/12.0/nios2eds/bin/gnu/h-i686-mingw32/bin/../lib/gcc/nios2-elf/4.1.2/../../../../nios2-elf/lib\libc.a(lib_a-fclose.o)
 .bss           0x00a92d08        0x0 c:/altera/12.0/nios2eds/bin/gnu/h-i686-mingw32/bin/../lib/gcc/nios2-elf/4.1.2/../../../../nios2-elf/lib\libc.a(lib_a-fstatr.o)
 .bss           0x00a92d08        0x0 c:/altera/12.0/nios2eds/bin/gnu/h-i686-mingw32/bin/../lib/gcc/nios2-elf/4.1.2/../../../../nios2-elf/lib\libc.a(lib_a-int_errno.o)
 .bss           0x00a92d08        0x0 c:/altera/12.0/nios2eds/bin/gnu/h-i686-mingw32/bin/../lib/gcc/nios2-elf/4.1.2/../../../../nios2-elf/lib\libc.a(lib_a-isattyr.o)
 .bss           0x00a92d08        0x0 c:/altera/12.0/nios2eds/bin/gnu/h-i686-mingw32/bin/../lib/gcc/nios2-elf/4.1.2/../../../../nios2-elf/lib\libc.a(lib_a-lseekr.o)
 .bss           0x00a92d08        0x0 c:/altera/12.0/nios2eds/bin/gnu/h-i686-mingw32/bin/../lib/gcc/nios2-elf/4.1.2/../../../../nios2-elf/lib\libc.a(lib_a-readr.o)
 .bss           0x00a92d08        0x0 c:/altera/12.0/nios2eds/bin/gnu/h-i686-mingw32/bin/../lib/gcc/nios2-elf/4.1.2\libgcc.a(_udivdi3.o)
 .bss           0x00a92d08        0x0 c:/altera/12.0/nios2eds/bin/gnu/h-i686-mingw32/bin/../lib/gcc/nios2-elf/4.1.2\libgcc.a(_umoddi3.o)
 .bss           0x00a92d08        0x0 c:/altera/12.0/nios2eds/bin/gnu/h-i686-mingw32/bin/../lib/gcc/nios2-elf/4.1.2\libgcc.a(_addsub_df.o)
 .bss           0x00a92d08        0x0 c:/altera/12.0/nios2eds/bin/gnu/h-i686-mingw32/bin/../lib/gcc/nios2-elf/4.1.2\libgcc.a(_mul_df.o)
 .bss           0x00a92d08        0x0 c:/altera/12.0/nios2eds/bin/gnu/h-i686-mingw32/bin/../lib/gcc/nios2-elf/4.1.2\libgcc.a(_div_df.o)
 .bss           0x00a92d08        0x0 c:/altera/12.0/nios2eds/bin/gnu/h-i686-mingw32/bin/../lib/gcc/nios2-elf/4.1.2\libgcc.a(_eq_df.o)
 .bss           0x00a92d08        0x0 c:/altera/12.0/nios2eds/bin/gnu/h-i686-mingw32/bin/../lib/gcc/nios2-elf/4.1.2\libgcc.a(_ne_df.o)
 .bss           0x00a92d08        0x0 c:/altera/12.0/nios2eds/bin/gnu/h-i686-mingw32/bin/../lib/gcc/nios2-elf/4.1.2\libgcc.a(_gt_df.o)
 .bss           0x00a92d08        0x0 c:/altera/12.0/nios2eds/bin/gnu/h-i686-mingw32/bin/../lib/gcc/nios2-elf/4.1.2\libgcc.a(_ge_df.o)
 .bss           0x00a92d08        0x0 c:/altera/12.0/nios2eds/bin/gnu/h-i686-mingw32/bin/../lib/gcc/nios2-elf/4.1.2\libgcc.a(_lt_df.o)
 .bss           0x00a92d08        0x0 c:/altera/12.0/nios2eds/bin/gnu/h-i686-mingw32/bin/../lib/gcc/nios2-elf/4.1.2\libgcc.a(_si_to_df.o)
 .bss           0x00a92d08        0x0 c:/altera/12.0/nios2eds/bin/gnu/h-i686-mingw32/bin/../lib/gcc/nios2-elf/4.1.2\libgcc.a(_df_to_si.o)
 .bss           0x00a92d08        0x0 c:/altera/12.0/nios2eds/bin/gnu/h-i686-mingw32/bin/../lib/gcc/nios2-elf/4.1.2\libgcc.a(_thenan_df.o)
 .bss           0x00a92d08        0x0 c:/altera/12.0/nios2eds/bin/gnu/h-i686-mingw32/bin/../lib/gcc/nios2-elf/4.1.2\libgcc.a(_usi_to_df.o)
 .bss           0x00a92d08        0x0 c:/altera/12.0/nios2eds/bin/gnu/h-i686-mingw32/bin/../lib/gcc/nios2-elf/4.1.2\libgcc.a(lib2-divmod.o)
 .bss           0x00a92d08        0x0 c:/altera/12.0/nios2eds/bin/gnu/h-i686-mingw32/bin/../lib/gcc/nios2-elf/4.1.2\libgcc.a(_muldi3.o)
 .bss           0x00a92d08        0x0 c:/altera/12.0/nios2eds/bin/gnu/h-i686-mingw32/bin/../lib/gcc/nios2-elf/4.1.2\libgcc.a(_clz.o)
 .bss           0x00a92d08        0x0 c:/altera/12.0/nios2eds/bin/gnu/h-i686-mingw32/bin/../lib/gcc/nios2-elf/4.1.2\libgcc.a(_clzsi2.o)
 .bss           0x00a92d08        0x0 c:/altera/12.0/nios2eds/bin/gnu/h-i686-mingw32/bin/../lib/gcc/nios2-elf/4.1.2\libgcc.a(_pack_df.o)
 .bss           0x00a92d08        0x0 c:/altera/12.0/nios2eds/bin/gnu/h-i686-mingw32/bin/../lib/gcc/nios2-elf/4.1.2\libgcc.a(_unpack_df.o)
 .bss           0x00a92d08        0x0 c:/altera/12.0/nios2eds/bin/gnu/h-i686-mingw32/bin/../lib/gcc/nios2-elf/4.1.2\libgcc.a(_fpcmp_parts_df.o)
 .bss           0x00a92d08        0x0 ../game_bsp/\libhal_bsp.a(alt_close.o)
 .bss           0x00a92d08        0x0 ../game_bsp/\libhal_bsp.a(alt_dev.o)
 .bss           0x00a92d08        0x0 ../game_bsp/\libhal_bsp.a(alt_errno.o)
 .bss           0x00a92d08        0x0 ../game_bsp/\libhal_bsp.a(alt_fstat.o)
 .bss           0x00a92d08        0x0 ../game_bsp/\libhal_bsp.a(alt_isatty.o)
 .bss           0x00a92d08        0x0 ../game_bsp/\libhal_bsp.a(alt_lseek.o)
 .bss           0x00a92d08        0x0 ../game_bsp/\libhal_bsp.a(alt_main.o)
 .bss           0x00a92d08        0x0 ../game_bsp/\libhal_bsp.a(alt_malloc_lock.o)
 .bss           0x00a92d08        0x0 ../game_bsp/\libhal_bsp.a(alt_read.o)
 .bss           0x00a92d08        0x0 ../game_bsp/\libhal_bsp.a(alt_release_fd.o)
 .bss           0x00a92d08        0x0 ../game_bsp/\libhal_bsp.a(alt_sbrk.o)
 .bss           0x00a92d08        0x0 ../game_bsp/\libhal_bsp.a(alt_usleep.o)
 .bss           0x00a92d08        0x0 ../game_bsp/\libhal_bsp.a(alt_write.o)
 .bss           0x00a92d08        0x0 ../game_bsp/\libhal_bsp.a(alt_sys_init.o)
 .bss           0x00a92d08        0x0 ../game_bsp/\libhal_bsp.a(altera_avalon_cfi_flash.o)
 .bss           0x00a92d08        0x0 ../game_bsp/\libhal_bsp.a(altera_avalon_cfi_flash_table.o)
 .bss           0x00a92d08        0x0 ../game_bsp/\libhal_bsp.a(altera_avalon_epcs_flash_controller.o)
 .bss           0x00a92d08        0x0 ../game_bsp/\libhal_bsp.a(altera_avalon_jtag_uart_fd.o)
 .bss           0x00a92d08        0x0 ../game_bsp/\libhal_bsp.a(altera_avalon_jtag_uart_init.o)
 .bss           0x00a92d08        0x0 ../game_bsp/\libhal_bsp.a(altera_avalon_jtag_uart_ioctl.o)
 .bss           0x00a92d08        0x0 ../game_bsp/\libhal_bsp.a(altera_avalon_jtag_uart_read.o)
 .bss           0x00a92d08        0x0 ../game_bsp/\libhal_bsp.a(altera_avalon_jtag_uart_write.o)
 .bss           0x00a92d08        0x0 ../game_bsp/\libhal_bsp.a(altera_avalon_lcd_16207.o)
 .bss           0x00a92d08        0x0 ../game_bsp/\libhal_bsp.a(altera_avalon_lcd_16207_fd.o)
 .bss           0x00a92d08        0x0 ../game_bsp/\libhal_bsp.a(altera_avalon_timer_sc.o)
 .bss           0x00a92d08        0x0 ../game_bsp/\libhal_bsp.a(epcs_commands.o)
 .bss           0x00a92d08        0x0 ../game_bsp/\libhal_bsp.a(alt_alarm_start.o)
 .bss           0x00a92d08        0x0 ../game_bsp/\libhal_bsp.a(alt_busy_sleep.o)
 .bss           0x00a92d08        0x0 ../game_bsp/\libhal_bsp.a(alt_dcache_flush.o)
 .bss           0x00a92d08        0x0 ../game_bsp/\libhal_bsp.a(alt_dev_llist_insert.o)
 .bss           0x00a92d08        0x0 ../game_bsp/\libhal_bsp.a(alt_do_ctors.o)
 .bss           0x00a92d08        0x0 ../game_bsp/\libhal_bsp.a(alt_do_dtors.o)
 .bss           0x00a92d08        0x0 ../game_bsp/\libhal_bsp.a(alt_flash_dev.o)
 .bss           0x00a92d08        0x0 ../game_bsp/\libhal_bsp.a(alt_iic.o)
 .bss           0x00a92d08        0x0 ../game_bsp/\libhal_bsp.a(alt_iic_isr_register.o)
 .bss           0x00a92d08        0x0 ../game_bsp/\libhal_bsp.a(alt_io_redirect.o)
 .bss           0x00a92d08        0x0 ../game_bsp/\libhal_bsp.a(alt_irq_entry.o)
 .bss           0x00a92d08        0x0 ../game_bsp/\libhal_bsp.a(alt_irq_handler.o)
 .bss           0x00a92d08        0x0 ../game_bsp/\libhal_bsp.a(alt_irq_vars.o)
 .bss           0x00a92d08        0x0 ../game_bsp/\libhal_bsp.a(alt_open.o)
 .bss           0x00a92d08        0x0 ../game_bsp/\libhal_bsp.a(alt_tick.o)
 .bss           0x00a92d08        0x0 ../game_bsp/\libhal_bsp.a(altera_nios2_irq.o)
 .bss           0x00a92d08        0x0 ../game_bsp/\libhal_bsp.a(altera_avalon_cfi_flash_amd.o)
 .bss           0x00a92d08        0x0 ../game_bsp/\libhal_bsp.a(altera_avalon_cfi_flash_intel.o)
 .bss           0x00a92d08        0x0 ../game_bsp/\libhal_bsp.a(altera_avalon_spi.o)
 .bss           0x00a92d08        0x0 ../game_bsp/\libhal_bsp.a(alt_exception_entry.o)
 .bss           0x00a92d08        0x0 ../game_bsp/\libhal_bsp.a(alt_find_dev.o)
 .bss           0x00a92d08        0x0 ../game_bsp/\libhal_bsp.a(alt_find_file.o)
 .bss           0x00a92d08        0x0 ../game_bsp/\libhal_bsp.a(alt_get_fd.o)
 .bss           0x00a92d08        0x0 c:/altera/12.0/nios2eds/bin/gnu/h-i686-mingw32/bin/../lib/gcc/nios2-elf/4.1.2/../../../../nios2-elf/lib\libc.a(lib_a-atexit.o)
 .bss           0x00a92d08        0x0 c:/altera/12.0/nios2eds/bin/gnu/h-i686-mingw32/bin/../lib/gcc/nios2-elf/4.1.2/../../../../nios2-elf/lib\libc.a(lib_a-ctype_.o)
 .bss           0x00a92d08        0x0 c:/altera/12.0/nios2eds/bin/gnu/h-i686-mingw32/bin/../lib/gcc/nios2-elf/4.1.2/../../../../nios2-elf/lib\libc.a(lib_a-exit.o)
 .bss           0x00a92d08        0x0 c:/altera/12.0/nios2eds/bin/gnu/h-i686-mingw32/bin/../lib/gcc/nios2-elf/4.1.2/../../../../nios2-elf/lib\libc.a(lib_a-memcmp.o)
 .bss           0x00a92d08        0x0 c:/altera/12.0/nios2eds/bin/gnu/h-i686-mingw32/bin/../lib/gcc/nios2-elf/4.1.2/../../../../nios2-elf/lib\libc.a(lib_a-__atexit.o)
 .bss           0x00a92d08        0x0 c:/altera/12.0/nios2eds/bin/gnu/h-i686-mingw32/bin/../lib/gcc/nios2-elf/4.1.2/../../../../nios2-elf/lib\libc.a(lib_a-__call_atexit.o)
 .bss           0x00a92d08        0x0 ../game_bsp/\libhal_bsp.a(alt_exit.o)
 *(COMMON)
 COMMON         0x00a92d08      0x100 ../game_bsp/\libhal_bsp.a(alt_irq_handler.o)
                0x00a92d08                alt_irq
 COMMON         0x00a92e08      0x190 c:/altera/12.0/nios2eds/bin/gnu/h-i686-mingw32/bin/../lib/gcc/nios2-elf/4.1.2/../../../../nios2-elf/lib\libc.a(lib_a-atexit.o)
                0x00a92e08                _atexit0
                0x00a92f98                . = ALIGN (0x4)
                0x00a92f98                __bss_end = ABSOLUTE (.)

.cfi_flash      0x00400020        0x0
                0x00400020                PROVIDE (_alt_partition_cfi_flash_start, ABSOLUTE (.))
 *(.cfi_flash. cfi_flash.*)
                0x00400020                . = ALIGN (0x4)
                0x00400020                PROVIDE (_alt_partition_cfi_flash_end, ABSOLUTE (.))
                0x00400020                PROVIDE (_alt_partition_cfi_flash_load_addr, LOADADDR (.cfi_flash))

.sram_16bit_512k_0
                0x00a92f98        0x0
                0x00a92f98                PROVIDE (_alt_partition_sram_16bit_512k_0_start, ABSOLUTE (.))
 *(.sram_16bit_512k_0. sram_16bit_512k_0.*)
                0x00a92f98                . = ALIGN (0x4)
                0x00a92f98                PROVIDE (_alt_partition_sram_16bit_512k_0_end, ABSOLUTE (.))
                0x00a92f98                _end = ABSOLUTE (.)
                0x00a92f98                end = ABSOLUTE (.)
                0x00a92f98                __alt_stack_base = ABSOLUTE (.)
                0x00a92f98                PROVIDE (_alt_partition_sram_16bit_512k_0_load_addr, LOADADDR (.sram_16bit_512k_0))

.onchip_memory  0x00b011b4        0x0
                0x00b011b4                PROVIDE (_alt_partition_onchip_memory_start, ABSOLUTE (.))
 *(.onchip_memory. onchip_memory.*)
                0x00b011b4                . = ALIGN (0x4)
                0x00b011b4                PROVIDE (_alt_partition_onchip_memory_end, ABSOLUTE (.))
                0x00b011b4                PROVIDE (_alt_partition_onchip_memory_load_addr, LOADADDR (.onchip_memory))

.epcs_flash_controller
                0x00b03800        0x0
                0x00b03800                PROVIDE (_alt_partition_epcs_flash_controller_start, ABSOLUTE (.))
 *(.epcs_flash_controller. epcs_flash_controller.*)
                0x00b03800                . = ALIGN (0x4)
                0x00b03800                PROVIDE (_alt_partition_epcs_flash_controller_end, ABSOLUTE (.))
                0x00b03800                PROVIDE (_alt_partition_epcs_flash_controller_load_addr, LOADADDR (.epcs_flash_controller))

.stab
 *(.stab)

.stabstr
 *(.stabstr)

.stab.excl
 *(.stab.excl)

.stab.exclstr
 *(.stab.exclstr)

.stab.index
 *(.stab.index)

.stab.indexstr
 *(.stab.indexstr)

.comment        0x00000000       0x23
 *(.comment)
 .comment       0x00000000       0x23 obj/default/VGA.o
                                 0x24 (size before relaxing)
 .comment       0x00000000       0x24 obj/default/hello_world.o
 .comment       0x00000000       0x24 c:/altera/12.0/nios2eds/bin/gnu/h-i686-mingw32/bin/../lib/gcc/nios2-elf/4.1.2/../../../../nios2-elf/lib\libc.a(lib_a-printf.o)
 .comment       0x00000000       0x24 c:/altera/12.0/nios2eds/bin/gnu/h-i686-mingw32/bin/../lib/gcc/nios2-elf/4.1.2/../../../../nios2-elf/lib\libc.a(lib_a-vfprintf.o)
 .comment       0x00000000       0x24 c:/altera/12.0/nios2eds/bin/gnu/h-i686-mingw32/bin/../lib/gcc/nios2-elf/4.1.2/../../../../nios2-elf/lib\libc.a(lib_a-wsetup.o)
 .comment       0x00000000       0x24 c:/altera/12.0/nios2eds/bin/gnu/h-i686-mingw32/bin/../lib/gcc/nios2-elf/4.1.2/../../../../nios2-elf/lib\libc.a(lib_a-dtoa.o)
 .comment       0x00000000       0x24 c:/altera/12.0/nios2eds/bin/gnu/h-i686-mingw32/bin/../lib/gcc/nios2-elf/4.1.2/../../../../nios2-elf/lib\libc.a(lib_a-fflush.o)
 .comment       0x00000000       0x24 c:/altera/12.0/nios2eds/bin/gnu/h-i686-mingw32/bin/../lib/gcc/nios2-elf/4.1.2/../../../../nios2-elf/lib\libc.a(lib_a-findfp.o)
 .comment       0x00000000       0x24 c:/altera/12.0/nios2eds/bin/gnu/h-i686-mingw32/bin/../lib/gcc/nios2-elf/4.1.2/../../../../nios2-elf/lib\libc.a(lib_a-freer.o)
 .comment       0x00000000       0x24 c:/altera/12.0/nios2eds/bin/gnu/h-i686-mingw32/bin/../lib/gcc/nios2-elf/4.1.2/../../../../nios2-elf/lib\libc.a(lib_a-fvwrite.o)
 .comment       0x00000000       0x24 c:/altera/12.0/nios2eds/bin/gnu/h-i686-mingw32/bin/../lib/gcc/nios2-elf/4.1.2/../../../../nios2-elf/lib\libc.a(lib_a-fwalk.o)
 .comment       0x00000000       0x24 c:/altera/12.0/nios2eds/bin/gnu/h-i686-mingw32/bin/../lib/gcc/nios2-elf/4.1.2/../../../../nios2-elf/lib\libc.a(lib_a-impure.o)
 .comment       0x00000000       0x24 c:/altera/12.0/nios2eds/bin/gnu/h-i686-mingw32/bin/../lib/gcc/nios2-elf/4.1.2/../../../../nios2-elf/lib\libc.a(lib_a-locale.o)
 .comment       0x00000000       0x24 c:/altera/12.0/nios2eds/bin/gnu/h-i686-mingw32/bin/../lib/gcc/nios2-elf/4.1.2/../../../../nios2-elf/lib\libc.a(lib_a-makebuf.o)
 .comment       0x00000000       0x24 c:/altera/12.0/nios2eds/bin/gnu/h-i686-mingw32/bin/../lib/gcc/nios2-elf/4.1.2/../../../../nios2-elf/lib\libc.a(lib_a-mallocr.o)
 .comment       0x00000000       0x24 c:/altera/12.0/nios2eds/bin/gnu/h-i686-mingw32/bin/../lib/gcc/nios2-elf/4.1.2/../../../../nios2-elf/lib\libc.a(lib_a-memchr.o)
 .comment       0x00000000       0x24 c:/altera/12.0/nios2eds/bin/gnu/h-i686-mingw32/bin/../lib/gcc/nios2-elf/4.1.2/../../../../nios2-elf/lib\libc.a(lib_a-memcpy.o)
 .comment       0x00000000       0x24 c:/altera/12.0/nios2eds/bin/gnu/h-i686-mingw32/bin/../lib/gcc/nios2-elf/4.1.2/../../../../nios2-elf/lib\libc.a(lib_a-memmove.o)
 .comment       0x00000000       0x24 c:/altera/12.0/nios2eds/bin/gnu/h-i686-mingw32/bin/../lib/gcc/nios2-elf/4.1.2/../../../../nios2-elf/lib\libc.a(lib_a-memset.o)
 .comment       0x00000000       0x24 c:/altera/12.0/nios2eds/bin/gnu/h-i686-mingw32/bin/../lib/gcc/nios2-elf/4.1.2/../../../../nios2-elf/lib\libc.a(lib_a-mprec.o)
 .comment       0x00000000       0x24 c:/altera/12.0/nios2eds/bin/gnu/h-i686-mingw32/bin/../lib/gcc/nios2-elf/4.1.2/../../../../nios2-elf/lib\libc.a(lib_a-reallocr.o)
 .comment       0x00000000       0x24 c:/altera/12.0/nios2eds/bin/gnu/h-i686-mingw32/bin/../lib/gcc/nios2-elf/4.1.2/../../../../nios2-elf/lib\libc.a(lib_a-s_isinfd.o)
 .comment       0x00000000       0x24 c:/altera/12.0/nios2eds/bin/gnu/h-i686-mingw32/bin/../lib/gcc/nios2-elf/4.1.2/../../../../nios2-elf/lib\libc.a(lib_a-s_isnand.o)
 .comment       0x00000000       0x24 c:/altera/12.0/nios2eds/bin/gnu/h-i686-mingw32/bin/../lib/gcc/nios2-elf/4.1.2/../../../../nios2-elf/lib\libc.a(lib_a-sbrkr.o)
 .comment       0x00000000       0x24 c:/altera/12.0/nios2eds/bin/gnu/h-i686-mingw32/bin/../lib/gcc/nios2-elf/4.1.2/../../../../nios2-elf/lib\libc.a(lib_a-stdio.o)
 .comment       0x00000000       0x24 c:/altera/12.0/nios2eds/bin/gnu/h-i686-mingw32/bin/../lib/gcc/nios2-elf/4.1.2/../../../../nios2-elf/lib\libc.a(lib_a-strcmp.o)
 .comment       0x00000000       0x24 c:/altera/12.0/nios2eds/bin/gnu/h-i686-mingw32/bin/../lib/gcc/nios2-elf/4.1.2/../../../../nios2-elf/lib\libc.a(lib_a-strlen.o)
 .comment       0x00000000       0x24 c:/altera/12.0/nios2eds/bin/gnu/h-i686-mingw32/bin/../lib/gcc/nios2-elf/4.1.2/../../../../nios2-elf/lib\libc.a(lib_a-writer.o)
 .comment       0x00000000       0x24 c:/altera/12.0/nios2eds/bin/gnu/h-i686-mingw32/bin/../lib/gcc/nios2-elf/4.1.2/../../../../nios2-elf/lib\libc.a(lib_a-callocr.o)
 .comment       0x00000000       0x24 c:/altera/12.0/nios2eds/bin/gnu/h-i686-mingw32/bin/../lib/gcc/nios2-elf/4.1.2/../../../../nios2-elf/lib\libc.a(lib_a-closer.o)
 .comment       0x00000000       0x24 c:/altera/12.0/nios2eds/bin/gnu/h-i686-mingw32/bin/../lib/gcc/nios2-elf/4.1.2/../../../../nios2-elf/lib\libc.a(lib_a-fclose.o)
 .comment       0x00000000       0x24 c:/altera/12.0/nios2eds/bin/gnu/h-i686-mingw32/bin/../lib/gcc/nios2-elf/4.1.2/../../../../nios2-elf/lib\libc.a(lib_a-fstatr.o)
 .comment       0x00000000       0x24 c:/altera/12.0/nios2eds/bin/gnu/h-i686-mingw32/bin/../lib/gcc/nios2-elf/4.1.2/../../../../nios2-elf/lib\libc.a(lib_a-int_errno.o)
 .comment       0x00000000       0x24 c:/altera/12.0/nios2eds/bin/gnu/h-i686-mingw32/bin/../lib/gcc/nios2-elf/4.1.2/../../../../nios2-elf/lib\libc.a(lib_a-isattyr.o)
 .comment       0x00000000       0x24 c:/altera/12.0/nios2eds/bin/gnu/h-i686-mingw32/bin/../lib/gcc/nios2-elf/4.1.2/../../../../nios2-elf/lib\libc.a(lib_a-lseekr.o)
 .comment       0x00000000       0x24 c:/altera/12.0/nios2eds/bin/gnu/h-i686-mingw32/bin/../lib/gcc/nios2-elf/4.1.2/../../../../nios2-elf/lib\libc.a(lib_a-readr.o)
 .comment       0x00000000       0x24 c:/altera/12.0/nios2eds/bin/gnu/h-i686-mingw32/bin/../lib/gcc/nios2-elf/4.1.2\libgcc.a(_udivdi3.o)
 .comment       0x00000000       0x24 c:/altera/12.0/nios2eds/bin/gnu/h-i686-mingw32/bin/../lib/gcc/nios2-elf/4.1.2\libgcc.a(_umoddi3.o)
 .comment       0x00000000       0x24 c:/altera/12.0/nios2eds/bin/gnu/h-i686-mingw32/bin/../lib/gcc/nios2-elf/4.1.2\libgcc.a(_addsub_df.o)
 .comment       0x00000000       0x24 c:/altera/12.0/nios2eds/bin/gnu/h-i686-mingw32/bin/../lib/gcc/nios2-elf/4.1.2\libgcc.a(_mul_df.o)
 .comment       0x00000000       0x24 c:/altera/12.0/nios2eds/bin/gnu/h-i686-mingw32/bin/../lib/gcc/nios2-elf/4.1.2\libgcc.a(_div_df.o)
 .comment       0x00000000       0x24 c:/altera/12.0/nios2eds/bin/gnu/h-i686-mingw32/bin/../lib/gcc/nios2-elf/4.1.2\libgcc.a(_eq_df.o)
 .comment       0x00000000       0x24 c:/altera/12.0/nios2eds/bin/gnu/h-i686-mingw32/bin/../lib/gcc/nios2-elf/4.1.2\libgcc.a(_ne_df.o)
 .comment       0x00000000       0x24 c:/altera/12.0/nios2eds/bin/gnu/h-i686-mingw32/bin/../lib/gcc/nios2-elf/4.1.2\libgcc.a(_gt_df.o)
 .comment       0x00000000       0x24 c:/altera/12.0/nios2eds/bin/gnu/h-i686-mingw32/bin/../lib/gcc/nios2-elf/4.1.2\libgcc.a(_ge_df.o)
 .comment       0x00000000       0x24 c:/altera/12.0/nios2eds/bin/gnu/h-i686-mingw32/bin/../lib/gcc/nios2-elf/4.1.2\libgcc.a(_lt_df.o)
 .comment       0x00000000       0x24 c:/altera/12.0/nios2eds/bin/gnu/h-i686-mingw32/bin/../lib/gcc/nios2-elf/4.1.2\libgcc.a(_si_to_df.o)
 .comment       0x00000000       0x24 c:/altera/12.0/nios2eds/bin/gnu/h-i686-mingw32/bin/../lib/gcc/nios2-elf/4.1.2\libgcc.a(_df_to_si.o)
 .comment       0x00000000       0x24 c:/altera/12.0/nios2eds/bin/gnu/h-i686-mingw32/bin/../lib/gcc/nios2-elf/4.1.2\libgcc.a(_thenan_df.o)
 .comment       0x00000000       0x24 c:/altera/12.0/nios2eds/bin/gnu/h-i686-mingw32/bin/../lib/gcc/nios2-elf/4.1.2\libgcc.a(_usi_to_df.o)
 .comment       0x00000000       0x24 c:/altera/12.0/nios2eds/bin/gnu/h-i686-mingw32/bin/../lib/gcc/nios2-elf/4.1.2\libgcc.a(lib2-divmod.o)
 .comment       0x00000000       0x24 c:/altera/12.0/nios2eds/bin/gnu/h-i686-mingw32/bin/../lib/gcc/nios2-elf/4.1.2\libgcc.a(_muldi3.o)
 .comment       0x00000000       0x24 c:/altera/12.0/nios2eds/bin/gnu/h-i686-mingw32/bin/../lib/gcc/nios2-elf/4.1.2\libgcc.a(_clz.o)
 .comment       0x00000000       0x24 c:/altera/12.0/nios2eds/bin/gnu/h-i686-mingw32/bin/../lib/gcc/nios2-elf/4.1.2\libgcc.a(_clzsi2.o)
 .comment       0x00000000       0x24 c:/altera/12.0/nios2eds/bin/gnu/h-i686-mingw32/bin/../lib/gcc/nios2-elf/4.1.2\libgcc.a(_pack_df.o)
 .comment       0x00000000       0x24 c:/altera/12.0/nios2eds/bin/gnu/h-i686-mingw32/bin/../lib/gcc/nios2-elf/4.1.2\libgcc.a(_unpack_df.o)
 .comment       0x00000000       0x24 c:/altera/12.0/nios2eds/bin/gnu/h-i686-mingw32/bin/../lib/gcc/nios2-elf/4.1.2\libgcc.a(_fpcmp_parts_df.o)
 .comment       0x00000000       0x24 ../game_bsp/\libhal_bsp.a(alt_close.o)
 .comment       0x00000000       0x24 ../game_bsp/\libhal_bsp.a(alt_dev.o)
 .comment       0x00000000       0x24 ../game_bsp/\libhal_bsp.a(alt_errno.o)
 .comment       0x00000000       0x24 ../game_bsp/\libhal_bsp.a(alt_fstat.o)
 .comment       0x00000000       0x24 ../game_bsp/\libhal_bsp.a(alt_isatty.o)
 .comment       0x00000000       0x24 ../game_bsp/\libhal_bsp.a(alt_lseek.o)
 .comment       0x00000000       0x24 ../game_bsp/\libhal_bsp.a(alt_main.o)
 .comment       0x00000000       0x24 ../game_bsp/\libhal_bsp.a(alt_malloc_lock.o)
 .comment       0x00000000       0x24 ../game_bsp/\libhal_bsp.a(alt_read.o)
 .comment       0x00000000       0x24 ../game_bsp/\libhal_bsp.a(alt_release_fd.o)
 .comment       0x00000000       0x24 ../game_bsp/\libhal_bsp.a(alt_sbrk.o)
 .comment       0x00000000       0x24 ../game_bsp/\libhal_bsp.a(alt_usleep.o)
 .comment       0x00000000       0x24 ../game_bsp/\libhal_bsp.a(alt_write.o)
 .comment       0x00000000       0x24 ../game_bsp/\libhal_bsp.a(alt_sys_init.o)
 .comment       0x00000000       0x24 ../game_bsp/\libhal_bsp.a(altera_avalon_cfi_flash.o)
 .comment       0x00000000       0x24 ../game_bsp/\libhal_bsp.a(altera_avalon_cfi_flash_table.o)
 .comment       0x00000000       0x24 ../game_bsp/\libhal_bsp.a(altera_avalon_epcs_flash_controller.o)
 .comment       0x00000000       0x24 ../game_bsp/\libhal_bsp.a(altera_avalon_jtag_uart_fd.o)
 .comment       0x00000000       0x24 ../game_bsp/\libhal_bsp.a(altera_avalon_jtag_uart_init.o)
 .comment       0x00000000       0x24 ../game_bsp/\libhal_bsp.a(altera_avalon_jtag_uart_ioctl.o)
 .comment       0x00000000       0x24 ../game_bsp/\libhal_bsp.a(altera_avalon_jtag_uart_read.o)
 .comment       0x00000000       0x24 ../game_bsp/\libhal_bsp.a(altera_avalon_jtag_uart_write.o)
 .comment       0x00000000       0x24 ../game_bsp/\libhal_bsp.a(altera_avalon_lcd_16207.o)
 .comment       0x00000000       0x24 ../game_bsp/\libhal_bsp.a(altera_avalon_lcd_16207_fd.o)
 .comment       0x00000000       0x24 ../game_bsp/\libhal_bsp.a(altera_avalon_timer_sc.o)
 .comment       0x00000000       0x24 ../game_bsp/\libhal_bsp.a(epcs_commands.o)
 .comment       0x00000000       0x24 ../game_bsp/\libhal_bsp.a(alt_alarm_start.o)
 .comment       0x00000000       0x24 ../game_bsp/\libhal_bsp.a(alt_busy_sleep.o)
 .comment       0x00000000       0x24 ../game_bsp/\libhal_bsp.a(alt_dcache_flush.o)
 .comment       0x00000000       0x24 ../game_bsp/\libhal_bsp.a(alt_dev_llist_insert.o)
 .comment       0x00000000       0x24 ../game_bsp/\libhal_bsp.a(alt_do_ctors.o)
 .comment       0x00000000       0x24 ../game_bsp/\libhal_bsp.a(alt_do_dtors.o)
 .comment       0x00000000       0x24 ../game_bsp/\libhal_bsp.a(alt_flash_dev.o)
 .comment       0x00000000       0x24 ../game_bsp/\libhal_bsp.a(alt_iic.o)
 .comment       0x00000000       0x24 ../game_bsp/\libhal_bsp.a(alt_iic_isr_register.o)
 .comment       0x00000000       0x24 ../game_bsp/\libhal_bsp.a(alt_io_redirect.o)
 .comment       0x00000000       0x24 ../game_bsp/\libhal_bsp.a(alt_irq_handler.o)
 .comment       0x00000000       0x24 ../game_bsp/\libhal_bsp.a(alt_irq_vars.o)
 .comment       0x00000000       0x24 ../game_bsp/\libhal_bsp.a(alt_open.o)
 .comment       0x00000000       0x24 ../game_bsp/\libhal_bsp.a(alt_tick.o)
 .comment       0x00000000       0x24 ../game_bsp/\libhal_bsp.a(altera_nios2_irq.o)
 .comment       0x00000000       0x24 ../game_bsp/\libhal_bsp.a(altera_avalon_cfi_flash_amd.o)
 .comment       0x00000000       0x24 ../game_bsp/\libhal_bsp.a(altera_avalon_cfi_flash_intel.o)
 .comment       0x00000000       0x24 ../game_bsp/\libhal_bsp.a(altera_avalon_spi.o)
 .comment       0x00000000       0x24 ../game_bsp/\libhal_bsp.a(alt_find_dev.o)
 .comment       0x00000000       0x24 ../game_bsp/\libhal_bsp.a(alt_find_file.o)
 .comment       0x00000000       0x24 ../game_bsp/\libhal_bsp.a(alt_get_fd.o)
 .comment       0x00000000       0x24 c:/altera/12.0/nios2eds/bin/gnu/h-i686-mingw32/bin/../lib/gcc/nios2-elf/4.1.2/../../../../nios2-elf/lib\libc.a(lib_a-atexit.o)
 .comment       0x00000000       0x24 c:/altera/12.0/nios2eds/bin/gnu/h-i686-mingw32/bin/../lib/gcc/nios2-elf/4.1.2/../../../../nios2-elf/lib\libc.a(lib_a-ctype_.o)
 .comment       0x00000000       0x24 c:/altera/12.0/nios2eds/bin/gnu/h-i686-mingw32/bin/../lib/gcc/nios2-elf/4.1.2/../../../../nios2-elf/lib\libc.a(lib_a-exit.o)
 .comment       0x00000000       0x24 c:/altera/12.0/nios2eds/bin/gnu/h-i686-mingw32/bin/../lib/gcc/nios2-elf/4.1.2/../../../../nios2-elf/lib\libc.a(lib_a-memcmp.o)
 .comment       0x00000000       0x24 c:/altera/12.0/nios2eds/bin/gnu/h-i686-mingw32/bin/../lib/gcc/nios2-elf/4.1.2/../../../../nios2-elf/lib\libc.a(lib_a-__atexit.o)
 .comment       0x00000000       0x24 c:/altera/12.0/nios2eds/bin/gnu/h-i686-mingw32/bin/../lib/gcc/nios2-elf/4.1.2/../../../../nios2-elf/lib\libc.a(lib_a-__call_atexit.o)
 .comment       0x00000000       0x24 ../game_bsp/\libhal_bsp.a(alt_exit.o)

.debug
 *(.debug)

.line
 *(.line)

.debug_srcinfo
 *(.debug_srcinfo)

.debug_sfnames
 *(.debug_sfnames)

.debug_aranges  0x00000000      0xd90
 *(.debug_aranges)
 .debug_aranges
                0x00000000       0x20 ../game_bsp//obj/HAL/src/crt0.o
 .debug_aranges
                0x00000020       0x20 obj/default/VGA.o
 .debug_aranges
                0x00000040       0x20 obj/default/hello_world.o
 .debug_aranges
                0x00000060       0x20 c:/altera/12.0/nios2eds/bin/gnu/h-i686-mingw32/bin/../lib/gcc/nios2-elf/4.1.2/../../../../nios2-elf/lib\libc.a(lib_a-printf.o)
 .debug_aranges
                0x00000080       0x20 c:/altera/12.0/nios2eds/bin/gnu/h-i686-mingw32/bin/../lib/gcc/nios2-elf/4.1.2/../../../../nios2-elf/lib\libc.a(lib_a-vfprintf.o)
 .debug_aranges
                0x000000a0       0x20 c:/altera/12.0/nios2eds/bin/gnu/h-i686-mingw32/bin/../lib/gcc/nios2-elf/4.1.2/../../../../nios2-elf/lib\libc.a(lib_a-wsetup.o)
 .debug_aranges
                0x000000c0       0x20 c:/altera/12.0/nios2eds/bin/gnu/h-i686-mingw32/bin/../lib/gcc/nios2-elf/4.1.2/../../../../nios2-elf/lib\libc.a(lib_a-dtoa.o)
 .debug_aranges
                0x000000e0       0x20 c:/altera/12.0/nios2eds/bin/gnu/h-i686-mingw32/bin/../lib/gcc/nios2-elf/4.1.2/../../../../nios2-elf/lib\libc.a(lib_a-fflush.o)
 .debug_aranges
                0x00000100       0x20 c:/altera/12.0/nios2eds/bin/gnu/h-i686-mingw32/bin/../lib/gcc/nios2-elf/4.1.2/../../../../nios2-elf/lib\libc.a(lib_a-findfp.o)
 .debug_aranges
                0x00000120       0x20 c:/altera/12.0/nios2eds/bin/gnu/h-i686-mingw32/bin/../lib/gcc/nios2-elf/4.1.2/../../../../nios2-elf/lib\libc.a(lib_a-freer.o)
 .debug_aranges
                0x00000140       0x20 c:/altera/12.0/nios2eds/bin/gnu/h-i686-mingw32/bin/../lib/gcc/nios2-elf/4.1.2/../../../../nios2-elf/lib\libc.a(lib_a-fvwrite.o)
 .debug_aranges
                0x00000160       0x20 c:/altera/12.0/nios2eds/bin/gnu/h-i686-mingw32/bin/../lib/gcc/nios2-elf/4.1.2/../../../../nios2-elf/lib\libc.a(lib_a-fwalk.o)
 .debug_aranges
                0x00000180       0x20 c:/altera/12.0/nios2eds/bin/gnu/h-i686-mingw32/bin/../lib/gcc/nios2-elf/4.1.2/../../../../nios2-elf/lib\libc.a(lib_a-locale.o)
 .debug_aranges
                0x000001a0       0x20 c:/altera/12.0/nios2eds/bin/gnu/h-i686-mingw32/bin/../lib/gcc/nios2-elf/4.1.2/../../../../nios2-elf/lib\libc.a(lib_a-makebuf.o)
 .debug_aranges
                0x000001c0       0x20 c:/altera/12.0/nios2eds/bin/gnu/h-i686-mingw32/bin/../lib/gcc/nios2-elf/4.1.2/../../../../nios2-elf/lib\libc.a(lib_a-mallocr.o)
 .debug_aranges
                0x000001e0       0x20 c:/altera/12.0/nios2eds/bin/gnu/h-i686-mingw32/bin/../lib/gcc/nios2-elf/4.1.2/../../../../nios2-elf/lib\libc.a(lib_a-memchr.o)
 .debug_aranges
                0x00000200       0x20 c:/altera/12.0/nios2eds/bin/gnu/h-i686-mingw32/bin/../lib/gcc/nios2-elf/4.1.2/../../../../nios2-elf/lib\libc.a(lib_a-memcpy.o)
 .debug_aranges
                0x00000220       0x20 c:/altera/12.0/nios2eds/bin/gnu/h-i686-mingw32/bin/../lib/gcc/nios2-elf/4.1.2/../../../../nios2-elf/lib\libc.a(lib_a-memmove.o)
 .debug_aranges
                0x00000240       0x20 c:/altera/12.0/nios2eds/bin/gnu/h-i686-mingw32/bin/../lib/gcc/nios2-elf/4.1.2/../../../../nios2-elf/lib\libc.a(lib_a-memset.o)
 .debug_aranges
                0x00000260       0x20 c:/altera/12.0/nios2eds/bin/gnu/h-i686-mingw32/bin/../lib/gcc/nios2-elf/4.1.2/../../../../nios2-elf/lib\libc.a(lib_a-mprec.o)
 .debug_aranges
                0x00000280       0x20 c:/altera/12.0/nios2eds/bin/gnu/h-i686-mingw32/bin/../lib/gcc/nios2-elf/4.1.2/../../../../nios2-elf/lib\libc.a(lib_a-reallocr.o)
 .debug_aranges
                0x000002a0       0x20 c:/altera/12.0/nios2eds/bin/gnu/h-i686-mingw32/bin/../lib/gcc/nios2-elf/4.1.2/../../../../nios2-elf/lib\libc.a(lib_a-s_isinfd.o)
 .debug_aranges
                0x000002c0       0x20 c:/altera/12.0/nios2eds/bin/gnu/h-i686-mingw32/bin/../lib/gcc/nios2-elf/4.1.2/../../../../nios2-elf/lib\libc.a(lib_a-s_isnand.o)
 .debug_aranges
                0x000002e0       0x20 c:/altera/12.0/nios2eds/bin/gnu/h-i686-mingw32/bin/../lib/gcc/nios2-elf/4.1.2/../../../../nios2-elf/lib\libc.a(lib_a-sbrkr.o)
 .debug_aranges
                0x00000300       0x20 c:/altera/12.0/nios2eds/bin/gnu/h-i686-mingw32/bin/../lib/gcc/nios2-elf/4.1.2/../../../../nios2-elf/lib\libc.a(lib_a-stdio.o)
 .debug_aranges
                0x00000320       0x20 c:/altera/12.0/nios2eds/bin/gnu/h-i686-mingw32/bin/../lib/gcc/nios2-elf/4.1.2/../../../../nios2-elf/lib\libc.a(lib_a-strcmp.o)
 .debug_aranges
                0x00000340       0x20 c:/altera/12.0/nios2eds/bin/gnu/h-i686-mingw32/bin/../lib/gcc/nios2-elf/4.1.2/../../../../nios2-elf/lib\libc.a(lib_a-strlen.o)
 .debug_aranges
                0x00000360       0x20 c:/altera/12.0/nios2eds/bin/gnu/h-i686-mingw32/bin/../lib/gcc/nios2-elf/4.1.2/../../../../nios2-elf/lib\libc.a(lib_a-writer.o)
 .debug_aranges
                0x00000380       0x20 c:/altera/12.0/nios2eds/bin/gnu/h-i686-mingw32/bin/../lib/gcc/nios2-elf/4.1.2/../../../../nios2-elf/lib\libc.a(lib_a-callocr.o)
 .debug_aranges
                0x000003a0       0x20 c:/altera/12.0/nios2eds/bin/gnu/h-i686-mingw32/bin/../lib/gcc/nios2-elf/4.1.2/../../../../nios2-elf/lib\libc.a(lib_a-closer.o)
 .debug_aranges
                0x000003c0       0x20 c:/altera/12.0/nios2eds/bin/gnu/h-i686-mingw32/bin/../lib/gcc/nios2-elf/4.1.2/../../../../nios2-elf/lib\libc.a(lib_a-fclose.o)
 .debug_aranges
                0x000003e0       0x20 c:/altera/12.0/nios2eds/bin/gnu/h-i686-mingw32/bin/../lib/gcc/nios2-elf/4.1.2/../../../../nios2-elf/lib\libc.a(lib_a-fstatr.o)
 .debug_aranges
                0x00000400       0x20 c:/altera/12.0/nios2eds/bin/gnu/h-i686-mingw32/bin/../lib/gcc/nios2-elf/4.1.2/../../../../nios2-elf/lib\libc.a(lib_a-isattyr.o)
 .debug_aranges
                0x00000420       0x20 c:/altera/12.0/nios2eds/bin/gnu/h-i686-mingw32/bin/../lib/gcc/nios2-elf/4.1.2/../../../../nios2-elf/lib\libc.a(lib_a-lseekr.o)
 .debug_aranges
                0x00000440       0x20 c:/altera/12.0/nios2eds/bin/gnu/h-i686-mingw32/bin/../lib/gcc/nios2-elf/4.1.2/../../../../nios2-elf/lib\libc.a(lib_a-readr.o)
 .debug_aranges
                0x00000460       0x20 c:/altera/12.0/nios2eds/bin/gnu/h-i686-mingw32/bin/../lib/gcc/nios2-elf/4.1.2\libgcc.a(_udivdi3.o)
 .debug_aranges
                0x00000480       0x20 c:/altera/12.0/nios2eds/bin/gnu/h-i686-mingw32/bin/../lib/gcc/nios2-elf/4.1.2\libgcc.a(_umoddi3.o)
 .debug_aranges
                0x000004a0       0x20 c:/altera/12.0/nios2eds/bin/gnu/h-i686-mingw32/bin/../lib/gcc/nios2-elf/4.1.2\libgcc.a(_addsub_df.o)
 .debug_aranges
                0x000004c0       0x20 c:/altera/12.0/nios2eds/bin/gnu/h-i686-mingw32/bin/../lib/gcc/nios2-elf/4.1.2\libgcc.a(_mul_df.o)
 .debug_aranges
                0x000004e0       0x20 c:/altera/12.0/nios2eds/bin/gnu/h-i686-mingw32/bin/../lib/gcc/nios2-elf/4.1.2\libgcc.a(_div_df.o)
 .debug_aranges
                0x00000500       0x20 c:/altera/12.0/nios2eds/bin/gnu/h-i686-mingw32/bin/../lib/gcc/nios2-elf/4.1.2\libgcc.a(_eq_df.o)
 .debug_aranges
                0x00000520       0x20 c:/altera/12.0/nios2eds/bin/gnu/h-i686-mingw32/bin/../lib/gcc/nios2-elf/4.1.2\libgcc.a(_ne_df.o)
 .debug_aranges
                0x00000540       0x20 c:/altera/12.0/nios2eds/bin/gnu/h-i686-mingw32/bin/../lib/gcc/nios2-elf/4.1.2\libgcc.a(_gt_df.o)
 .debug_aranges
                0x00000560       0x20 c:/altera/12.0/nios2eds/bin/gnu/h-i686-mingw32/bin/../lib/gcc/nios2-elf/4.1.2\libgcc.a(_ge_df.o)
 .debug_aranges
                0x00000580       0x20 c:/altera/12.0/nios2eds/bin/gnu/h-i686-mingw32/bin/../lib/gcc/nios2-elf/4.1.2\libgcc.a(_lt_df.o)
 .debug_aranges
                0x000005a0       0x20 c:/altera/12.0/nios2eds/bin/gnu/h-i686-mingw32/bin/../lib/gcc/nios2-elf/4.1.2\libgcc.a(_si_to_df.o)
 .debug_aranges
                0x000005c0       0x20 c:/altera/12.0/nios2eds/bin/gnu/h-i686-mingw32/bin/../lib/gcc/nios2-elf/4.1.2\libgcc.a(_df_to_si.o)
 .debug_aranges
                0x000005e0       0x20 c:/altera/12.0/nios2eds/bin/gnu/h-i686-mingw32/bin/../lib/gcc/nios2-elf/4.1.2\libgcc.a(_usi_to_df.o)
 .debug_aranges
                0x00000600       0x20 c:/altera/12.0/nios2eds/bin/gnu/h-i686-mingw32/bin/../lib/gcc/nios2-elf/4.1.2\libgcc.a(lib2-divmod.o)
 .debug_aranges
                0x00000620       0x20 c:/altera/12.0/nios2eds/bin/gnu/h-i686-mingw32/bin/../lib/gcc/nios2-elf/4.1.2\libgcc.a(_muldi3.o)
 .debug_aranges
                0x00000640       0x20 c:/altera/12.0/nios2eds/bin/gnu/h-i686-mingw32/bin/../lib/gcc/nios2-elf/4.1.2\libgcc.a(_clzsi2.o)
 .debug_aranges
                0x00000660       0x20 c:/altera/12.0/nios2eds/bin/gnu/h-i686-mingw32/bin/../lib/gcc/nios2-elf/4.1.2\libgcc.a(_pack_df.o)
 .debug_aranges
                0x00000680       0x20 c:/altera/12.0/nios2eds/bin/gnu/h-i686-mingw32/bin/../lib/gcc/nios2-elf/4.1.2\libgcc.a(_unpack_df.o)
 .debug_aranges
                0x000006a0       0x20 c:/altera/12.0/nios2eds/bin/gnu/h-i686-mingw32/bin/../lib/gcc/nios2-elf/4.1.2\libgcc.a(_fpcmp_parts_df.o)
 .debug_aranges
                0x000006c0       0x20 ../game_bsp/\libhal_bsp.a(alt_close.o)
 .debug_aranges
                0x000006e0       0x20 ../game_bsp/\libhal_bsp.a(alt_dev.o)
 .debug_aranges
                0x00000700       0x20 ../game_bsp/\libhal_bsp.a(alt_fstat.o)
 .debug_aranges
                0x00000720       0x20 ../game_bsp/\libhal_bsp.a(alt_isatty.o)
 .debug_aranges
                0x00000740       0x20 ../game_bsp/\libhal_bsp.a(alt_lseek.o)
 .debug_aranges
                0x00000760       0x20 ../game_bsp/\libhal_bsp.a(alt_main.o)
 .debug_aranges